[01Oct2026 06:40:58.021] [Render thread/INFO] [magnetization/guide-audit/]: GUIDE_SWEEP_START pass=0 locale=en_us guiScale=2 entries=89 pages=241
[01Oct2026 06:40:58.652] [Render thread/WARN] [magnetization/guide-audit/]: GUIDE_LAYOUT_UNDERSIZED entry=magnetization:advanced/armor_tools page=3 scale=0.70731705
[01Oct2026 06:41:01.485] [Render thread/WARN] [magnetization/guide-audit/]: GUIDE_LAYOUT_UNDERSIZED entry=magnetization:advanced/compatibility page=8 scale=0.82857144
[01Oct2026 06:41:02.862] [Render thread/INFO] [magnetization/guide-audit/]: GUIDE_LINK_PASS source=magnetization:advanced/configuration page=4 destination=magnetization:basics/manual_access
[01Oct2026 06:41:03.224] [Render thread/INFO] [magnetization/guide-audit/]: GUIDE_LINK_PASS source=magnetization:advanced/cosmic_compass page=1 destination=magnetization:advanced/meteorite_core
[01Oct2026 06:41:04.265] [Render thread/INFO] [magnetization/guide-audit/]: GUIDE_LINK_PASS source=magnetization:advanced/fe_rf_power page=1 destination=magnetization:advanced/configuration
[01Oct2026 06:41:04.266] [Render thread/INFO] [magnetization/guide-audit/]: GUIDE_LINK_PASS source=magnetization:advanced/fe_rf_power page=2 destination=magnetization:advanced/configuration
[01Oct2026 06:41:06.370] [Render thread/WARN] [magnetization/guide-audit/]: GUIDE_LAYOUT_UNDERSIZED entry=magnetization:advanced/hematite_lens page=3 scale=0.82857144
[01Oct2026 06:41:07.067] [Render thread/WARN] [magnetization/guide-audit/]: GUIDE_LAYOUT_UNDERSIZED entry=magnetization:advanced/imprint_module page=3 scale=0.61702126
[01Oct2026 06:41:07.770] [Render thread/WARN] [magnetization/guide-audit/]: GUIDE_LAYOUT_UNDERSIZED entry=magnetization:advanced/magnet_burning page=1 scale=0.8405797
[01Oct2026 06:41:07.770] [Render thread/INFO] [magnetization/guide-audit/]: GUIDE_LINK_PASS source=magnetization:advanced/magnet_burning page=1 destination=magnetization:ships/homopolar_motor
[01Oct2026 06:41:08.807] [Render thread/INFO] [magnetization/guide-audit/]: GUIDE_LINK_PASS source=magnetization:advanced/magnetic_elytra page=3 destination=magnetization:basics/polarity
[01Oct2026 06:41:10.905] [Render thread/INFO] [magnetization/guide-audit/]: GUIDE_LINK_PASS source=magnetization:advanced/meteorite_fragment page=1 destination=magnetization:advanced/meteorite_core
[01Oct2026 06:41:11.608] [Render thread/INFO] [magnetization/guide-audit/]: GUIDE_LINK_PASS source=magnetization:advanced/meteorite_sapling page=1 destination=magnetization:advanced/meteorite_core
[01Oct2026 06:41:13.005] [Render thread/WARN] [magnetization/guide-audit/]: GUIDE_LAYOUT_UNDERSIZED entry=magnetization:advanced/mr_fluid_golem page=1 scale=0.8055556
[01Oct2026 06:41:14.077] [Render thread/INFO] [magnetization/guide-audit/]: GUIDE_LINK_PASS source=magnetization:advanced/pyrrhotite_block page=3 destination=magnetization:advanced/pyrrhotite_catalyst
[01Oct2026 06:41:17.224] [Render thread/INFO] [magnetization/guide-audit/]: GUIDE_LINK_PASS source=magnetization:advanced/tokamak page=4 destination=magnetization:advanced/deuterium_oxide
[01Oct2026 06:41:18.964] [Render thread/WARN] [magnetization/guide-audit/]: GUIDE_LAYOUT_UNDERSIZED entry=magnetization:basics/anomaly_terrain page=10 scale=0.725
[01Oct2026 06:41:21.775] [Render thread/WARN] [magnetization/guide-audit/]: GUIDE_LAYOUT_UNDERSIZED entry=magnetization:basics/iron_oxide_family page=11 scale=0.7733333
[01Oct2026 06:41:22.816] [Render thread/INFO] [magnetization/guide-audit/]: GUIDE_LINK_PASS source=magnetization:basics/magnetite page=1 destination=magnetization:basics/ferromagnetic_ingot
[01Oct2026 06:41:31.926] [Render thread/INFO] [magnetization/guide-audit/]: GUIDE_LINK_PASS source=magnetization:fluids/fusion_fuels page=5 destination=magnetization:ships/fusion_thruster
[01Oct2026 06:41:31.927] [Render thread/INFO] [magnetization/guide-audit/]: GUIDE_LINK_PASS source=magnetization:fluids/fusion_fuels page=5 destination=magnetization:advanced/deuterium_oxide
[01Oct2026 06:41:31.928] [Render thread/INFO] [magnetization/guide-audit/]: GUIDE_LINK_PASS source=magnetization:fluids/fusion_fuels page=6 destination=magnetization:advanced/tokamak
[01Oct2026 06:41:32.261] [Render thread/WARN] [magnetization/guide-audit/]: GUIDE_LAYOUT_UNDERSIZED entry=magnetization:fluids/fusion_fuels page=7 scale=0.8405797
[01Oct2026 06:41:46.622] [Render thread/INFO] [magnetization/guide-audit/]: GUIDE_LINK_PASS source=magnetization:ships/micro_thruster page=1 destination=magnetization:advanced/ferrofluid
[01Oct2026 06:41:46.623] [Render thread/INFO] [magnetization/guide-audit/]: GUIDE_LINK_PASS source=magnetization:ships/micro_thruster page=1 destination=magnetization:advanced/magnetized_ferrofluid
[01Oct2026 06:41:46.956] [Render thread/INFO] [magnetization/guide-audit/]: GUIDE_LINK_PASS source=magnetization:ships/propulsion page=1 destination=magnetization:ships/ship_polarity
[01Oct2026 06:41:47.324] [Render thread/WARN] [magnetization/guide-audit/]: GUIDE_LAYOUT_UNDERSIZED entry=magnetization:ships/railgun page=2 scale=0.82857144
[01Oct2026 06:41:49.132] [Render thread/INFO] [magnetization/guide-audit/]: GUIDE_SWEEP_START pass=1 locale=en_us guiScale=3 entries=89 pages=241
[01Oct2026 06:41:49.758] [Render thread/WARN] [magnetization/guide-audit/]: GUIDE_LAYOUT_UNDERSIZED entry=magnetization:advanced/armor_tools page=3 scale=0.70731705
[01Oct2026 06:41:52.571] [Render thread/WARN] [magnetization/guide-audit/]: GUIDE_LAYOUT_UNDERSIZED entry=magnetization:advanced/compatibility page=8 scale=0.82857144
[01Oct2026 06:41:57.459] [Render thread/WARN] [magnetization/guide-audit/]: GUIDE_LAYOUT_UNDERSIZED entry=magnetization:advanced/hematite_lens page=3 scale=0.82857144
[01Oct2026 06:41:58.163] [Render thread/WARN] [magnetization/guide-audit/]: GUIDE_LAYOUT_UNDERSIZED entry=magnetization:advanced/imprint_module page=3 scale=0.61702126
[01Oct2026 06:41:58.865] [Render thread/WARN] [magnetization/guide-audit/]: GUIDE_LAYOUT_UNDERSIZED entry=magnetization:advanced/magnet_burning page=1 scale=0.8405797
[01Oct2026 06:42:04.122] [Render thread/WARN] [magnetization/guide-audit/]: GUIDE_LAYOUT_UNDERSIZED entry=magnetization:advanced/mr_fluid_golem page=1 scale=0.8055556
[01Oct2026 06:42:10.055] [Render thread/WARN] [magnetization/guide-audit/]: GUIDE_LAYOUT_UNDERSIZED entry=magnetization:basics/anomaly_terrain page=10 scale=0.725
[01Oct2026 06:42:12.855] [Render thread/WARN] [magnetization/guide-audit/]: GUIDE_LAYOUT_UNDERSIZED entry=magnetization:basics/iron_oxide_family page=11 scale=0.7733333
[01Oct2026 06:42:23.367] [Render thread/WARN] [magnetization/guide-audit/]: GUIDE_LAYOUT_UNDERSIZED entry=magnetization:fluids/fusion_fuels page=7 scale=0.8405797
[01Oct2026 06:42:38.412] [Render thread/WARN] [magnetization/guide-audit/]: GUIDE_LAYOUT_UNDERSIZED entry=magnetization:ships/railgun page=2 scale=0.82857144
[01Oct2026 06:42:42.042] [Render thread/INFO] [magnetization/guide-audit/]: GUIDE_SWEEP_START pass=2 locale=de_de guiScale=2 entries=89 pages=241
[01Oct2026 06:42:42.361] [Render thread/WARN] [magnetization/guide-audit/]: GUIDE_LAYOUT_UNDERSIZED entry=magnetization:advanced/armor_tools page=3 scale=0.70731705
[01Oct2026 06:42:45.171] [Render thread/WARN] [magnetization/guide-audit/]: GUIDE_LAYOUT_UNDERSIZED entry=magnetization:advanced/compatibility page=8 scale=0.82857144
[01Oct2026 06:42:50.056] [Render thread/WARN] [magnetization/guide-audit/]: GUIDE_LAYOUT_UNDERSIZED entry=magnetization:advanced/hematite_lens page=3 scale=0.82857144
[01Oct2026 06:42:50.751] [Render thread/WARN] [magnetization/guide-audit/]: GUIDE_LAYOUT_UNDERSIZED entry=magnetization:advanced/imprint_module page=3 scale=0.61702126
[01Oct2026 06:42:51.453] [Render thread/WARN] [magnetization/guide-audit/]: GUIDE_LAYOUT_UNDERSIZED entry=magnetization:advanced/magnet_burning page=1 scale=0.8405797
[01Oct2026 06:42:56.697] [Render thread/WARN] [magnetization/guide-audit/]: GUIDE_LAYOUT_UNDERSIZED entry=magnetization:advanced/mr_fluid_golem page=1 scale=0.8055556
[01Oct2026 06:43:02.679] [Render thread/WARN] [magnetization/guide-audit/]: GUIDE_LAYOUT_UNDERSIZED entry=magnetization:basics/anomaly_terrain page=10 scale=0.725
[01Oct2026 06:43:05.461] [Render thread/WARN] [magnetization/guide-audit/]: GUIDE_LAYOUT_UNDERSIZED entry=magnetization:basics/iron_oxide_family page=11 scale=0.7733333
[01Oct2026 06:43:15.959] [Render thread/WARN] [magnetization/guide-audit/]: GUIDE_LAYOUT_UNDERSIZED entry=magnetization:fluids/fusion_fuels page=7 scale=0.8405797
[01Oct2026 06:43:31.011] [Render thread/WARN] [magnetization/guide-audit/]: GUIDE_LAYOUT_UNDERSIZED entry=magnetization:ships/railgun page=2 scale=0.82857144
[01Oct2026 06:43:32.836] [Render thread/INFO] [magnetization/guide-audit/]: GUIDE_SWEEP_START pass=3 locale=de_de guiScale=3 entries=89 pages=241
[01Oct2026 06:43:33.453] [Render thread/WARN] [magnetization/guide-audit/]: GUIDE_LAYOUT_UNDERSIZED entry=magnetization:advanced/armor_tools page=3 scale=0.70731705
[01Oct2026 06:43:36.264] [Render thread/WARN] [magnetization/guide-audit/]: GUIDE_LAYOUT_UNDERSIZED entry=magnetization:advanced/compatibility page=8 scale=0.82857144
[01Oct2026 06:43:41.149] [Render thread/WARN] [magnetization/guide-audit/]: GUIDE_LAYOUT_UNDERSIZED entry=magnetization:advanced/hematite_lens page=3 scale=0.82857144
[01Oct2026 06:43:41.851] [Render thread/WARN] [magnetization/guide-audit/]: GUIDE_LAYOUT_UNDERSIZED entry=magnetization:advanced/imprint_module page=3 scale=0.61702126
[01Oct2026 06:43:42.571] [Render thread/WARN] [magnetization/guide-audit/]: GUIDE_LAYOUT_UNDERSIZED entry=magnetization:advanced/magnet_burning page=1 scale=0.8405797
[01Oct2026 06:43:47.804] [Render thread/WARN] [magnetization/guide-audit/]: GUIDE_LAYOUT_UNDERSIZED entry=magnetization:advanced/mr_fluid_golem page=1 scale=0.8055556
[01Oct2026 06:43:53.760] [Render thread/WARN] [magnetization/guide-audit/]: GUIDE_LAYOUT_UNDERSIZED entry=magnetization:basics/anomaly_terrain page=10 scale=0.725
[01Oct2026 06:43:56.567] [Render thread/WARN] [magnetization/guide-audit/]: GUIDE_LAYOUT_UNDERSIZED entry=magnetization:basics/iron_oxide_family page=11 scale=0.7733333
[01Oct2026 06:44:07.070] [Render thread/WARN] [magnetization/guide-audit/]: GUIDE_LAYOUT_UNDERSIZED entry=magnetization:fluids/fusion_fuels page=7 scale=0.8405797
[01Oct2026 06:44:22.117] [Render thread/WARN] [magnetization/guide-audit/]: GUIDE_LAYOUT_UNDERSIZED entry=magnetization:ships/railgun page=2 scale=0.82857144
[01Oct2026 06:44:23.856] [Render thread/INFO] [magnetization/guide-audit/]: GUIDE_SWEEP_COMPLETE renderedPages=964 clickedLinks=17 undersizedPages=40
