[01Oct2026 13:24:56.102] [main/INFO] [cpw.mods.modlauncher.Launcher/MODLAUNCHER]: ModLauncher running: args [--launchTarget, forgeserverdev, --gameDir, ., --fml.fmlVersion, 4.0.44, --fml.mcVersion, 1.21.1, --fml.neoForgeVersion, 21.1.252, --fml.neoFormVersion, 20240808.144430]
[01Oct2026 13:24:56.104] [main/INFO] [cpw.mods.modlauncher.Launcher/MODLAUNCHER]: JVM identified as Arch Linux OpenJDK 64-Bit Server VM 21.0.12.1+1
[01Oct2026 13:24:56.105] [main/INFO] [cpw.mods.modlauncher.Launcher/MODLAUNCHER]: ModLauncher 11.0.5+main.901c6ea8 starting: java version 21.0.12.1 by Arch Linux; OS Linux arch amd64 version 7.2.7-zen1-1-zen
[01Oct2026 13:24:56.166] [main/INFO] [net.neoforged.fml.loading.ImmediateWindowHandler/]: ImmediateWindowProvider not loading because launch target is forgeserverdev
[01Oct2026 13:24:56.193] [main/INFO] [mixin/]: SpongePowered MIXIN Subsystem Version=0.8.7 Source=union:/home/braydon/.gradle/caches/modules-2/files-2.1/net.fabricmc/sponge-mixin/0.15.2+mixin.0.8.7/2af2f021d8e02a0220dc27a7a72b4666d66d44ca/sponge-mixin-0.15.2+mixin.0.8.7.jar%2394!/ Service=ModLauncher Env=SERVER
[01Oct2026 13:24:56.517] [main/WARN] [net.neoforged.jarjar.selection.JarSelector/]: Attempted to select a dependency jar for JarJar which was passed in as source: library:Registrate.MC1._21._67. Using Mod File: /home/braydon/.gradle/caches/modules-2/files-2.1/com.tterrag.registrate/Registrate/MC1.21-1.3.0+67/66ddc4cd56472fea1ea1a24182901e6c92a51c0a/Registrate-MC1.21-1.3.0+67.jar
[01Oct2026 13:24:56.518] [main/WARN] [net.neoforged.jarjar.selection.JarSelector/]: Attempted to select a dependency jar for JarJar which was passed in as source: veil. Using Mod File: /home/braydon/.gradle/caches/modules-2/files-2.1/foundry.veil/veil-neoforge-1.21.1/4.3.2/3d4056e31dd8a06e35901c3b82210c3d471e1e48/veil-neoforge-1.21.1-4.3.2.jar
[01Oct2026 13:24:56.518] [main/WARN] [net.neoforged.jarjar.selection.JarSelector/]: Attempted to select a dependency jar for JarJar which was passed in as source: sablecompanion. Using Mod File: /home/braydon/.gradle/caches/modules-2/files-2.1/dev.ryanhcode.sable-companion/sable-companion-common-1.21.1/1.6.0/370be7db705926176e05c0215ed676150c45daae/sable-companion-common-1.21.1-1.6.0.jar
[01Oct2026 13:24:56.518] [main/WARN] [net.neoforged.jarjar.selection.JarSelector/]: Attempted to select a dependency jar for JarJar which was passed in as source: flywheel. Using Mod File: /home/braydon/.gradle/caches/modules-2/files-2.1/dev.engine-room.flywheel/flywheel-neoforge-1.21.1/1.0.6/a943872ad0bdd4458d818d8d7dc123fb250eb744/flywheel-neoforge-1.21.1-1.0.6.jar
[01Oct2026 13:24:56.518] [main/WARN] [net.neoforged.jarjar.selection.JarSelector/]: Attempted to select a dependency jar for JarJar which was passed in as source: library:sable_rapier. Using Mod File: /home/braydon/.gradle/caches/modules-2/files-2.1/dev.ryanhcode.sable/sable-sable_rapier-1.21.1/2.0.5/8fd9e68113d35a8014669da7396c6ad892c4f143/sable-sable_rapier-1.21.1-2.0.5.jar
[01Oct2026 13:24:56.518] [main/WARN] [net.neoforged.jarjar.selection.JarSelector/]: Attempted to select a dependency jar for JarJar which was passed in as source: ponder. Using Mod File: /home/braydon/.gradle/caches/modules-2/files-2.1/net.createmod.ponder/ponder-neoforge/1.0.87+mc1.21.1/7783eeff0389f8c6003457133b9dd98e903266c6/ponder-neoforge-1.0.87+mc1.21.1.jar
[01Oct2026 13:24:56.519] [main/INFO] [net.neoforged.fml.loading.moddiscovery.locators.JarInJarDependencyLocator/]: Found 6 dependencies adding them to mods collection
[01Oct2026 13:24:56.520] [main/INFO] [net.neoforged.fml.loading.moddiscovery.ModDiscoverer/]:
     Mod List:
		Name Version (Mod Id)

		Create 6.0.11 (create)
		Create Aeronautics 1.3.2 (aeronautics)
		Create Simulated 1.3.2 (simulated)
		Flywheel 1.0.6 (flywheel)
		Immersive Engineering 12.4.2-194 (immersiveengineering)
		Magnetization 1.4.6 (magnetization)
		Minecraft 1.21.1 (minecraft)
		NeoForge 21.1.252 (neoforge)
		Ponder 1.0.87+mc1.21.1 (ponder)
		Sable 2.0.5 (sable)
		Sable Companion 1.6.0 (sablecompanion)
		TerraBlender 4.1.0.8 (terrablender)
		Veil 4.3.2 (veil)
[01Oct2026 13:24:57.118] [main/INFO] [mixin/]: Compatibility level set to JAVA_21
[01Oct2026 13:24:57.148] [main/INFO] [cpw.mods.modlauncher.LaunchServiceHandler/MODLAUNCHER]: Launching target 'forgeserverdev' with arguments [--gameDir, .]
[01Oct2026 13:24:57.220] [main/WARN] [mixin/]: Reference map 'simulated.refmap.json' for simulated.mixins.json could not be read. If this is a development environment you can ignore this message
[01Oct2026 13:24:57.223] [main/WARN] [mixin/]: Reference map 'aeronautics.refmap.json' for aeronautics.mixins.json could not be read. If this is a development environment you can ignore this message
[01Oct2026 13:24:57.230] [main/WARN] [mixin/]: Reference map 'ponder.refmap.json' for ponder-common.mixins.json could not be read. If this is a development environment you can ignore this message
[01Oct2026 13:24:57.234] [main/INFO] [dev.ryanhcode.sable.mixin.AbstractSableMixinPlugin/]: Using Vanilla renderer mixins
[01Oct2026 13:24:57.235] [main/INFO] [dev.ryanhcode.sable.mixin.AbstractSableMixinPlugin/]: Using Vanilla renderer mixins
[01Oct2026 13:24:57.239] [main/WARN] [mixin/]: Reference map 'terrablender.refmap.json' for terrablender.mixins.json could not be read. If this is a development environment you can ignore this message
[01Oct2026 13:24:57.239] [main/WARN] [mixin/]: Reference map 'terrablender.refmap.json' for terrablender_neoforge.mixins.json could not be read. If this is a development environment you can ignore this message
[01Oct2026 13:24:57.709] [main/WARN] [mixin/]: Error loading class: com/copycatsplus/copycats/foundation/copycat/CCCopycatBlockEntity (java.lang.ClassNotFoundException: com.copycatsplus.copycats.foundation.copycat.CCCopycatBlockEntity)
[01Oct2026 13:24:57.709] [main/WARN] [mixin/]: Error loading class: com/copycatsplus/copycats/foundation/copycat/multistate/MultiStateCopycatBlockEntity (java.lang.ClassNotFoundException: com.copycatsplus.copycats.foundation.copycat.multistate.MultiStateCopycatBlockEntity)
[01Oct2026 13:24:57.710] [main/WARN] [mixin/]: Error loading class: com/jesz/createdieselgenerators/content/tools/ChemicalSprayerProjectileEntity (java.lang.ClassNotFoundException: com.jesz.createdieselgenerators.content.tools.ChemicalSprayerProjectileEntity)
[01Oct2026 13:24:57.710] [main/WARN] [mixin/]: Error loading class: qouteall/imm_ptl/core/compat/sable_integration/IPSableBridge (java.lang.ClassNotFoundException: qouteall.imm_ptl.core.compat.sable_integration.IPSableBridge)
[01Oct2026 13:24:57.711] [main/WARN] [mixin/]: Error loading class: com/github/alexmodguy/alexscaves/server/block/blockentity/TeslaBulbBlockEntity (java.lang.ClassNotFoundException: com.github.alexmodguy.alexscaves.server.block.blockentity.TeslaBulbBlockEntity)
[01Oct2026 13:24:57.712] [main/WARN] [mixin/]: Error loading class: dev/devce/rocketnautics/content/orbit/DeepSpaceData (java.lang.ClassNotFoundException: dev.devce.rocketnautics.content.orbit.DeepSpaceData)
[01Oct2026 13:24:57.712] [main/WARN] [mixin/]: Error loading class: dev/devce/rocketnautics/content/physics/SpaceTransitionHandler (java.lang.ClassNotFoundException: dev.devce.rocketnautics.content.physics.SpaceTransitionHandler)
[01Oct2026 13:24:57.738] [main/WARN] [mixin/]: Error loading class: org/jetbrains/annotations/ApiStatus$ScheduledForRemoval (java.lang.ClassNotFoundException: org.jetbrains.annotations.ApiStatus$ScheduledForRemoval)
[01Oct2026 13:24:57.838] [main/INFO] [MixinExtras|Service/]: Initializing MixinExtras via com.llamalad7.mixinextras.service.MixinExtrasServiceImpl(version=0.5.3).
[01Oct2026 13:25:02.086] [main/WARN] [net.minecraft.commands.Commands/]: Ambiguity between arguments [teleport, location] and [teleport, destination] with inputs: [0.1 -0.5 .9, 0 0 0]
[01Oct2026 13:25:02.087] [main/WARN] [net.minecraft.commands.Commands/]: Ambiguity between arguments [teleport, location] and [teleport, targets] with inputs: [0.1 -0.5 .9, 0 0 0]
[01Oct2026 13:25:02.090] [main/WARN] [net.minecraft.commands.Commands/]: Ambiguity between arguments [teleport, destination] and [teleport, targets] with inputs: [Player, 0123, @e, dd12be42-52a9-4a91-a8a1-11c01849e498]
[01Oct2026 13:25:02.091] [main/WARN] [net.minecraft.commands.Commands/]: Ambiguity between arguments [teleport, targets] and [teleport, destination] with inputs: [Player, 0123, dd12be42-52a9-4a91-a8a1-11c01849e498]
[01Oct2026 13:25:02.092] [main/WARN] [net.minecraft.commands.Commands/]: Ambiguity between arguments [teleport, targets, location] and [teleport, targets, destination] with inputs: [0.1 -0.5 .9, 0 0 0]
[01Oct2026 13:25:02.134] [modloading-worker-0/INFO] [Veil/]: Veil is initializing.
[01Oct2026 13:25:02.146] [modloading-worker-0/INFO] [net.neoforged.neoforge.common.NeoForgeMod/NEOFORGE-MOD]: NeoForge mod loading, version 21.1.252, for MC 1.21.1
[01Oct2026 13:25:02.161] [modloading-worker-0/INFO] [com.simibubi.create.Create/]: Create 6.0.11 initializing! Commit hash: fc9535d82a29419164a1e9dc9c678bdcddeab30d
[01Oct2026 13:25:03.131] [modloading-worker-0/INFO] [dev.ryanhcode.sable.Sable/]: Sable loaded!
[01Oct2026 13:25:04.965] [Immersive Engineering Contributors Thread/INFO] [immersiveengineering/]: Attempting to download special revolvers from GitHub
[01Oct2026 13:25:04.994] [modloading-sync-worker/INFO] [terrablender/]: Registered region minecraft:overworld to index 0 for type OVERWORLD
[01Oct2026 13:25:04.995] [modloading-sync-worker/INFO] [terrablender/]: Registered region minecraft:nether to index 0 for type NETHER
[01Oct2026 13:25:04.995] [modloading-sync-worker/INFO] [terrablender/]: Registered region magnetization:anomaly_region to index 1 for type OVERWORLD
[01Oct2026 13:25:04.995] [modloading-sync-worker/INFO] [terrablender/]: Registered region magnetization:petrified_forest_region to index 2 for type OVERWORLD
[01Oct2026 13:25:04.996] [modloading-sync-worker/INFO] [magnetization/]: Surface rules registered for OVERWORLD category (anomaly + petrified_forest)
[01Oct2026 13:25:05.071] [NeoForge Version Check/INFO] [net.neoforged.fml.VersionChecker/]: [immersiveengineering] Starting version check at https://raw.githubusercontent.com/BluSunrize/ImmersiveEngineering/1.21.1/changelog.json
[01Oct2026 13:25:05.076] [main/INFO] [com.mojang.authlib.yggdrasil.YggdrasilAuthenticationService/]: Environment: Environment[sessionHost=https://sessionserver.mojang.com, servicesHost=https://api.minecraftservices.com, name=PROD]
[01Oct2026 13:25:05.103] [main/WARN] [net.minecraft.server.packs.VanillaPackResourcesBuilder/]: Assets URL 'union:/home/braydon/Magnetization-API/build/thermal-ponder-snapshot/build/moddev/artifacts/neoforge-21.1.252.jar%23125!/assets/.mcassetsroot' uses unexpected schema
[01Oct2026 13:25:05.103] [main/WARN] [net.minecraft.server.packs.VanillaPackResourcesBuilder/]: Assets URL 'union:/home/braydon/Magnetization-API/build/thermal-ponder-snapshot/build/moddev/artifacts/neoforge-21.1.252.jar%23125!/data/.mcassetsroot' uses unexpected schema
[01Oct2026 13:25:05.155] [main/INFO] [com.simibubi.create.Create/]: Created 157 recipes which will be injected into the game
[01Oct2026 13:25:05.160] [main/INFO] [com.simibubi.create.Create/]: Created 0 tags which will be injected into the game
[01Oct2026 13:25:05.164] [main/INFO] [net.neoforged.neoforge.gametest.GameTestHooks/]: Enabled Gametest Namespaces: [magnetization_immersiveengineering, magnetization_sweep]
[01Oct2026 13:25:05.499] [NeoForge Version Check/INFO] [net.neoforged.fml.VersionChecker/]: [immersiveengineering] Found status: AHEAD Current: 12.4.2-194 Target: null
[01Oct2026 13:25:06.202] [main/INFO] [net.minecraft.world.item.crafting.RecipeManager/]: Loaded 4398 recipes
[01Oct2026 13:25:06.356] [main/INFO] [net.minecraft.advancements.AdvancementTree/]: Loaded 3684 advancements
[01Oct2026 13:25:06.363] [main/INFO] [com.stonytark.magnetization.content.gas.GasExcitationProfiles/]: Loaded 0 gas excitation fluid profile bindings
[01Oct2026 13:25:07.334] [Server thread/INFO] [terrablender/]: Initialized TerraBlender biomes for level stem minecraft:the_nether
[01Oct2026 13:25:07.352] [Server thread/INFO] [dev.ryanhcode.sable.Sable/]: Creating physics pipeline for ResourceKey[minecraft:dimension / minecraft:overworld] using RapierPhysicsPipelineProvider
[01Oct2026 13:25:07.357] [Server thread/INFO] [dev.ryanhcode.sable.Sable/]: Using game directory relative Sable Rapier native directory /tmp/magnetization-run-immersive-engineering-gametest-runtime.GAFpcm/.sable/natives
[01Oct2026 13:25:07.778] [Server thread/INFO] [dev.ryanhcode.sable.Sable/]: Creating physics pipeline for ResourceKey[minecraft:dimension / minecraft:the_nether] using RapierPhysicsPipelineProvider
[01Oct2026 13:25:07.800] [Server thread/INFO] [dev.ryanhcode.sable.Sable/]: Creating physics pipeline for ResourceKey[minecraft:dimension / minecraft:the_end] using RapierPhysicsPipelineProvider
[01Oct2026 13:25:07.824] [Server thread/INFO] [net.minecraft.server.MinecraftServer/]: Preparing start region for dimension minecraft:overworld
[01Oct2026 13:25:07.843] [worldgen/INFO] [net.minecraft.server.level.progress.LoggerChunkProgressListener/]: Preparing spawn area: 2%
[01Oct2026 13:25:07.962] [Server thread/INFO] [net.minecraft.server.level.progress.LoggerChunkProgressListener/]: Time elapsed: 138 ms
[01Oct2026 13:25:07.970] [Server thread/INFO] [net.minecraft.gametest.framework.GameTestServer/]: Started game test server
[01Oct2026 13:25:08.010] [Server thread/INFO] [net.neoforged.neoforge.server.permission.PermissionAPI/]: Successfully initialized permission handler neoforge:default_handler
[01Oct2026 13:25:08.020] [Server thread/INFO] [magnetization/]: Stripped 1 recipe(s) producing disabled magnetization content.
[01Oct2026 13:25:08.055] [Server thread/INFO] [immersiveengineering/]: Couldn't fully analyze 1 magnetization:mr_fluid_horse_armor, missing knowledge for {1 minecraft:iron_horse_armor=1.0}
[01Oct2026 13:25:08.057] [Server thread/INFO] [immersiveengineering/]: Finished recipe profiler for Arc Recycling, took 37 milliseconds
[01Oct2026 13:25:08.133] [Server thread/INFO] [net.minecraft.gametest.framework.GameTestServer/]: 11 tests are now running at position -586429, -59, 10950657!
[01Oct2026 13:25:08.252] [Server thread/INFO] [net.minecraft.gametest.framework.GameTestRunner/]: Running test batch 'ieNativeMetalPress:0' (1 tests)...
[01Oct2026 13:25:08.335] [Server thread/INFO] [net.minecraft.gametest.framework.GameTestServer/]: [           ]
[01Oct2026 13:25:08.403] [Server thread/INFO] [net.minecraft.gametest.framework.GameTestServer/]: [_          ]
[01Oct2026 13:25:08.432] [Server thread/INFO] [net.minecraft.gametest.framework.GameTestServer/]: [_          ]
[01Oct2026 13:25:08.456] [Server thread/INFO] [net.minecraft.gametest.framework.GameTestServer/]: [_          ]
[01Oct2026 13:25:08.485] [Server thread/INFO] [net.minecraft.gametest.framework.GameTestServer/]: [_          ]
[01Oct2026 13:25:08.506] [Server thread/INFO] [net.minecraft.gametest.framework.GameTestServer/]: [_          ]
[01Oct2026 13:25:08.528] [Server thread/INFO] [net.minecraft.gametest.framework.GameTestServer/]: [_          ]
[01Oct2026 13:25:08.550] [Server thread/INFO] [net.minecraft.gametest.framework.GameTestServer/]: [_          ]
[01Oct2026 13:25:08.577] [Server thread/INFO] [net.minecraft.gametest.framework.GameTestRunner/]: Running test batch 'ponder_induction:0' (1 tests)...
[01Oct2026 13:25:08.584] [Server thread/INFO] [net.minecraft.gametest.framework.GameTestServer/]: [+          ]
[01Oct2026 13:25:08.644] [Server thread/INFO] [net.minecraft.gametest.framework.GameTestRunner/]: Running test batch 'defaultBatch:0' (5 tests)...
[01Oct2026 13:25:08.668] [Server thread/INFO] [net.minecraft.gametest.framework.GameTestServer/]: [++         ]
[01Oct2026 13:25:08.698] [Server thread/INFO] [net.minecraft.gametest.framework.GameTestServer/]: [++         ]
[01Oct2026 13:25:08.751] [Server thread/INFO] [magnetization/compat-audit/]: SWEEP_AUDIT namespaces=[immersiveengineering] resolved=78 unresolved=[]
[01Oct2026 13:25:08.807] [Server thread/INFO] [net.minecraft.gametest.framework.GameTestServer/]: [+++_+++    ]
[01Oct2026 13:25:08.825] [Server thread/INFO] [net.minecraft.gametest.framework.GameTestRunner/]: Running test batch 'ieNativeRazor:0' (1 tests)...
[01Oct2026 13:25:08.856] [Server thread/INFO] [net.minecraft.gametest.framework.GameTestServer/]: [+++++++    ]
[01Oct2026 13:25:08.890] [Server thread/INFO] [net.minecraft.gametest.framework.GameTestRunner/]: Running test batch 'ieNativeTesla:0' (1 tests)...
[01Oct2026 13:25:08.925] [Server thread/INFO] [net.minecraft.gametest.framework.GameTestServer/]: [++++++++   ]
[01Oct2026 13:25:08.959] [Server thread/INFO] [net.minecraft.gametest.framework.GameTestRunner/]: Running test batch 'ieNativeRazorShock:0' (1 tests)...
[01Oct2026 13:25:08.962] [Server thread/INFO] [net.minecraft.gametest.framework.GameTestServer/]: [+++++++++  ]
[01Oct2026 13:25:08.983] [Server thread/INFO] [net.minecraft.gametest.framework.GameTestRunner/]: Running test batch 'ieNativeMixer:0' (1 tests)...
[01Oct2026 13:25:08.993] [Server thread/INFO] [net.minecraft.gametest.framework.GameTestServer/]: [++++++++++ ]
[01Oct2026 13:25:09.033] [Server thread/INFO] [net.minecraft.gametest.framework.GameTestServer/]: [++++++++++_]
[01Oct2026 13:25:09.060] [Server thread/INFO] [net.minecraft.gametest.framework.GameTestServer/]: [++++++++++_]
[01Oct2026 13:25:09.076] [Server thread/INFO] [net.minecraft.gametest.framework.GameTestServer/]: [++++++++++_]
[01Oct2026 13:25:09.095] [Server thread/INFO] [net.minecraft.gametest.framework.GameTestServer/]: [++++++++++_]
[01Oct2026 13:25:09.111] [Server thread/INFO] [net.minecraft.gametest.framework.GameTestServer/]: [++++++++++_]
[01Oct2026 13:25:09.125] [Server thread/INFO] [net.minecraft.gametest.framework.GameTestServer/]: [++++++++++_]
[01Oct2026 13:25:09.146] [Server thread/INFO] [net.minecraft.gametest.framework.GameTestServer/]: [++++++++++_]
[01Oct2026 13:25:09.161] [Server thread/INFO] [net.minecraft.gametest.framework.GameTestServer/]: [++++++++++_]
[01Oct2026 13:25:09.176] [Server thread/INFO] [net.minecraft.gametest.framework.GameTestServer/]: [++++++++++_]
[01Oct2026 13:25:09.190] [Server thread/INFO] [net.minecraft.gametest.framework.GameTestServer/]: [++++++++++_]
[01Oct2026 13:25:09.199] [Server thread/INFO] [net.minecraft.gametest.framework.GameTestServer/]: [++++++++++_]
[01Oct2026 13:25:09.210] [Server thread/INFO] [net.minecraft.gametest.framework.GameTestServer/]: [++++++++++_]
[01Oct2026 13:25:09.219] [Server thread/INFO] [net.minecraft.gametest.framework.GameTestServer/]: [++++++++++_]
[01Oct2026 13:25:09.230] [Server thread/INFO] [net.minecraft.gametest.framework.GameTestServer/]: [++++++++++_]
[01Oct2026 13:25:09.243] [Server thread/INFO] [net.minecraft.gametest.framework.GameTestServer/]: [++++++++++_]
[01Oct2026 13:25:09.254] [Server thread/INFO] [net.minecraft.gametest.framework.GameTestServer/]: [++++++++++_]
[01Oct2026 13:25:09.266] [Server thread/INFO] [net.minecraft.gametest.framework.GameTestServer/]: [++++++++++_]
[01Oct2026 13:25:09.276] [Server thread/INFO] [net.minecraft.gametest.framework.GameTestServer/]: [++++++++++_]
[01Oct2026 13:25:09.286] [Server thread/INFO] [net.minecraft.gametest.framework.GameTestServer/]: [++++++++++_]
[01Oct2026 13:25:09.295] [Server thread/INFO] [net.minecraft.gametest.framework.GameTestServer/]: [++++++++++_]
[01Oct2026 13:25:09.305] [Server thread/INFO] [net.minecraft.gametest.framework.GameTestServer/]: [++++++++++_]
[01Oct2026 13:25:09.315] [Server thread/INFO] [net.minecraft.gametest.framework.GameTestServer/]: [++++++++++_]
[01Oct2026 13:25:09.326] [Server thread/INFO] [net.minecraft.gametest.framework.GameTestServer/]: [++++++++++_]
[01Oct2026 13:25:09.336] [Server thread/INFO] [net.minecraft.gametest.framework.GameTestServer/]: [++++++++++_]
[01Oct2026 13:25:09.346] [Server thread/INFO] [net.minecraft.gametest.framework.GameTestServer/]: [++++++++++_]
[01Oct2026 13:25:09.356] [Server thread/INFO] [net.minecraft.gametest.framework.GameTestServer/]: [++++++++++_]
[01Oct2026 13:25:09.365] [Server thread/INFO] [net.minecraft.gametest.framework.GameTestServer/]: [++++++++++_]
[01Oct2026 13:25:09.375] [Server thread/INFO] [net.minecraft.gametest.framework.GameTestServer/]: [++++++++++_]
[01Oct2026 13:25:09.385] [Server thread/INFO] [net.minecraft.gametest.framework.GameTestServer/]: [++++++++++_]
[01Oct2026 13:25:09.397] [Server thread/INFO] [net.minecraft.gametest.framework.GameTestServer/]: [++++++++++_]
[01Oct2026 13:25:09.406] [Server thread/INFO] [net.minecraft.gametest.framework.GameTestServer/]: [++++++++++_]
[01Oct2026 13:25:09.415] [Server thread/INFO] [net.minecraft.gametest.framework.GameTestServer/]: [++++++++++_]
[01Oct2026 13:25:09.424] [Server thread/INFO] [net.minecraft.gametest.framework.GameTestServer/]: [++++++++++_]
[01Oct2026 13:25:09.434] [Server thread/INFO] [net.minecraft.gametest.framework.GameTestServer/]: [++++++++++_]
[01Oct2026 13:25:09.442] [Server thread/INFO] [net.minecraft.gametest.framework.GameTestServer/]: [++++++++++_]
[01Oct2026 13:25:09.452] [Server thread/INFO] [net.minecraft.gametest.framework.GameTestServer/]: [++++++++++_]
[01Oct2026 13:25:09.463] [Server thread/INFO] [net.minecraft.gametest.framework.GameTestServer/]: [++++++++++_]
[01Oct2026 13:25:09.474] [Server thread/INFO] [net.minecraft.gametest.framework.GameTestServer/]: [++++++++++_]
[01Oct2026 13:25:09.482] [Server thread/INFO] [net.minecraft.gametest.framework.GameTestServer/]: [++++++++++_]
[01Oct2026 13:25:09.492] [Server thread/INFO] [net.minecraft.gametest.framework.GameTestServer/]: [++++++++++_]
[01Oct2026 13:25:09.501] [Server thread/INFO] [net.minecraft.gametest.framework.GameTestServer/]: [++++++++++_]
[01Oct2026 13:25:09.513] [Server thread/INFO] [net.minecraft.gametest.framework.GameTestServer/]: [++++++++++_]
[01Oct2026 13:25:09.522] [Server thread/INFO] [net.minecraft.gametest.framework.GameTestServer/]: [++++++++++_]
[01Oct2026 13:25:09.534] [Server thread/INFO] [net.minecraft.gametest.framework.GameTestServer/]: [++++++++++_]
[01Oct2026 13:25:09.537] [Server thread/INFO] [magnetization/PerformanceDiagnostics/]: MAG_PERF dimension=minecraft:overworld ticks=1200 gas_requests=0 gas_deduplicated=0 gas_cells=0 field_queries=62 field_candidates=61 target_classifications=32 train_fields=0 train_carriages=0 inventory_full_scans=0 inventory_faces_checked=0
[01Oct2026 13:25:09.537] [Server thread/INFO] [magnetization/PerformanceDiagnostics/]: MAG_PERF_WORK dimension=minecraft:overworld counts_since_reset={observed_ticks=952, creep_passes=237, fluid_sources=0, source_chunks=0, creep_cells=0, native_chunk_attempts=0, external_chunk_attempts=0, entities_inspected=0, eligible_entities=0, targets_discovered=0, targets_scheduled=0, target_regions=0, emitter_candidates=0, field_evaluations=1, fields_applied=0, mr_equipment_skips=0, mr_field_searches=0, target_details=0, adapter_method_lookups=0, field_bounds_rejections=0, ship_field_preparations=0, adapter_energy_reads=0, recession_setups=0, emitter_buckets_inspected=0, native_point_buckets=0, external_point_buckets=0, mr_fluid_field_searches=0, gallium_entity_queries=0, gallium_field_searches=0, fluid_target_queries=0, fluid_field_applications=0, fluid_field_candidates=0}
[01Oct2026 13:25:09.538] [Server thread/INFO] [magnetization/PerformanceDiagnostics/]: MAG_PERF dimension=minecraft:the_nether ticks=1200 gas_requests=0 gas_deduplicated=0 gas_cells=0 field_queries=0 field_candidates=0 target_classifications=0 train_fields=0 train_carriages=0 inventory_full_scans=0 inventory_faces_checked=0
[01Oct2026 13:25:09.538] [Server thread/INFO] [magnetization/PerformanceDiagnostics/]: MAG_PERF_WORK dimension=minecraft:the_nether counts_since_reset={observed_ticks=1200, creep_passes=300, fluid_sources=0, source_chunks=0, creep_cells=0, native_chunk_attempts=0, external_chunk_attempts=0, entities_inspected=0, eligible_entities=0, targets_discovered=0, targets_scheduled=0, target_regions=0, emitter_candidates=0, field_evaluations=0, fields_applied=0, mr_equipment_skips=0, mr_field_searches=0, target_details=0, adapter_method_lookups=0, field_bounds_rejections=0, ship_field_preparations=0, adapter_energy_reads=0, recession_setups=0, emitter_buckets_inspected=0, native_point_buckets=0, external_point_buckets=0, mr_fluid_field_searches=0, gallium_entity_queries=0, gallium_field_searches=0, fluid_target_queries=0, fluid_field_applications=0, fluid_field_candidates=0}
[01Oct2026 13:25:09.539] [Server thread/INFO] [magnetization/PerformanceDiagnostics/]: MAG_PERF dimension=minecraft:the_end ticks=1200 gas_requests=0 gas_deduplicated=0 gas_cells=0 field_queries=0 field_candidates=0 target_classifications=0 train_fields=0 train_carriages=0 inventory_full_scans=0 inventory_faces_checked=0
[01Oct2026 13:25:09.539] [Server thread/INFO] [magnetization/PerformanceDiagnostics/]: MAG_PERF_WORK dimension=minecraft:the_end counts_since_reset={observed_ticks=1200, creep_passes=300, fluid_sources=0, source_chunks=0, creep_cells=0, native_chunk_attempts=0, external_chunk_attempts=0, entities_inspected=0, eligible_entities=0, targets_discovered=0, targets_scheduled=0, target_regions=0, emitter_candidates=0, field_evaluations=0, fields_applied=0, mr_equipment_skips=0, mr_field_searches=0, target_details=0, adapter_method_lookups=0, field_bounds_rejections=0, ship_field_preparations=0, adapter_energy_reads=0, recession_setups=0, emitter_buckets_inspected=0, native_point_buckets=0, external_point_buckets=0, mr_fluid_field_searches=0, gallium_entity_queries=0, gallium_field_searches=0, fluid_target_queries=0, fluid_field_applications=0, fluid_field_candidates=0}
[01Oct2026 13:25:09.546] [Server thread/INFO] [net.minecraft.gametest.framework.GameTestServer/]: [++++++++++_]
[01Oct2026 13:25:09.556] [Server thread/INFO] [net.minecraft.gametest.framework.GameTestServer/]: [++++++++++_]
[01Oct2026 13:25:09.563] [Server thread/INFO] [net.minecraft.gametest.framework.GameTestServer/]: [++++++++++_]
[01Oct2026 13:25:09.575] [Server thread/INFO] [net.minecraft.gametest.framework.GameTestServer/]: [++++++++++_]
[01Oct2026 13:25:09.577] [Server thread/INFO] [net.minecraft.gametest.framework.GameTestServer/]: [+++++++++++]
[01Oct2026 13:25:09.578] [Server thread/INFO] [net.minecraft.gametest.framework.GameTestServer/]: ========= 11 GAME TESTS COMPLETE IN 1.444 s ======================
[01Oct2026 13:25:09.579] [Server thread/INFO] [net.minecraft.gametest.framework.GameTestServer/]: All 11 required tests passed :)
[01Oct2026 13:25:09.579] [Server thread/INFO] [net.minecraft.gametest.framework.GameTestServer/]: ====================================================
[01Oct2026 13:25:09.584] [Server thread/INFO] [net.minecraft.server.MinecraftServer/]: Stopping server
[01Oct2026 13:25:09.584] [Server thread/INFO] [net.minecraft.server.MinecraftServer/]: Saving players
[01Oct2026 13:25:09.584] [Server thread/INFO] [net.minecraft.server.MinecraftServer/]: Saving worlds
[01Oct2026 13:25:09.864] [Server thread/INFO] [net.minecraft.server.MinecraftServer/]: Saving chunks for level 'ServerLevel[Test Level]'/minecraft:overworld
[01Oct2026 13:25:09.864] [Server thread/INFO] [dev.ryanhcode.sable.Sable/]: Saving sub-levels for level 'ServerLevel[Test Level]'/minecraft:overworld
[01Oct2026 13:25:09.892] [Server thread/INFO] [net.minecraft.server.MinecraftServer/]: Saving chunks for level 'ServerLevel[Test Level]'/minecraft:the_nether
[01Oct2026 13:25:09.892] [Server thread/INFO] [dev.ryanhcode.sable.Sable/]: Saving sub-levels for level 'ServerLevel[Test Level]'/minecraft:the_nether
[01Oct2026 13:25:09.894] [Server thread/INFO] [net.minecraft.server.MinecraftServer/]: Saving chunks for level 'ServerLevel[Test Level]'/minecraft:the_end
[01Oct2026 13:25:09.895] [Server thread/INFO] [dev.ryanhcode.sable.Sable/]: Saving sub-levels for level 'ServerLevel[Test Level]'/minecraft:the_end
[01Oct2026 13:25:09.903] [Server thread/INFO] [net.minecraft.server.MinecraftServer/]: ThreadedAnvilChunkStorage (world): All chunks are saved
[01Oct2026 13:25:09.903] [Server thread/INFO] [net.minecraft.server.MinecraftServer/]: ThreadedAnvilChunkStorage (DIM-1): All chunks are saved
[01Oct2026 13:25:09.903] [Server thread/INFO] [net.minecraft.server.MinecraftServer/]: ThreadedAnvilChunkStorage (DIM1): All chunks are saved
[01Oct2026 13:25:09.903] [Server thread/INFO] [net.minecraft.server.MinecraftServer/]: ThreadedAnvilChunkStorage: All dimensions are saved
[01Oct2026 13:25:09.909] [Server thread/INFO] [net.minecraft.gametest.framework.GameTestServer/]: Game test server shutting down
