[30Sep2026 04:19:04.410] [main/INFO] [cpw.mods.modlauncher.Launcher/MODLAUNCHER]: ModLauncher running: args [--launchTarget, forgeserverdev, --gameDir, ., --fml.fmlVersion, 4.0.44, --fml.mcVersion, 1.21.1, --fml.neoForgeVersion, 21.1.252, --fml.neoFormVersion, 20240808.144430, nogui]
[30Sep2026 04:19:04.411] [main/INFO] [cpw.mods.modlauncher.Launcher/MODLAUNCHER]: JVM identified as Arch Linux OpenJDK 64-Bit Server VM 21.0.12.1+1
[30Sep2026 04:19:04.412] [main/INFO] [cpw.mods.modlauncher.Launcher/MODLAUNCHER]: ModLauncher 11.0.5+main.901c6ea8 starting: java version 21.0.12.1 by Arch Linux; OS Linux arch amd64 version 7.2.7-zen1-1-zen
[30Sep2026 04:19:04.458] [main/INFO] [net.neoforged.fml.loading.ImmediateWindowHandler/]: ImmediateWindowProvider not loading because launch target is forgeserverdev
[30Sep2026 04:19:04.478] [main/INFO] [mixin/]: SpongePowered MIXIN Subsystem Version=0.8.7 Source=union:/home/braydon/.gradle/caches/modules-2/files-2.1/net.fabricmc/sponge-mixin/0.15.2+mixin.0.8.7/2af2f021d8e02a0220dc27a7a72b4666d66d44ca/sponge-mixin-0.15.2+mixin.0.8.7.jar%2394!/ Service=ModLauncher Env=SERVER
[30Sep2026 04:19:04.719] [main/WARN] [net.neoforged.jarjar.selection.JarSelector/]: Attempted to select a dependency jar for JarJar which was passed in as source: library:Registrate.MC1._21._67. Using Mod File: /home/braydon/.gradle/caches/modules-2/files-2.1/com.tterrag.registrate/Registrate/MC1.21-1.3.0+67/66ddc4cd56472fea1ea1a24182901e6c92a51c0a/Registrate-MC1.21-1.3.0+67.jar
[30Sep2026 04:19:04.719] [main/WARN] [net.neoforged.jarjar.selection.JarSelector/]: Attempted to select a dependency jar for JarJar which was passed in as source: veil. Using Mod File: /home/braydon/.gradle/caches/modules-2/files-2.1/foundry.veil/veil-neoforge-1.21.1/4.1.4/642ec0bd02213ee087d86eda553d6d79c6a04d2b/veil-neoforge-1.21.1-4.1.4.jar
[30Sep2026 04:19:04.720] [main/WARN] [net.neoforged.jarjar.selection.JarSelector/]: Attempted to select a dependency jar for JarJar which was passed in as source: sablecompanion. Using Mod File: /home/braydon/.gradle/caches/modules-2/files-2.1/dev.ryanhcode.sable-companion/sable-companion-common-1.21.1/1.6.0/370be7db705926176e05c0215ed676150c45daae/sable-companion-common-1.21.1-1.6.0.jar
[30Sep2026 04:19:04.720] [main/WARN] [net.neoforged.jarjar.selection.JarSelector/]: Attempted to select a dependency jar for JarJar which was passed in as source: flywheel. Using Mod File: /home/braydon/.gradle/caches/modules-2/files-2.1/dev.engine-room.flywheel/flywheel-neoforge-1.21.1/1.0.6/a943872ad0bdd4458d818d8d7dc123fb250eb744/flywheel-neoforge-1.21.1-1.0.6.jar
[30Sep2026 04:19:04.720] [main/WARN] [net.neoforged.jarjar.selection.JarSelector/]: Attempted to select a dependency jar for JarJar which was passed in as source: library:sable_rapier. Using Mod File: /home/braydon/.gradle/caches/modules-2/files-2.1/dev.ryanhcode.sable/sable-sable_rapier-1.21.1/2.0.3/a88c0860320890144b6b44c332a2a2db3a61e189/sable-sable_rapier-1.21.1-2.0.3.jar
[30Sep2026 04:19:04.720] [main/WARN] [net.neoforged.jarjar.selection.JarSelector/]: Attempted to select a dependency jar for JarJar which was passed in as source: ponder. Using Mod File: /home/braydon/.gradle/caches/modules-2/files-2.1/net.createmod.ponder/ponder-neoforge/1.0.87+mc1.21.1/7783eeff0389f8c6003457133b9dd98e903266c6/ponder-neoforge-1.0.87+mc1.21.1.jar
[30Sep2026 04:19:04.721] [main/INFO] [net.neoforged.fml.loading.moddiscovery.locators.JarInJarDependencyLocator/]: Found 5 dependencies adding them to mods collection
[30Sep2026 04:19:04.721] [main/INFO] [net.neoforged.fml.loading.moddiscovery.ModDiscoverer/]:
     Mod List:
		Name Version (Mod Id)

		Aviator Dreams (Reloaded) 1.2.7+1.21.1 (aviator_dream)
		Create 6.0.11 (create)
		Create Aeronautics 1.3.0 (aeronautics)
		Create Simulated 1.3.0 (simulated)
		Flywheel 1.0.6 (flywheel)
		Immersive Aircraft 1.5.2+1.21.1 (immersive_aircraft)
		Magnetization 1.4.6 (magnetization)
		Minecraft 1.21.1 (minecraft)
		NeoForge 21.1.252 (neoforge)
		Ponder 1.0.87+mc1.21.1 (ponder)
		Sable 2.0.3 (sable)
		Sable Companion 1.6.0 (sablecompanion)
		TerraBlender 4.1.0.8 (terrablender)
		Veil 4.1.4 (veil)
[30Sep2026 04:19:05.092] [main/INFO] [mixin/]: Compatibility level set to JAVA_21
[30Sep2026 04:19:05.111] [main/INFO] [cpw.mods.modlauncher.LaunchServiceHandler/MODLAUNCHER]: Launching target 'forgeserverdev' with arguments [--gameDir, ., nogui]
[30Sep2026 04:19:05.147] [main/WARN] [mixin/]: Reference map 'simulated.refmap.json' for simulated.mixins.json could not be read. If this is a development environment you can ignore this message
[30Sep2026 04:19:05.149] [main/WARN] [mixin/]: Reference map 'aeronautics.refmap.json' for aeronautics.mixins.json could not be read. If this is a development environment you can ignore this message
[30Sep2026 04:19:05.155] [main/WARN] [mixin/]: Reference map 'ponder.refmap.json' for ponder-common.mixins.json could not be read. If this is a development environment you can ignore this message
[30Sep2026 04:19:05.159] [main/INFO] [dev.ryanhcode.sable.mixin.AbstractSableMixinPlugin/]: Using Vanilla renderer mixins
[30Sep2026 04:19:05.160] [main/INFO] [dev.ryanhcode.sable.mixin.AbstractSableMixinPlugin/]: Using Vanilla renderer mixins
[30Sep2026 04:19:05.167] [main/WARN] [mixin/]: Reference map 'terrablender.refmap.json' for terrablender.mixins.json could not be read. If this is a development environment you can ignore this message
[30Sep2026 04:19:05.168] [main/WARN] [mixin/]: Reference map 'terrablender.refmap.json' for terrablender_neoforge.mixins.json could not be read. If this is a development environment you can ignore this message
[30Sep2026 04:19:05.295] [main/WARN] [mixin/]: Error loading class: mezz/jei/library/plugins/vanilla/ingredients/ItemStackListFactory (java.lang.ClassNotFoundException: mezz.jei.library.plugins.vanilla.ingredients.ItemStackListFactory)
[30Sep2026 04:19:05.396] [main/ERROR] [net.neoforged.fml.common.asm.RuntimeDistCleaner/DISTXFORM]: Attempted to load class net/minecraft/client/multiplayer/ClientLevel for invalid dist DEDICATED_SERVER
[30Sep2026 04:19:05.396] [main/WARN] [mixin/]: Error loading class: net/minecraft/client/multiplayer/ClientLevel (java.lang.RuntimeException: Attempted to load class net/minecraft/client/multiplayer/ClientLevel for invalid dist DEDICATED_SERVER)
[30Sep2026 04:19:05.423] [main/ERROR] [net.neoforged.fml.common.asm.RuntimeDistCleaner/DISTXFORM]: Attempted to load class net/minecraft/client/multiplayer/ClientLevel for invalid dist DEDICATED_SERVER
[30Sep2026 04:19:05.424] [main/WARN] [mixin/]: Error loading class: net/minecraft/client/multiplayer/ClientLevel (java.lang.RuntimeException: Attempted to load class net/minecraft/client/multiplayer/ClientLevel for invalid dist DEDICATED_SERVER)
[30Sep2026 04:19:05.432] [main/ERROR] [net.neoforged.fml.common.asm.RuntimeDistCleaner/DISTXFORM]: Attempted to load class net/minecraft/client/multiplayer/ClientLevel for invalid dist DEDICATED_SERVER
[30Sep2026 04:19:05.433] [main/WARN] [mixin/]: Error loading class: net/minecraft/client/multiplayer/ClientLevel (java.lang.RuntimeException: Attempted to load class net/minecraft/client/multiplayer/ClientLevel for invalid dist DEDICATED_SERVER)
[30Sep2026 04:19:05.497] [main/WARN] [mixin/]: Error loading class: com/copycatsplus/copycats/foundation/copycat/CCCopycatBlockEntity (java.lang.ClassNotFoundException: com.copycatsplus.copycats.foundation.copycat.CCCopycatBlockEntity)
[30Sep2026 04:19:05.498] [main/WARN] [mixin/]: Error loading class: com/copycatsplus/copycats/foundation/copycat/multistate/MultiStateCopycatBlockEntity (java.lang.ClassNotFoundException: com.copycatsplus.copycats.foundation.copycat.multistate.MultiStateCopycatBlockEntity)
[30Sep2026 04:19:05.498] [main/WARN] [mixin/]: Error loading class: com/jesz/createdieselgenerators/content/tools/ChemicalSprayerProjectileEntity (java.lang.ClassNotFoundException: com.jesz.createdieselgenerators.content.tools.ChemicalSprayerProjectileEntity)
[30Sep2026 04:19:05.500] [main/WARN] [mixin/]: Error loading class: qouteall/imm_ptl/core/compat/sable_integration/IPSableBridge (java.lang.ClassNotFoundException: qouteall.imm_ptl.core.compat.sable_integration.IPSableBridge)
[30Sep2026 04:19:05.500] [main/WARN] [mixin/]: Error loading class: com/github/alexmodguy/alexscaves/server/block/blockentity/TeslaBulbBlockEntity (java.lang.ClassNotFoundException: com.github.alexmodguy.alexscaves.server.block.blockentity.TeslaBulbBlockEntity)
[30Sep2026 04:19:05.501] [main/WARN] [mixin/]: Error loading class: dev/devce/rocketnautics/content/orbit/DeepSpaceData (java.lang.ClassNotFoundException: dev.devce.rocketnautics.content.orbit.DeepSpaceData)
[30Sep2026 04:19:05.529] [main/WARN] [mixin/]: Error loading class: org/jetbrains/annotations/ApiStatus$ScheduledForRemoval (java.lang.ClassNotFoundException: org.jetbrains.annotations.ApiStatus$ScheduledForRemoval)
[30Sep2026 04:19:05.537] [main/ERROR] [net.neoforged.fml.common.asm.RuntimeDistCleaner/DISTXFORM]: Attempted to load class net/minecraft/client/multiplayer/ClientLevel for invalid dist DEDICATED_SERVER
[30Sep2026 04:19:05.537] [main/WARN] [mixin/]: Error loading class: net/minecraft/client/multiplayer/ClientLevel (java.lang.RuntimeException: Attempted to load class net/minecraft/client/multiplayer/ClientLevel for invalid dist DEDICATED_SERVER)
[30Sep2026 04:19:05.538] [main/ERROR] [net.neoforged.fml.common.asm.RuntimeDistCleaner/DISTXFORM]: Attempted to load class net/minecraft/client/multiplayer/ClientLevel for invalid dist DEDICATED_SERVER
[30Sep2026 04:19:05.539] [main/WARN] [mixin/]: Error loading class: net/minecraft/client/multiplayer/ClientLevel (java.lang.RuntimeException: Attempted to load class net/minecraft/client/multiplayer/ClientLevel for invalid dist DEDICATED_SERVER)
[30Sep2026 04:19:05.545] [main/ERROR] [net.neoforged.fml.common.asm.RuntimeDistCleaner/DISTXFORM]: Attempted to load class net/minecraft/client/multiplayer/ClientLevel for invalid dist DEDICATED_SERVER
[30Sep2026 04:19:05.545] [main/WARN] [mixin/]: Error loading class: net/minecraft/client/multiplayer/ClientLevel (java.lang.RuntimeException: Attempted to load class net/minecraft/client/multiplayer/ClientLevel for invalid dist DEDICATED_SERVER)
[30Sep2026 04:19:05.546] [main/ERROR] [net.neoforged.fml.common.asm.RuntimeDistCleaner/DISTXFORM]: Attempted to load class net/minecraft/client/multiplayer/ClientLevel for invalid dist DEDICATED_SERVER
[30Sep2026 04:19:05.546] [main/WARN] [mixin/]: Error loading class: net/minecraft/client/multiplayer/ClientLevel (java.lang.RuntimeException: Attempted to load class net/minecraft/client/multiplayer/ClientLevel for invalid dist DEDICATED_SERVER)
[30Sep2026 04:19:05.552] [main/ERROR] [net.neoforged.fml.common.asm.RuntimeDistCleaner/DISTXFORM]: Attempted to load class net/minecraft/client/multiplayer/ClientLevel for invalid dist DEDICATED_SERVER
[30Sep2026 04:19:05.552] [main/WARN] [mixin/]: Error loading class: net/minecraft/client/multiplayer/ClientLevel (java.lang.RuntimeException: Attempted to load class net/minecraft/client/multiplayer/ClientLevel for invalid dist DEDICATED_SERVER)
[30Sep2026 04:19:05.553] [main/ERROR] [net.neoforged.fml.common.asm.RuntimeDistCleaner/DISTXFORM]: Attempted to load class net/minecraft/client/multiplayer/ClientLevel for invalid dist DEDICATED_SERVER
[30Sep2026 04:19:05.553] [main/WARN] [mixin/]: Error loading class: net/minecraft/client/multiplayer/ClientLevel (java.lang.RuntimeException: Attempted to load class net/minecraft/client/multiplayer/ClientLevel for invalid dist DEDICATED_SERVER)
[30Sep2026 04:19:05.611] [main/INFO] [MixinExtras|Service/]: Initializing MixinExtras via com.llamalad7.mixinextras.service.MixinExtrasServiceImpl(version=0.5.3).
[30Sep2026 04:19:06.255] [main/ERROR] [net.neoforged.fml.common.asm.RuntimeDistCleaner/DISTXFORM]: Attempted to load class net/minecraft/client/multiplayer/ClientLevel for invalid dist DEDICATED_SERVER
[30Sep2026 04:19:06.256] [main/WARN] [mixin/]: Error loading class: net/minecraft/client/multiplayer/ClientLevel (java.lang.RuntimeException: Attempted to load class net/minecraft/client/multiplayer/ClientLevel for invalid dist DEDICATED_SERVER)
[30Sep2026 04:19:06.259] [main/ERROR] [net.neoforged.fml.common.asm.RuntimeDistCleaner/DISTXFORM]: Attempted to load class net/minecraft/client/multiplayer/ClientLevel for invalid dist DEDICATED_SERVER
[30Sep2026 04:19:06.259] [main/WARN] [mixin/]: Error loading class: net/minecraft/client/multiplayer/ClientLevel (java.lang.RuntimeException: Attempted to load class net/minecraft/client/multiplayer/ClientLevel for invalid dist DEDICATED_SERVER)
[30Sep2026 04:19:06.262] [main/ERROR] [net.neoforged.fml.common.asm.RuntimeDistCleaner/DISTXFORM]: Attempted to load class net/minecraft/client/multiplayer/ClientLevel for invalid dist DEDICATED_SERVER
[30Sep2026 04:19:06.262] [main/WARN] [mixin/]: Error loading class: net/minecraft/client/multiplayer/ClientLevel (java.lang.RuntimeException: Attempted to load class net/minecraft/client/multiplayer/ClientLevel for invalid dist DEDICATED_SERVER)
[30Sep2026 04:19:08.604] [main/WARN] [net.minecraft.commands.Commands/]: Ambiguity between arguments [teleport, location] and [teleport, destination] with inputs: [0.1 -0.5 .9, 0 0 0]
[30Sep2026 04:19:08.606] [main/WARN] [net.minecraft.commands.Commands/]: Ambiguity between arguments [teleport, location] and [teleport, targets] with inputs: [0.1 -0.5 .9, 0 0 0]
[30Sep2026 04:19:08.608] [main/WARN] [net.minecraft.commands.Commands/]: Ambiguity between arguments [teleport, destination] and [teleport, targets] with inputs: [Player, 0123, @e, dd12be42-52a9-4a91-a8a1-11c01849e498]
[30Sep2026 04:19:08.609] [main/WARN] [net.minecraft.commands.Commands/]: Ambiguity between arguments [teleport, targets] and [teleport, destination] with inputs: [Player, 0123, dd12be42-52a9-4a91-a8a1-11c01849e498]
[30Sep2026 04:19:08.609] [main/WARN] [net.minecraft.commands.Commands/]: Ambiguity between arguments [teleport, targets, location] and [teleport, targets, destination] with inputs: [0.1 -0.5 .9, 0 0 0]
[30Sep2026 04:19:08.636] [modloading-worker-0/INFO] [Veil/]: Veil is initializing.
[30Sep2026 04:19:08.644] [modloading-worker-0/INFO] [net.neoforged.neoforge.common.NeoForgeMod/NEOFORGE-MOD]: NeoForge mod loading, version 21.1.252, for MC 1.21.1
[30Sep2026 04:19:08.654] [modloading-worker-0/INFO] [com.simibubi.create.Create/]: Create 6.0.11 initializing! Commit hash: 87b3c6a65fd00c023a07b37b0353144bc7e6a5bf
[30Sep2026 04:19:09.311] [modloading-worker-0/INFO] [dev.ryanhcode.sable.Sable/]: Sable loaded!
[30Sep2026 04:19:10.365] [modloading-sync-worker/INFO] [terrablender/]: Registered region minecraft:overworld to index 0 for type OVERWORLD
[30Sep2026 04:19:10.366] [modloading-sync-worker/INFO] [terrablender/]: Registered region minecraft:nether to index 0 for type NETHER
[30Sep2026 04:19:10.366] [modloading-sync-worker/INFO] [terrablender/]: Registered region magnetization:anomaly_region to index 1 for type OVERWORLD
[30Sep2026 04:19:10.366] [modloading-sync-worker/INFO] [terrablender/]: Registered region magnetization:petrified_forest_region to index 2 for type OVERWORLD
[30Sep2026 04:19:10.367] [modloading-sync-worker/INFO] [magnetization/]: Surface rules registered for OVERWORLD category (anomaly + petrified_forest)
[30Sep2026 04:19:10.410] [main/INFO] [com.mojang.authlib.yggdrasil.YggdrasilAuthenticationService/]: Environment: Environment[sessionHost=https://sessionserver.mojang.com, servicesHost=https://api.minecraftservices.com, name=PROD]
[30Sep2026 04:19:10.425] [NeoForge Version Check/INFO] [net.neoforged.fml.VersionChecker/]: [aviator_dream] Starting version check at https://api.modrinth.com/updates/aviator-dreams-reloaded/forge_updates.json?neoforge_only
[30Sep2026 04:19:10.628] [main/WARN] [net.minecraft.server.packs.VanillaPackResourcesBuilder/]: Assets URL 'union:/home/braydon/Magnetization-API/build/moddev/artifacts/neoforge-21.1.252.jar%23125!/assets/.mcassetsroot' uses unexpected schema
[30Sep2026 04:19:10.628] [main/WARN] [net.minecraft.server.packs.VanillaPackResourcesBuilder/]: Assets URL 'union:/home/braydon/Magnetization-API/build/moddev/artifacts/neoforge-21.1.252.jar%23125!/data/.mcassetsroot' uses unexpected schema
[30Sep2026 04:19:10.659] [main/INFO] [com.simibubi.create.Create/]: Created 157 recipes which will be injected into the game
[30Sep2026 04:19:10.662] [main/INFO] [com.simibubi.create.Create/]: Created 0 tags which will be injected into the game
[30Sep2026 04:19:10.733] [NeoForge Version Check/INFO] [net.neoforged.fml.VersionChecker/]: [aviator_dream] Found status: BETA Current: 1.2.7+1.21.1 Target: null
[30Sep2026 04:19:11.192] [main/INFO] [net.minecraft.world.item.crafting.RecipeManager/]: Loaded 3269 recipes
[30Sep2026 04:19:11.291] [main/INFO] [net.minecraft.advancements.AdvancementTree/]: Loaded 2940 advancements
[30Sep2026 04:19:11.308] [main/INFO] [com.stonytark.magnetization.content.gas.GasExcitationProfiles/]: Loaded 0 gas excitation fluid profile bindings
[30Sep2026 04:19:11.315] [main/WARN] [net.minecraft.core.MappedRegistry/]: Not all defined tags for registry ResourceKey[minecraft:root / minecraft:item] are present in data pack: c:ingots/aluminum
[30Sep2026 04:19:12.265] [Server thread/INFO] [net.minecraft.server.dedicated.DedicatedServer/]: Starting minecraft server version 1.21.1
[30Sep2026 04:19:12.266] [Server thread/INFO] [net.minecraft.server.dedicated.DedicatedServer/]: Loading properties
[30Sep2026 04:19:12.266] [Server thread/INFO] [net.minecraft.server.dedicated.DedicatedServer/]: Default game type: SURVIVAL
[30Sep2026 04:19:12.266] [Server thread/INFO] [net.minecraft.server.MinecraftServer/]: Generating keypair
[30Sep2026 04:19:12.302] [Server thread/INFO] [net.minecraft.server.dedicated.DedicatedServer/]: Starting Minecraft server on 127.0.0.1:25585
[30Sep2026 04:19:12.321] [Server thread/INFO] [dev.ryanhcode.sable.Sable/]: Adding UDP server channel future
[30Sep2026 04:19:12.341] [Netty Epoll Server IO #0/WARN] [io.netty.channel.AbstractChannel/]: A non-root user can't receive a broadcast packet if the socket is not bound to a wildcard address; binding to a non-wildcard address (/127.0.0.1:25585) anyway as requested.
[30Sep2026 04:19:12.341] [Netty Epoll Server IO #0/INFO] [dev.ryanhcode.sable.Sable/]: Server UDP channel active
[30Sep2026 04:19:12.341] [Server thread/INFO] [net.minecraft.server.network.ServerConnectionListener/]: Using epoll channel type
[30Sep2026 04:19:12.344] [Server thread/WARN] [net.minecraft.server.dedicated.DedicatedServer/]: **** SERVER IS RUNNING IN OFFLINE/INSECURE MODE!
[30Sep2026 04:19:12.344] [Server thread/WARN] [net.minecraft.server.dedicated.DedicatedServer/]: The server will make no attempt to authenticate usernames. Beware.
[30Sep2026 04:19:12.344] [Server thread/WARN] [net.minecraft.server.dedicated.DedicatedServer/]: While this makes the game possible to play without internet access, it also opens up the ability for hackers to connect with any username they choose.
[30Sep2026 04:19:12.344] [Server thread/WARN] [net.minecraft.server.dedicated.DedicatedServer/]: To change this, set "online-mode" to "true" in the server.properties file.
[30Sep2026 04:19:12.368] [Server thread/INFO] [terrablender/]: Initialized TerraBlender biomes for level stem minecraft:the_nether
[30Sep2026 04:19:12.369] [Server thread/INFO] [net.minecraft.server.dedicated.DedicatedServer/]: Preparing level "world"
[30Sep2026 04:19:12.382] [Server thread/INFO] [dev.ryanhcode.sable.Sable/]: Creating physics pipeline for ResourceKey[minecraft:dimension / minecraft:overworld] using RapierPhysicsPipelineProvider
[30Sep2026 04:19:12.597] [Server thread/INFO] [dev.ryanhcode.sable.Sable/]: Creating physics pipeline for ResourceKey[minecraft:dimension / minecraft:the_nether] using RapierPhysicsPipelineProvider
[30Sep2026 04:19:12.612] [Server thread/INFO] [dev.ryanhcode.sable.Sable/]: Creating physics pipeline for ResourceKey[minecraft:dimension / minecraft:the_end] using RapierPhysicsPipelineProvider
[30Sep2026 04:19:12.628] [Server thread/INFO] [net.minecraft.server.MinecraftServer/]: Preparing start region for dimension minecraft:overworld
[30Sep2026 04:19:12.656] [worldgen/INFO] [net.minecraft.server.level.progress.LoggerChunkProgressListener/]: Preparing spawn area: 2%
[30Sep2026 04:19:12.686] [Server thread/INFO] [net.minecraft.server.level.progress.LoggerChunkProgressListener/]: Time elapsed: 58 ms
[30Sep2026 04:19:12.687] [Server thread/INFO] [net.minecraft.server.dedicated.DedicatedServer/]: Done (0.338s)! For help, type "help"
[30Sep2026 04:19:12.693] [LanServerPinger #1/WARN] [net.minecraft.client.server.LanServerPinger/]: LanServerPinger: Network is unreachable
[30Sep2026 04:19:12.723] [Server thread/INFO] [net.neoforged.neoforge.gametest.GameTestHooks/]: Enabled Gametest Namespaces: [magnetization]
[30Sep2026 04:19:12.760] [Server thread/INFO] [net.neoforged.neoforge.server.permission.PermissionAPI/]: Successfully initialized permission handler neoforge:default_handler
[30Sep2026 04:19:12.765] [Server thread/INFO] [magnetization/]: Stripped 1 recipe(s) producing disabled magnetization content.
[30Sep2026 04:19:31.184] [Server thread/INFO] [net.minecraft.server.players.PlayerList/]: AuditPilot[/127.0.0.1:36244] logged in with entity id 1 at (-142.90334840800807, 152.71975708007812, 46.57425186245638)
[30Sep2026 04:19:31.188] [Server thread/INFO] [dev.ryanhcode.sable.Sable/]: Beginning attempted authentication with player AuditPilot
[30Sep2026 04:19:31.206] [Server thread/INFO] [net.minecraft.server.MinecraftServer/]: AuditPilot joined the game
[30Sep2026 04:19:31.401] [Netty Epoll Server IO #0/INFO] [dev.ryanhcode.sable.Sable/]: UDP authentication complete with /127.0.0.1:36244, UDP routing to /127.0.0.1:34466
[30Sep2026 04:19:33.870] [Server thread/WARN] [net.minecraft.server.MinecraftServer/]: Can't keep up! Is the server overloaded? Running 2755ms or 55 ticks behind
[30Sep2026 04:19:33.934] [Server thread/WARN] [net.minecraft.world.level.entity.PersistentEntitySectionManager/]: UUID of added entity already exists: AirshipEntity['audit-0'/3, l='ServerLevel[world]', x=-143.25, y=129.97, z=48.02]
[30Sep2026 04:19:51.708] [Server thread/INFO] [net.minecraft.server.players.PlayerList/]: AuditObserver[/127.0.0.1:46066] logged in with entity id 17 at (-59.72730024251315, 171.80203325164734, 7.808770331606763)
[30Sep2026 04:19:51.708] [Server thread/INFO] [dev.ryanhcode.sable.Sable/]: Beginning attempted authentication with player AuditObserver
[30Sep2026 04:19:51.712] [Server thread/INFO] [net.minecraft.server.MinecraftServer/]: AuditObserver joined the game
[30Sep2026 04:19:51.724] [Server thread/INFO] [magnetization/aircraft-network-audit/]: AIRCRAFT_BEGIN type=immersive_aircraft:airship uuid=2b9a24ff-f820-4086-8752-36f2f40723df
[30Sep2026 04:19:51.895] [Netty Epoll Server IO #0/INFO] [dev.ryanhcode.sable.Sable/]: UDP authentication complete with /127.0.0.1:46066, UDP routing to /127.0.0.1:50184
[30Sep2026 04:19:52.048] [Server thread/INFO] [magnetization/aircraft-network-audit/]: AIRCRAFT_SERVER type=immersive_aircraft:airship uuid=2b9a24ff-f820-4086-8752-36f2f40723df age=10 x=0.022639579119241242 y=179.29905493174655 z=0.02780266138257837 vx=0.0
[30Sep2026 04:19:52.517] [Server thread/INFO] [magnetization/aircraft-network-audit/]: AIRCRAFT_SERVER type=immersive_aircraft:airship uuid=2b9a24ff-f820-4086-8752-36f2f40723df age=20 x=0.10216960958833961 y=176.7509473539833 z=0.16944543578174207 vx=0.0
[30Sep2026 04:19:53.017] [Server thread/INFO] [magnetization/aircraft-network-audit/]: AIRCRAFT_SERVER type=immersive_aircraft:airship uuid=2b9a24ff-f820-4086-8752-36f2f40723df age=30 x=0.1837515605161584 y=173.7965815582619 z=0.3838733521814335 vx=0.0
[30Sep2026 04:19:53.517] [Server thread/INFO] [magnetization/aircraft-network-audit/]: AIRCRAFT_SERVER type=immersive_aircraft:airship uuid=2b9a24ff-f820-4086-8752-36f2f40723df age=40 x=0.24112133552785198 y=171.0387092579637 z=0.6139521152382004 vx=0.0
[30Sep2026 04:19:54.017] [Server thread/INFO] [magnetization/aircraft-network-audit/]: AIRCRAFT_SERVER type=immersive_aircraft:airship uuid=2b9a24ff-f820-4086-8752-36f2f40723df age=50 x=0.26782263652350086 y=168.6497260549603 z=0.8167978136275583 vx=0.0
[30Sep2026 04:19:54.522] [Server thread/INFO] [magnetization/aircraft-network-audit/]: AIRCRAFT_SERVER type=immersive_aircraft:airship uuid=2b9a24ff-f820-4086-8752-36f2f40723df age=60 x=0.2670276378416902 y=166.64429102862246 z=0.9673866231002486 vx=0.0
[30Sep2026 04:19:55.017] [Server thread/INFO] [magnetization/aircraft-network-audit/]: AIRCRAFT_SERVER type=immersive_aircraft:airship uuid=2b9a24ff-f820-4086-8752-36f2f40723df age=70 x=-0.08467417359436338 y=164.98462682385352 z=1.1481651720425825 vx=0.0
[30Sep2026 04:19:55.517] [Server thread/INFO] [magnetization/aircraft-network-audit/]: AIRCRAFT_SERVER type=immersive_aircraft:airship uuid=2b9a24ff-f820-4086-8752-36f2f40723df age=80 x=-0.7090227008160797 y=163.62025006770781 z=1.521243107669322 vx=0.0
[30Sep2026 04:19:56.017] [Server thread/INFO] [magnetization/aircraft-network-audit/]: AIRCRAFT_SERVER type=immersive_aircraft:airship uuid=2b9a24ff-f820-4086-8752-36f2f40723df age=90 x=-1.4133774194558308 y=162.50217834570873 z=2.0308863961549597 vx=0.0
[30Sep2026 04:19:56.516] [Server thread/INFO] [magnetization/aircraft-network-audit/]: AIRCRAFT_SERVER type=immersive_aircraft:airship uuid=2b9a24ff-f820-4086-8752-36f2f40723df age=100 x=-2.1356665886110364 y=161.58734036486754 z=2.6095366346879882 vx=0.0
[30Sep2026 04:19:57.017] [Server thread/INFO] [magnetization/aircraft-network-audit/]: AIRCRAFT_SERVER type=immersive_aircraft:airship uuid=2b9a24ff-f820-4086-8752-36f2f40723df age=110 x=-2.8502735989284154 y=160.83934168524732 z=3.217379263415218 vx=0.0
[30Sep2026 04:19:57.517] [Server thread/INFO] [magnetization/aircraft-network-audit/]: AIRCRAFT_SERVER type=immersive_aircraft:airship uuid=2b9a24ff-f820-4086-8752-36f2f40723df age=120 x=-2.9058063542902324 y=160.2279715763666 z=3.704474149464703 vx=0.0
[30Sep2026 04:19:58.017] [Server thread/INFO] [magnetization/aircraft-network-audit/]: AIRCRAFT_SERVER type=immersive_aircraft:airship uuid=2b9a24ff-f820-4086-8752-36f2f40723df age=130 x=-2.4961483137869966 y=159.72835862384756 z=4.073318467633492 vx=0.0
[30Sep2026 04:19:58.517] [Server thread/INFO] [magnetization/aircraft-network-audit/]: AIRCRAFT_SERVER type=immersive_aircraft:airship uuid=2b9a24ff-f820-4086-8752-36f2f40723df age=140 x=-1.9853755260249053 y=159.320107250613 z=4.484362085196494 vx=0.0
[30Sep2026 04:19:59.017] [Server thread/INFO] [magnetization/aircraft-network-audit/]: AIRCRAFT_SERVER type=immersive_aircraft:airship uuid=2b9a24ff-f820-4086-8752-36f2f40723df age=150 x=-1.4444861042590056 y=158.98652377357152 z=4.947544437887224 vx=0.0
[30Sep2026 04:19:59.517] [Server thread/INFO] [magnetization/aircraft-network-audit/]: AIRCRAFT_SERVER type=immersive_aircraft:airship uuid=2b9a24ff-f820-4086-8752-36f2f40723df age=160 x=-0.8894886448714386 y=158.7139568222859 z=5.4479079661622505 vx=0.0
[30Sep2026 04:20:00.016] [Server thread/INFO] [magnetization/aircraft-network-audit/]: AIRCRAFT_SERVER type=immersive_aircraft:airship uuid=2b9a24ff-f820-4086-8752-36f2f40723df age=170 x=-0.6370286814564108 y=158.4912475675768 z=5.890963296663965 vx=0.0
[30Sep2026 04:20:00.517] [Server thread/INFO] [magnetization/aircraft-network-audit/]: AIRCRAFT_SERVER type=immersive_aircraft:airship uuid=2b9a24ff-f820-4086-8752-36f2f40723df age=180 x=-0.596622292905256 y=158.30927689808 z=6.169551284347829 vx=0.0
[30Sep2026 04:20:00.517] [Server thread/INFO] [magnetization/aircraft-network-audit/]: AIRCRAFT_PASS type=immersive_aircraft:airship ticks=180 distance=22.55896251813802
[30Sep2026 04:20:00.569] [Server thread/INFO] [magnetization/aircraft-network-audit/]: AIRCRAFT_BEGIN type=immersive_aircraft:bamboo_hopper uuid=5538a135-c626-48aa-98dd-04dc0a2a1e1b
[30Sep2026 04:20:00.584] [Server thread/WARN] [net.minecraft.server.network.ServerGamePacketListenerImpl/]: AuditObserver moved too quickly! 0.596622292905256,21.690723101920014,-6.169551284347829
[30Sep2026 04:20:00.608] [Server thread/WARN] [net.minecraft.server.network.ServerGamePacketListenerImpl/]: AuditObserver moved too quickly! 0.596622292905256,21.690723101920014,-6.169551284347829
[30Sep2026 04:20:01.017] [Server thread/INFO] [magnetization/aircraft-network-audit/]: AIRCRAFT_SERVER type=immersive_aircraft:bamboo_hopper uuid=5538a135-c626-48aa-98dd-04dc0a2a1e1b age=10 x=0.01964292717656173 y=179.20601820244573 z=0.3936992295054933 vx=0.0
[30Sep2026 04:20:01.517] [Server thread/INFO] [magnetization/aircraft-network-audit/]: AIRCRAFT_SERVER type=immersive_aircraft:bamboo_hopper uuid=5538a135-c626-48aa-98dd-04dc0a2a1e1b age=20 x=0.004741150295634117 y=178.0408141244811 z=2.093079620028923 vx=0.0
[30Sep2026 04:20:02.017] [Server thread/INFO] [magnetization/aircraft-network-audit/]: AIRCRAFT_SERVER type=immersive_aircraft:bamboo_hopper uuid=5538a135-c626-48aa-98dd-04dc0a2a1e1b age=30 x=-0.12018825266977778 y=177.1232175007692 z=4.60728447933376 vx=0.0
[30Sep2026 04:20:02.517] [Server thread/INFO] [magnetization/aircraft-network-audit/]: AIRCRAFT_SERVER type=immersive_aircraft:bamboo_hopper uuid=5538a135-c626-48aa-98dd-04dc0a2a1e1b age=40 x=-0.35862609963409 y=176.3656106866622 z=7.679963501483109 vx=0.0
[30Sep2026 04:20:03.016] [Server thread/INFO] [magnetization/aircraft-network-audit/]: AIRCRAFT_SERVER type=immersive_aircraft:bamboo_hopper uuid=5538a135-c626-48aa-98dd-04dc0a2a1e1b age=50 x=-0.6677914377671875 y=175.72073565387643 z=11.196959868358489 vx=0.0
[30Sep2026 04:20:03.516] [Server thread/INFO] [magnetization/aircraft-network-audit/]: AIRCRAFT_SERVER type=immersive_aircraft:bamboo_hopper uuid=5538a135-c626-48aa-98dd-04dc0a2a1e1b age=60 x=-0.9800502662635643 y=175.19309603439396 z=15.05616011271469 vx=0.0
[30Sep2026 04:20:04.016] [Server thread/INFO] [magnetization/aircraft-network-audit/]: AIRCRAFT_SERVER type=immersive_aircraft:bamboo_hopper uuid=5538a135-c626-48aa-98dd-04dc0a2a1e1b age=70 x=-1.5016964125439847 y=174.797455336583 z=19.167133960552352 vx=0.0
[30Sep2026 04:20:04.516] [Server thread/INFO] [magnetization/aircraft-network-audit/]: AIRCRAFT_SERVER type=immersive_aircraft:bamboo_hopper uuid=5538a135-c626-48aa-98dd-04dc0a2a1e1b age=80 x=-2.071715930249824 y=174.5322338909265 z=23.454648944180306 vx=0.0
[30Sep2026 04:20:05.016] [Server thread/INFO] [magnetization/aircraft-network-audit/]: AIRCRAFT_SERVER type=immersive_aircraft:bamboo_hopper uuid=5538a135-c626-48aa-98dd-04dc0a2a1e1b age=90 x=-2.560931829779706 y=174.37097772897593 z=27.82330701335046 vx=0.0
[30Sep2026 04:20:05.517] [Server thread/INFO] [magnetization/aircraft-network-audit/]: AIRCRAFT_SERVER type=immersive_aircraft:bamboo_hopper uuid=5538a135-c626-48aa-98dd-04dc0a2a1e1b age=100 x=-2.9726295106757963 y=174.27761428350453 z=32.211279232659926 vx=0.0
[30Sep2026 04:20:06.017] [Server thread/INFO] [magnetization/aircraft-network-audit/]: AIRCRAFT_SERVER type=immersive_aircraft:bamboo_hopper uuid=5538a135-c626-48aa-98dd-04dc0a2a1e1b age=110 x=-3.328542763427455 y=174.22978685641183 z=36.58890649968821 vx=0.0
[30Sep2026 04:20:06.516] [Server thread/INFO] [magnetization/aircraft-network-audit/]: AIRCRAFT_SERVER type=immersive_aircraft:bamboo_hopper uuid=5538a135-c626-48aa-98dd-04dc0a2a1e1b age=120 x=-3.1065634300406697 y=174.218421977539 z=40.932229622779445 vx=0.0
[30Sep2026 04:20:07.017] [Server thread/INFO] [magnetization/aircraft-network-audit/]: AIRCRAFT_SERVER type=immersive_aircraft:bamboo_hopper uuid=5538a135-c626-48aa-98dd-04dc0a2a1e1b age=130 x=-2.5599171733873227 y=174.24723120073998 z=45.25417548221427 vx=0.0
[30Sep2026 04:20:07.516] [Server thread/INFO] [magnetization/aircraft-network-audit/]: AIRCRAFT_SERVER type=immersive_aircraft:bamboo_hopper uuid=5538a135-c626-48aa-98dd-04dc0a2a1e1b age=140 x=-1.933498357924239 y=174.31887874285064 z=49.55730259495793 vx=0.0
[30Sep2026 04:20:08.016] [Server thread/INFO] [magnetization/aircraft-network-audit/]: AIRCRAFT_SERVER type=immersive_aircraft:bamboo_hopper uuid=5538a135-c626-48aa-98dd-04dc0a2a1e1b age=150 x=-1.2547368653096442 y=174.42679534003716 z=53.835475009667704 vx=0.0
[30Sep2026 04:20:08.516] [Server thread/INFO] [magnetization/aircraft-network-audit/]: AIRCRAFT_SERVER type=immersive_aircraft:bamboo_hopper uuid=5538a135-c626-48aa-98dd-04dc0a2a1e1b age=160 x=-0.5324580345199093 y=174.55532061122395 z=58.096204213565684 vx=0.0
[30Sep2026 04:20:09.016] [Server thread/INFO] [magnetization/aircraft-network-audit/]: AIRCRAFT_SERVER type=immersive_aircraft:bamboo_hopper uuid=5538a135-c626-48aa-98dd-04dc0a2a1e1b age=170 x=-0.053920196958380226 y=174.6794230757249 z=62.331605184576766 vx=0.0
[30Sep2026 04:20:09.516] [Server thread/INFO] [magnetization/aircraft-network-audit/]: AIRCRAFT_SERVER type=immersive_aircraft:bamboo_hopper uuid=5538a135-c626-48aa-98dd-04dc0a2a1e1b age=180 x=0.28030705086314883 y=174.7755371581865 z=66.53454295291677 vx=0.0
[30Sep2026 04:20:09.516] [Server thread/INFO] [magnetization/aircraft-network-audit/]: AIRCRAFT_PASS type=immersive_aircraft:bamboo_hopper ticks=180 distance=66.73993549578678
[30Sep2026 04:20:09.566] [Server thread/INFO] [magnetization/aircraft-network-audit/]: AIRCRAFT_BEGIN type=immersive_aircraft:biplane uuid=c3032cfa-64d1-4341-b2d0-568669ba9582
[30Sep2026 04:20:09.568] [Server thread/WARN] [net.minecraft.server.network.ServerGamePacketListenerImpl/]: AuditObserver moved too quickly! -0.2803070508631489,5.224462841813505,-66.53454295291677
[30Sep2026 04:20:09.593] [Server thread/WARN] [net.minecraft.server.network.ServerGamePacketListenerImpl/]: AuditObserver moved too quickly! -0.2803070508631489,5.224462841813505,-66.53454295291677
[30Sep2026 04:20:10.016] [Server thread/INFO] [magnetization/aircraft-network-audit/]: AIRCRAFT_SERVER type=immersive_aircraft:biplane uuid=c3032cfa-64d1-4341-b2d0-568669ba9582 age=10 x=0.01126590225793369 y=179.1549723631475 z=0.353852832736298 vx=0.0
[30Sep2026 04:20:10.516] [Server thread/INFO] [magnetization/aircraft-network-audit/]: AIRCRAFT_SERVER type=immersive_aircraft:biplane uuid=c3032cfa-64d1-4341-b2d0-568669ba9582 age=20 x=-0.003790999809101972 y=177.675984272465 z=2.0088252059453064 vx=0.0
[30Sep2026 04:20:11.016] [Server thread/INFO] [magnetization/aircraft-network-audit/]: AIRCRAFT_SERVER type=immersive_aircraft:biplane uuid=c3032cfa-64d1-4341-b2d0-568669ba9582 age=30 x=-0.06774349177757145 y=176.3267377751496 z=4.614687177759528 vx=0.0
[30Sep2026 04:20:11.516] [Server thread/INFO] [magnetization/aircraft-network-audit/]: AIRCRAFT_SERVER type=immersive_aircraft:biplane uuid=c3032cfa-64d1-4341-b2d0-568669ba9582 age=40 x=-0.12896612210601172 y=175.18497417758613 z=7.883495967590529 vx=0.0
[30Sep2026 04:20:12.016] [Server thread/INFO] [magnetization/aircraft-network-audit/]: AIRCRAFT_SERVER type=immersive_aircraft:biplane uuid=c3032cfa-64d1-4341-b2d0-568669ba9582 age=50 x=-0.14683882827603073 y=174.2348560306839 z=11.640342986435133 vx=0.0
[30Sep2026 04:20:12.516] [Server thread/INFO] [magnetization/aircraft-network-audit/]: AIRCRAFT_SERVER type=immersive_aircraft:biplane uuid=c3032cfa-64d1-4341-b2d0-568669ba9582 age=60 x=-0.12544718387248457 y=173.42621676541344 z=15.756321848846177 vx=0.0
[30Sep2026 04:20:13.017] [Server thread/INFO] [magnetization/aircraft-network-audit/]: AIRCRAFT_SERVER type=immersive_aircraft:biplane uuid=c3032cfa-64d1-4341-b2d0-568669ba9582 age=70 x=-0.34372249204830807 y=172.72677956777855 z=20.12668786767697 vx=0.0
[30Sep2026 04:20:13.517] [Server thread/INFO] [magnetization/aircraft-network-audit/]: AIRCRAFT_SERVER type=immersive_aircraft:biplane uuid=c3032cfa-64d1-4341-b2d0-568669ba9582 age=80 x=-0.6702031235127393 y=172.1128175903562 z=24.675930815161212 vx=0.0
[30Sep2026 04:20:14.017] [Server thread/INFO] [magnetization/aircraft-network-audit/]: AIRCRAFT_SERVER type=immersive_aircraft:biplane uuid=c3032cfa-64d1-4341-b2d0-568669ba9582 age=90 x=-0.9862186599054508 y=171.5499731602592 z=29.352658121731498 vx=0.0
[30Sep2026 04:20:14.516] [Server thread/INFO] [magnetization/aircraft-network-audit/]: AIRCRAFT_SERVER type=immersive_aircraft:biplane uuid=c3032cfa-64d1-4341-b2d0-568669ba9582 age=100 x=-1.3080192156524695 y=171.0099446291594 z=34.129882884723536 vx=0.0
[30Sep2026 04:20:15.017] [Server thread/INFO] [magnetization/aircraft-network-audit/]: AIRCRAFT_SERVER type=immersive_aircraft:biplane uuid=c3032cfa-64d1-4341-b2d0-568669ba9582 age=110 x=-1.656575930495332 y=170.48349419484597 z=38.98068876521039 vx=0.0
[30Sep2026 04:20:15.516] [Server thread/INFO] [magnetization/aircraft-network-audit/]: AIRCRAFT_SERVER type=immersive_aircraft:biplane uuid=c3032cfa-64d1-4341-b2d0-568669ba9582 age=120 x=-1.4853517272559869 y=169.96424683608961 z=43.86849278081041 vx=0.0
[30Sep2026 04:20:16.016] [Server thread/INFO] [magnetization/aircraft-network-audit/]: AIRCRAFT_SERVER type=immersive_aircraft:biplane uuid=c3032cfa-64d1-4341-b2d0-568669ba9582 age=130 x=-1.0353462434691476 y=169.44705141079774 z=48.79866446973316 vx=0.0
[30Sep2026 04:20:16.516] [Server thread/INFO] [magnetization/aircraft-network-audit/]: AIRCRAFT_SERVER type=immersive_aircraft:biplane uuid=c3032cfa-64d1-4341-b2d0-568669ba9582 age=140 x=-0.5759419473840787 y=168.92063361404638 z=53.78028719966306 vx=0.0
[30Sep2026 04:20:16.522] [Server thread/WARN] [net.minecraft.server.network.ServerGamePacketListenerImpl/]: AuditObserver moved too quickly! 0.9094097798719081,-1.0436132220432341,9.911794418852644
[30Sep2026 04:20:17.016] [Server thread/INFO] [magnetization/aircraft-network-audit/]: AIRCRAFT_SERVER type=immersive_aircraft:biplane uuid=c3032cfa-64d1-4341-b2d0-568669ba9582 age=150 x=-0.15577279540427433 y=168.3881079987462 z=58.79402095874585 vx=0.0
[30Sep2026 04:20:17.517] [Server thread/INFO] [magnetization/aircraft-network-audit/]: AIRCRAFT_SERVER type=immersive_aircraft:biplane uuid=c3032cfa-64d1-4341-b2d0-568669ba9582 age=160 x=0.24955893664825696 y=167.87906061199493 z=63.80168669765096 vx=0.0
[30Sep2026 04:20:17.526] [Server thread/WARN] [net.minecraft.server.network.ServerGamePacketListenerImpl/]: AuditObserver moved too quickly! 0.8255008840323357,-1.0415730020514502,10.0213994979879
[30Sep2026 04:20:18.016] [Server thread/INFO] [magnetization/aircraft-network-audit/]: AIRCRAFT_SERVER type=immersive_aircraft:biplane uuid=c3032cfa-64d1-4341-b2d0-568669ba9582 age=170 x=0.4174121544941356 y=167.37879657907683 z=68.7748558252189 vx=0.0
[30Sep2026 04:20:18.516] [Server thread/INFO] [magnetization/aircraft-network-audit/]: AIRCRAFT_SERVER type=immersive_aircraft:biplane uuid=c3032cfa-64d1-4341-b2d0-568669ba9582 age=180 x=0.47111570882414244 y=166.86213912828515 z=73.72900955257245 vx=0.0
[30Sep2026 04:20:18.517] [Server thread/INFO] [magnetization/aircraft-network-audit/]: AIRCRAFT_PASS type=immersive_aircraft:biplane ticks=180 distance=74.8918699719733
[30Sep2026 04:20:18.566] [Server thread/INFO] [magnetization/aircraft-network-audit/]: AIRCRAFT_BEGIN type=immersive_aircraft:cargo_airship uuid=83e08aa6-397b-4508-8153-82e51abb8126
[30Sep2026 04:20:18.580] [Server thread/WARN] [net.minecraft.server.network.ServerGamePacketListenerImpl/]: AuditObserver moved too quickly! -0.47111570882414266,13.13786087171485,-73.72900955257245
[30Sep2026 04:20:18.605] [Server thread/WARN] [net.minecraft.server.network.ServerGamePacketListenerImpl/]: AuditObserver moved too quickly! -0.47111570882414266,13.13786087171485,-73.72900955257245
[30Sep2026 04:20:19.017] [Server thread/INFO] [magnetization/aircraft-network-audit/]: AIRCRAFT_SERVER type=immersive_aircraft:cargo_airship uuid=83e08aa6-397b-4508-8153-82e51abb8126 age=10 x=0.036665107289064434 y=178.76113105103977 z=0.04813728045303078 vx=0.0
[30Sep2026 04:20:19.516] [Server thread/INFO] [magnetization/aircraft-network-audit/]: AIRCRAFT_SERVER type=immersive_aircraft:cargo_airship uuid=83e08aa6-397b-4508-8153-82e51abb8126 age=20 x=0.12805936147687128 y=175.21866913073373 z=0.220413452240224 vx=0.0
[30Sep2026 04:20:20.017] [Server thread/INFO] [magnetization/aircraft-network-audit/]: AIRCRAFT_SERVER type=immersive_aircraft:cargo_airship uuid=83e08aa6-397b-4508-8153-82e51abb8126 age=30 x=0.22886601596474318 y=170.6979687314805 z=0.4835121414607767 vx=0.0
[30Sep2026 04:20:20.516] [Server thread/INFO] [magnetization/aircraft-network-audit/]: AIRCRAFT_SERVER type=immersive_aircraft:cargo_airship uuid=83e08aa6-397b-4508-8153-82e51abb8126 age=40 x=0.3179357511844619 y=165.97320707830087 z=0.7972036093716395 vx=0.0
[30Sep2026 04:20:21.016] [Server thread/INFO] [magnetization/aircraft-network-audit/]: AIRCRAFT_SERVER type=immersive_aircraft:cargo_airship uuid=83e08aa6-397b-4508-8153-82e51abb8126 age=50 x=0.3867077260840546 y=161.45908029695497 z=1.1278162156092597 vx=0.0
[30Sep2026 04:20:21.516] [Server thread/INFO] [magnetization/aircraft-network-audit/]: AIRCRAFT_SERVER type=immersive_aircraft:cargo_airship uuid=83e08aa6-397b-4508-8153-82e51abb8126 age=60 x=0.43388765485930325 y=157.35630308214712 z=1.4509816073344979 vx=0.0
[30Sep2026 04:20:22.016] [Server thread/INFO] [magnetization/aircraft-network-audit/]: AIRCRAFT_SERVER type=immersive_aircraft:cargo_airship uuid=83e08aa6-397b-4508-8153-82e51abb8126 age=70 x=0.12552088327092437 y=153.74130698804208 z=1.8005522331770143 vx=0.0
[30Sep2026 04:20:22.516] [Server thread/INFO] [magnetization/aircraft-network-audit/]: AIRCRAFT_SERVER type=immersive_aircraft:cargo_airship uuid=83e08aa6-397b-4508-8153-82e51abb8126 age=80 x=-0.4981764625755677 y=150.6210255238229 z=2.3080230186934925 vx=0.0
[30Sep2026 04:20:23.016] [Server thread/INFO] [magnetization/aircraft-network-audit/]: AIRCRAFT_SERVER type=immersive_aircraft:cargo_airship uuid=83e08aa6-397b-4508-8153-82e51abb8126 age=90 x=-1.268074270114718 y=147.96592733209167 z=2.958898515300305 vx=0.0
[30Sep2026 04:20:23.516] [Server thread/INFO] [magnetization/aircraft-network-audit/]: AIRCRAFT_SERVER type=immersive_aircraft:cargo_airship uuid=83e08aa6-397b-4508-8153-82e51abb8126 age=100 x=-2.131728619367351 y=145.7295689753984 z=3.7011329538664235 vx=0.0
[30Sep2026 04:20:24.016] [Server thread/INFO] [magnetization/aircraft-network-audit/]: AIRCRAFT_SERVER type=immersive_aircraft:cargo_airship uuid=83e08aa6-397b-4508-8153-82e51abb8126 age=110 x=-3.065417623768238 y=143.85985607341348 z=4.4973021426640205 vx=0.0
[30Sep2026 04:20:24.516] [Server thread/INFO] [magnetization/aircraft-network-audit/]: AIRCRAFT_SERVER type=immersive_aircraft:cargo_airship uuid=83e08aa6-397b-4508-8153-82e51abb8126 age=120 x=-3.3363655178918825 y=142.30525491853854 z=5.175160845459324 vx=0.0
[30Sep2026 04:20:25.016] [Server thread/INFO] [magnetization/aircraft-network-audit/]: AIRCRAFT_SERVER type=immersive_aircraft:cargo_airship uuid=83e08aa6-397b-4508-8153-82e51abb8126 age=130 x=-3.0665680118428367 y=141.01797235201158 z=5.608847960292951 vx=0.0
[30Sep2026 04:20:25.517] [Server thread/INFO] [magnetization/aircraft-network-audit/]: AIRCRAFT_SERVER type=immersive_aircraft:cargo_airship uuid=83e08aa6-397b-4508-8153-82e51abb8126 age=140 x=-2.698518008896584 y=139.95535275279732 z=5.960915874089279 vx=0.0
[30Sep2026 04:20:26.017] [Server thread/INFO] [magnetization/aircraft-network-audit/]: AIRCRAFT_SERVER type=immersive_aircraft:cargo_airship uuid=83e08aa6-397b-4508-8153-82e51abb8126 age=150 x=-2.321856081689335 y=139.080257875132 z=6.285635449659908 vx=0.0
[30Sep2026 04:20:26.517] [Server thread/INFO] [magnetization/aircraft-network-audit/]: AIRCRAFT_SERVER type=immersive_aircraft:cargo_airship uuid=83e08aa6-397b-4508-8153-82e51abb8126 age=160 x=-1.948110082702484 y=138.36089409110824 z=6.592650759104791 vx=0.0
[30Sep2026 04:20:27.016] [Server thread/INFO] [magnetization/aircraft-network-audit/]: AIRCRAFT_SERVER type=immersive_aircraft:cargo_airship uuid=83e08aa6-397b-4508-8153-82e51abb8126 age=170 x=-1.8426189148001828 y=137.77036489577625 z=6.822621264226214 vx=0.0
[30Sep2026 04:20:27.516] [Server thread/INFO] [magnetization/aircraft-network-audit/]: AIRCRAFT_SERVER type=immersive_aircraft:cargo_airship uuid=83e08aa6-397b-4508-8153-82e51abb8126 age=180 x=-1.8811056371050516 y=137.28611180853892 z=6.933415240914527 vx=0.0
[30Sep2026 04:20:27.516] [Server thread/INFO] [magnetization/aircraft-network-audit/]: AIRCRAFT_PASS type=immersive_aircraft:cargo_airship ticks=180 distance=43.3138205397946
[30Sep2026 04:20:27.567] [Server thread/INFO] [magnetization/aircraft-network-audit/]: AIRCRAFT_BEGIN type=aviator_dream:dehavilland_dh106 uuid=21d50d23-22d5-4984-86c3-44d8b23b94f7
[30Sep2026 04:20:27.592] [Server thread/WARN] [net.minecraft.server.network.ServerGamePacketListenerImpl/]: AuditObserver moved too quickly! 1.8811056371050516,42.71388819146108,-6.933415240914527
[30Sep2026 04:20:28.016] [Server thread/INFO] [magnetization/aircraft-network-audit/]: AIRCRAFT_SERVER type=aviator_dream:dehavilland_dh106 uuid=21d50d23-22d5-4984-86c3-44d8b23b94f7 age=10 x=0.0015661615391642275 y=178.89307605192695 z=0.26190605557424995 vx=0.0
[30Sep2026 04:20:28.516] [Server thread/INFO] [magnetization/aircraft-network-audit/]: AIRCRAFT_SERVER type=aviator_dream:dehavilland_dh106 uuid=21d50d23-22d5-4984-86c3-44d8b23b94f7 age=20 x=0.00406554008493947 y=176.22024760781883 z=2.0668892764996127 vx=0.0
[30Sep2026 04:20:29.016] [Server thread/INFO] [magnetization/aircraft-network-audit/]: AIRCRAFT_SERVER type=aviator_dream:dehavilland_dh106 uuid=21d50d23-22d5-4984-86c3-44d8b23b94f7 age=30 x=0.0014690902275494913 y=173.35884448467112 z=5.532165163722635 vx=0.0
[30Sep2026 04:20:29.516] [Server thread/INFO] [magnetization/aircraft-network-audit/]: AIRCRAFT_SERVER type=aviator_dream:dehavilland_dh106 uuid=21d50d23-22d5-4984-86c3-44d8b23b94f7 age=40 x=-0.00984631663152281 y=170.81803265444108 z=10.067315475076395 vx=0.0
[30Sep2026 04:20:30.016] [Server thread/INFO] [magnetization/aircraft-network-audit/]: AIRCRAFT_SERVER type=aviator_dream:dehavilland_dh106 uuid=21d50d23-22d5-4984-86c3-44d8b23b94f7 age=50 x=-0.03108941288368093 y=168.6715290959 z=15.118467197804673 vx=0.0
[30Sep2026 04:20:30.516] [Server thread/INFO] [magnetization/aircraft-network-audit/]: AIRCRAFT_SERVER type=aviator_dream:dehavilland_dh106 uuid=21d50d23-22d5-4984-86c3-44d8b23b94f7 age=60 x=-0.06281089336899079 y=166.82319055334887 z=20.38045051346258 vx=0.0
[30Sep2026 04:20:30.529] [Server thread/WARN] [net.minecraft.server.network.ServerGamePacketListenerImpl/]: AuditObserver moved too quickly! -0.052964576737467794,-3.9948421010922175,10.313135038386186
[30Sep2026 04:20:31.016] [Server thread/INFO] [magnetization/aircraft-network-audit/]: AIRCRAFT_SERVER type=aviator_dream:dehavilland_dh106 uuid=21d50d23-22d5-4984-86c3-44d8b23b94f7 age=70 x=-0.5644096426793255 y=165.1727670207748 z=25.76678025154043 vx=0.0
[30Sep2026 04:20:31.516] [Server thread/INFO] [magnetization/aircraft-network-audit/]: AIRCRAFT_SERVER type=aviator_dream:dehavilland_dh106 uuid=21d50d23-22d5-4984-86c3-44d8b23b94f7 age=80 x=-1.6846280933527102 y=163.69303685474657 z=31.289453626888573 vx=0.0
[30Sep2026 04:20:31.533] [Server thread/WARN] [net.minecraft.server.network.ServerGamePacketListenerImpl/]: AuditObserver moved too quickly! -1.6218171999837199,-3.1301536986022995,10.909003113425992
[30Sep2026 04:20:32.016] [Server thread/INFO] [magnetization/aircraft-network-audit/]: AIRCRAFT_SERVER type=aviator_dream:dehavilland_dh106 uuid=21d50d23-22d5-4984-86c3-44d8b23b94f7 age=90 x=-3.1957057626853387 y=162.3942700652104 z=36.972890780889855 vx=0.0
[30Sep2026 04:20:32.516] [Server thread/INFO] [magnetization/aircraft-network-audit/]: AIRCRAFT_SERVER type=aviator_dream:dehavilland_dh106 uuid=21d50d23-22d5-4984-86c3-44d8b23b94f7 age=100 x=-4.955574401055402 y=161.28728030404227 z=42.83764651841596 vx=0.0
[30Sep2026 04:20:32.538] [Server thread/WARN] [net.minecraft.server.network.ServerGamePacketListenerImpl/]: AuditObserver moved too quickly! -3.2709463077026912,-2.4057565507042966,11.548192891527385
[30Sep2026 04:20:33.017] [Server thread/INFO] [magnetization/aircraft-network-audit/]: AIRCRAFT_SERVER type=aviator_dream:dehavilland_dh106 uuid=21d50d23-22d5-4984-86c3-44d8b23b94f7 age=110 x=-6.875937822810711 y=160.37951712907605 z=48.90168466444354 vx=0.0
[30Sep2026 04:20:33.516] [Server thread/INFO] [magnetization/aircraft-network-audit/]: AIRCRAFT_SERVER type=aviator_dream:dehavilland_dh106 uuid=21d50d23-22d5-4984-86c3-44d8b23b94f7 age=120 x=-7.987727979764021 y=159.62917561072763 z=55.20105863867705 vx=0.0
[30Sep2026 04:20:33.517] [Server thread/WARN] [net.minecraft.server.network.ServerGamePacketListenerImpl/]: AuditObserver moved too quickly! -3.032153578708619,-1.658104693314641,12.363412120261088
[30Sep2026 04:20:34.017] [Server thread/INFO] [magnetization/aircraft-network-audit/]: AIRCRAFT_SERVER type=aviator_dream:dehavilland_dh106 uuid=21d50d23-22d5-4984-86c3-44d8b23b94f7 age=130 x=-7.962121175725646 y=158.99511215839854 z=61.82567337519704 vx=0.0
[30Sep2026 04:20:34.516] [Server thread/INFO] [magnetization/aircraft-network-audit/]: AIRCRAFT_SERVER type=aviator_dream:dehavilland_dh106 uuid=21d50d23-22d5-4984-86c3-44d8b23b94f7 age=140 x=-7.229206390199305 y=158.52334958569958 z=68.7993416667275 vx=0.0
[30Sep2026 04:20:34.521] [Server thread/WARN] [net.minecraft.server.network.ServerGamePacketListenerImpl/]: AuditObserver moved too quickly! 0.7585215895647153,-1.1058260250280512,13.598283028050453
[30Sep2026 04:20:35.016] [Server thread/INFO] [magnetization/aircraft-network-audit/]: AIRCRAFT_SERVER type=aviator_dream:dehavilland_dh106 uuid=21d50d23-22d5-4984-86c3-44d8b23b94f7 age=150 x=-6.0587921617034475 y=158.16278044120597 z=76.13648529860635 vx=0.0
[30Sep2026 04:20:35.516] [Server thread/INFO] [magnetization/aircraft-network-audit/]: AIRCRAFT_SERVER type=aviator_dream:dehavilland_dh106 uuid=21d50d23-22d5-4984-86c3-44d8b23b94f7 age=160 x=-4.620673721492764 y=157.86831609183545 z=83.89011926747746 vx=0.0
[30Sep2026 04:20:35.525] [Server thread/WARN] [net.minecraft.server.network.ServerGamePacketListenerImpl/]: AuditObserver moved too quickly! 2.608532668706541,-0.6550334938641242,15.09077760074996
[30Sep2026 04:20:35.550] [Server thread/WARN] [net.minecraft.server.network.ServerGamePacketListenerImpl/]: AuditObserver moved too quickly! 2.608532668706541,-0.6550334938641242,15.09077760074996
[30Sep2026 04:20:36.016] [Server thread/INFO] [magnetization/aircraft-network-audit/]: AIRCRAFT_SERVER type=aviator_dream:dehavilland_dh106 uuid=21d50d23-22d5-4984-86c3-44d8b23b94f7 age=170 x=-3.4787011339045195 y=157.61173696121236 z=92.12891379794847 vx=0.0
[30Sep2026 04:20:36.516] [Server thread/INFO] [magnetization/aircraft-network-audit/]: AIRCRAFT_SERVER type=aviator_dream:dehavilland_dh106 uuid=21d50d23-22d5-4984-86c3-44d8b23b94f7 age=180 x=-3.1124207747791752 y=157.4919560404618 z=96.45257774567052 vx=0.0
[30Sep2026 04:20:36.516] [Server thread/INFO] [magnetization/aircraft-network-audit/]: AIRCRAFT_PASS type=aviator_dream:dehavilland_dh106 ticks=180 distance=99.09288046952918
[30Sep2026 04:20:36.529] [Server thread/WARN] [net.minecraft.server.network.ServerGamePacketListenerImpl/]: AuditObserver moved too quickly! 1.508252946713589,-0.37636005137366624,12.562458478193065
[30Sep2026 04:20:36.571] [Server thread/INFO] [magnetization/aircraft-network-audit/]: AIRCRAFT_BEGIN type=aviator_dream:douglas_c47 uuid=3be3e432-32a8-4a96-9816-45469a80c6d5
[30Sep2026 04:20:36.580] [Server thread/WARN] [net.minecraft.server.network.ServerGamePacketListenerImpl/]: AuditObserver moved too quickly! 3.1124207747791752,22.508043959538213,-96.45257774567052
[30Sep2026 04:20:36.605] [Server thread/WARN] [net.minecraft.server.network.ServerGamePacketListenerImpl/]: AuditObserver moved too quickly! 3.1124207747791752,22.508043959538213,-96.45257774567052
[30Sep2026 04:20:37.016] [Server thread/INFO] [magnetization/aircraft-network-audit/]: AIRCRAFT_SERVER type=aviator_dream:douglas_c47 uuid=3be3e432-32a8-4a96-9816-45469a80c6d5 age=10 x=0.001573208610604072 y=178.8971009312156 z=0.24040007564973537 vx=0.0
[30Sep2026 04:20:37.516] [Server thread/INFO] [magnetization/aircraft-network-audit/]: AIRCRAFT_SERVER type=aviator_dream:douglas_c47 uuid=3be3e432-32a8-4a96-9816-45469a80c6d5 age=20 x=0.004282611234247903 y=176.23418261966268 z=1.8836427177148487 vx=0.0
[30Sep2026 04:20:38.017] [Server thread/INFO] [magnetization/aircraft-network-audit/]: AIRCRAFT_SERVER type=aviator_dream:douglas_c47 uuid=3be3e432-32a8-4a96-9816-45469a80c6d5 age=30 x=0.002481638210967623 y=173.34121204280362 z=5.030026301847809 vx=0.0
[30Sep2026 04:20:38.516] [Server thread/INFO] [magnetization/aircraft-network-audit/]: AIRCRAFT_SERVER type=aviator_dream:douglas_c47 uuid=3be3e432-32a8-4a96-9816-45469a80c6d5 age=40 x=-0.007355226678054272 y=170.69511220533656 z=9.165428775557869 vx=0.0
[30Sep2026 04:20:39.017] [Server thread/INFO] [magnetization/aircraft-network-audit/]: AIRCRAFT_SERVER type=aviator_dream:douglas_c47 uuid=3be3e432-32a8-4a96-9816-45469a80c6d5 age=50 x=-0.026588706480225176 y=168.37703645815574 z=13.806055730490645 vx=0.0
[30Sep2026 04:20:39.516] [Server thread/INFO] [magnetization/aircraft-network-audit/]: AIRCRAFT_SERVER type=aviator_dream:douglas_c47 uuid=3be3e432-32a8-4a96-9816-45469a80c6d5 age=60 x=-0.05578425407336703 y=166.31415607377153 z=18.668147300188743 vx=0.0
[30Sep2026 04:20:39.517] [Server thread/WARN] [net.minecraft.server.network.ServerGamePacketListenerImpl/]: AuditObserver moved too quickly! -0.04842902739531274,-4.3809561315650285,9.502718524630874
[30Sep2026 04:20:40.016] [Server thread/INFO] [magnetization/aircraft-network-audit/]: AIRCRAFT_SERVER type=aviator_dream:douglas_c47 uuid=3be3e432-32a8-4a96-9816-45469a80c6d5 age=70 x=-0.5501249275570756 y=164.42116549368026 z=23.646598408470087 vx=0.0
[30Sep2026 04:20:40.517] [Server thread/INFO] [magnetization/aircraft-network-audit/]: AIRCRAFT_SERVER type=aviator_dream:douglas_c47 uuid=3be3e432-32a8-4a96-9816-45469a80c6d5 age=80 x=-1.6477341789647308 y=162.66991714510883 z=28.72295906090526 vx=0.0
[30Sep2026 04:20:40.521] [Server thread/WARN] [net.minecraft.server.network.ServerGamePacketListenerImpl/]: AuditObserver moved too quickly! -1.591949924891364,-3.644238928662702,10.054811760716518
[30Sep2026 04:20:41.016] [Server thread/INFO] [magnetization/aircraft-network-audit/]: AIRCRAFT_SERVER type=aviator_dream:douglas_c47 uuid=3be3e432-32a8-4a96-9816-45469a80c6d5 age=90 x=-3.1173245121339956 y=161.05818246487635 z=33.89889043857839 vx=0.0
[30Sep2026 04:20:41.516] [Server thread/INFO] [magnetization/aircraft-network-audit/]: AIRCRAFT_SERVER type=aviator_dream:douglas_c47 uuid=3be3e432-32a8-4a96-9816-45469a80c6d5 age=100 x=-4.817909835744235 y=159.5816027336508 z=39.1835996270236 vx=0.0
[30Sep2026 04:20:41.526] [Server thread/WARN] [net.minecraft.server.network.ServerGamePacketListenerImpl/]: AuditObserver moved too quickly! -3.170175656779504,-3.0883144114580148,10.460640566118336
[30Sep2026 04:20:42.016] [Server thread/INFO] [magnetization/aircraft-network-audit/]: AIRCRAFT_SERVER type=aviator_dream:douglas_c47 uuid=3be3e432-32a8-4a96-9816-45469a80c6d5 age=110 x=-6.663967761109349 y=158.23493775968691 z=44.59117145126667 vx=0.0
[30Sep2026 04:20:42.517] [Server thread/INFO] [magnetization/aircraft-network-audit/]: AIRCRAFT_SERVER type=aviator_dream:douglas_c47 uuid=3be3e432-32a8-4a96-9816-45469a80c6d5 age=120 x=-7.697324342912687 y=156.96471002365755 z=50.15472396967109 vx=0.0
[30Sep2026 04:20:42.530] [Server thread/WARN] [net.minecraft.server.network.ServerGamePacketListenerImpl/]: AuditObserver moved too quickly! -2.879414507168452,-2.616892709993266,10.971124342647492
[30Sep2026 04:20:43.016] [Server thread/INFO] [magnetization/aircraft-network-audit/]: AIRCRAFT_SERVER type=aviator_dream:douglas_c47 uuid=3be3e432-32a8-4a96-9816-45469a80c6d5 age=130 x=-7.61161783175601 y=155.723013488997 z=55.95656533672816 vx=0.0
[30Sep2026 04:20:43.517] [Server thread/INFO] [magnetization/aircraft-network-audit/]: AIRCRAFT_SERVER type=aviator_dream:douglas_c47 uuid=3be3e432-32a8-4a96-9816-45469a80c6d5 age=140 x=-6.84489347902765 y=154.6020944235917 z=62.008429792512054 vx=0.0
[30Sep2026 04:20:43.534] [Server thread/WARN] [net.minecraft.server.network.ServerGamePacketListenerImpl/]: AuditObserver moved too quickly! 0.8524308638850364,-2.362615600065851,11.853705822840965
[30Sep2026 04:20:44.016] [Server thread/INFO] [magnetization/aircraft-network-audit/]: AIRCRAFT_SERVER type=aviator_dream:douglas_c47 uuid=3be3e432-32a8-4a96-9816-45469a80c6d5 age=150 x=-5.664221754770891 y=153.66701531425934 z=68.24795080978542 vx=0.0
[30Sep2026 04:20:44.516] [Server thread/INFO] [magnetization/aircraft-network-audit/]: AIRCRAFT_SERVER type=aviator_dream:douglas_c47 uuid=3be3e432-32a8-4a96-9816-45469a80c6d5 age=160 x=-4.232403742472166 y=152.9234377724234 z=74.6081258641788 vx=0.0
[30Sep2026 04:20:44.538] [Server thread/WARN] [net.minecraft.server.network.ServerGamePacketListenerImpl/]: AuditObserver moved too quickly! 2.612489736555484,-1.6786566511682963,12.599696071666749
[30Sep2026 04:20:45.016] [Server thread/INFO] [magnetization/aircraft-network-audit/]: AIRCRAFT_SERVER type=aviator_dream:douglas_c47 uuid=3be3e432-32a8-4a96-9816-45469a80c6d5 age=170 x=-3.102608404762961 y=152.3263306087319 z=81.06140539880928 vx=0.0
[30Sep2026 04:20:45.516] [Server thread/INFO] [magnetization/aircraft-network-audit/]: AIRCRAFT_SERVER type=aviator_dream:douglas_c47 uuid=3be3e432-32a8-4a96-9816-45469a80c6d5 age=180 x=-2.473357842972497 y=151.8167629729418 z=87.64002837763623 vx=0.0
[30Sep2026 04:20:45.516] [Server thread/INFO] [magnetization/aircraft-network-audit/]: AIRCRAFT_PASS type=aviator_dream:douglas_c47 ticks=180 distance=92.0933598169576
[30Sep2026 04:20:45.517] [Server thread/WARN] [net.minecraft.server.network.ServerGamePacketListenerImpl/]: AuditObserver moved too quickly! 1.759045899499669,-1.1066747994815955,13.031902513457425
[30Sep2026 04:20:45.566] [Server thread/INFO] [magnetization/aircraft-network-audit/]: AIRCRAFT_BEGIN type=aviator_dream:douglas_dc1 uuid=bf65c9f1-d425-4953-98b3-df318bdebf6d
[30Sep2026 04:20:45.568] [Server thread/WARN] [net.minecraft.server.network.ServerGamePacketListenerImpl/]: AuditObserver moved too quickly! 2.473357842972497,28.183237027058198,-87.64002837763623
[30Sep2026 04:20:45.593] [Server thread/WARN] [net.minecraft.server.network.ServerGamePacketListenerImpl/]: AuditObserver moved too quickly! 2.473357842972497,28.183237027058198,-87.64002837763623
[30Sep2026 04:20:46.016] [Server thread/INFO] [magnetization/aircraft-network-audit/]: AIRCRAFT_SERVER type=aviator_dream:douglas_dc1 uuid=bf65c9f1-d425-4953-98b3-df318bdebf6d age=10 x=0.007871957340290921 y=178.89596868796755 z=0.24685830020717747 vx=0.0
[30Sep2026 04:20:46.516] [Server thread/INFO] [magnetization/aircraft-network-audit/]: AIRCRAFT_SERVER type=aviator_dream:douglas_dc1 uuid=bf65c9f1-d425-4953-98b3-df318bdebf6d age=20 x=0.021548542219663964 y=176.21549387437923 z=1.905435482179333 vx=0.0
[30Sep2026 04:20:47.016] [Server thread/INFO] [magnetization/aircraft-network-audit/]: AIRCRAFT_SERVER type=aviator_dream:douglas_dc1 uuid=bf65c9f1-d425-4953-98b3-df318bdebf6d age=30 x=0.013002579391238514 y=173.26235320042406 z=5.067389196482252 vx=0.0
[30Sep2026 04:20:47.516] [Server thread/INFO] [magnetization/aircraft-network-audit/]: AIRCRAFT_SERVER type=aviator_dream:douglas_dc1 uuid=bf65c9f1-d425-4953-98b3-df318bdebf6d age=40 x=-0.03555071419365309 y=170.49447776928977 z=9.22434319716748 vx=0.0
[30Sep2026 04:20:48.022] [Server thread/INFO] [magnetization/aircraft-network-audit/]: AIRCRAFT_SERVER type=aviator_dream:douglas_dc1 uuid=bf65c9f1-d425-4953-98b3-df318bdebf6d age=50 x=-0.13160623846522695 y=167.98706682670135 z=13.904728844966684 vx=0.0
[30Sep2026 04:20:48.517] [Server thread/INFO] [magnetization/aircraft-network-audit/]: AIRCRAFT_SERVER type=aviator_dream:douglas_dc1 uuid=bf65c9f1-d425-4953-98b3-df318bdebf6d age=60 x=-0.2788723893557339 y=165.66994352254454 z=18.832479536933434 vx=0.0
[30Sep2026 04:20:48.522] [Server thread/WARN] [net.minecraft.server.network.ServerGamePacketListenerImpl/]: AuditObserver moved too quickly! -0.2433216751620808,-4.82453424674523,9.608136339765954
[30Sep2026 04:20:49.017] [Server thread/INFO] [magnetization/aircraft-network-audit/]: AIRCRAFT_SERVER type=aviator_dream:douglas_dc1 uuid=bf65c9f1-d425-4953-98b3-df318bdebf6d age=70 x=-0.9362827298503542 y=163.46340342778473 z=23.903047697252696 vx=0.0
[30Sep2026 04:20:49.517] [Server thread/INFO] [magnetization/aircraft-network-audit/]: AIRCRAFT_SERVER type=aviator_dream:douglas_dc1 uuid=bf65c9f1-d425-4953-98b3-df318bdebf6d age=80 x=-2.2463779170272837 y=161.34543450686857 z=29.09451009312027 vx=0.0
[30Sep2026 04:20:49.528] [Server thread/WARN] [net.minecraft.server.network.ServerGamePacketListenerImpl/]: AuditObserver moved too quickly! -1.9675055276715496,-4.324509015675972,10.262030556186836
[30Sep2026 04:20:50.017] [Server thread/INFO] [magnetization/aircraft-network-audit/]: AIRCRAFT_SERVER type=aviator_dream:douglas_dc1 uuid=bf65c9f1-d425-4953-98b3-df318bdebf6d age=90 x=-3.9809769152260976 y=159.31514699134232 z=34.40404033110271 vx=0.0
[30Sep2026 04:20:50.517] [Server thread/INFO] [magnetization/aircraft-network-audit/]: AIRCRAFT_SERVER type=aviator_dream:douglas_dc1 uuid=bf65c9f1-d425-4953-98b3-df318bdebf6d age=100 x=-6.000735761229755 y=157.36834117518495 z=39.838307324474876 vx=0.0
[30Sep2026 04:20:50.532] [Server thread/WARN] [net.minecraft.server.network.ServerGamePacketListenerImpl/]: AuditObserver moved too quickly! -3.7543578442024717,-3.9770933316836192,10.743797231354606
[30Sep2026 04:20:51.017] [Server thread/INFO] [magnetization/aircraft-network-audit/]: AIRCRAFT_SERVER type=aviator_dream:douglas_dc1 uuid=bf65c9f1-d425-4953-98b3-df318bdebf6d age=110 x=-8.220655373199648 y=155.50069291961324 z=45.41065196980439 vx=0.0
[30Sep2026 04:20:51.517] [Server thread/INFO] [magnetization/aircraft-network-audit/]: AIRCRAFT_SERVER type=aviator_dream:douglas_dc1 uuid=bf65c9f1-d425-4953-98b3-df318bdebf6d age=120 x=-9.682139691531424 y=153.6552537969408 z=51.15148735638428 vx=0.0
[30Sep2026 04:20:51.536] [Server thread/WARN] [net.minecraft.server.network.ServerGamePacketListenerImpl/]: AuditObserver moved too quickly! -3.681403930301668,-3.713087378244154,11.313180031909404
[30Sep2026 04:20:52.016] [Server thread/INFO] [magnetization/aircraft-network-audit/]: AIRCRAFT_SERVER type=aviator_dream:douglas_dc1 uuid=bf65c9f1-d425-4953-98b3-df318bdebf6d age=130 x=-10.082265955509538 y=151.7581784628437 z=57.143723380567444 vx=0.0
[30Sep2026 04:20:52.516] [Server thread/INFO] [magnetization/aircraft-network-audit/]: AIRCRAFT_SERVER type=aviator_dream:douglas_dc1 uuid=bf65c9f1-d425-4953-98b3-df318bdebf6d age=140 x=-9.860861407256984 y=149.8862482396787 z=63.42372263115664 vx=0.0
[30Sep2026 04:20:52.542] [Server thread/WARN] [net.minecraft.server.network.ServerGamePacketListenerImpl/]: AuditObserver moved too quickly! -0.17872171572556006,-3.7690055572620906,12.272235274772363
[30Sep2026 04:20:53.016] [Server thread/INFO] [magnetization/aircraft-network-audit/]: AIRCRAFT_SERVER type=aviator_dream:douglas_dc1 uuid=bf65c9f1-d425-4953-98b3-df318bdebf6d age=150 x=-9.279085732511719 y=148.11921012440686 z=69.95676376551641 vx=0.0
[30Sep2026 04:20:53.517] [Server thread/INFO] [magnetization/aircraft-network-audit/]: AIRCRAFT_SERVER type=aviator_dream:douglas_dc1 uuid=bf65c9f1-d425-4953-98b3-df318bdebf6d age=160 x=-8.489506990501848 y=146.49330846335505 z=76.68506198981213 vx=0.0
[30Sep2026 04:20:53.520] [Server thread/WARN] [net.minecraft.server.network.ServerGamePacketListenerImpl/]: AuditObserver moved too quickly! 1.3713544167551355,-3.392939776323658,13.261339358655484
[30Sep2026 04:20:54.016] [Server thread/INFO] [magnetization/aircraft-network-audit/]: AIRCRAFT_SERVER type=aviator_dream:douglas_dc1 uuid=bf65c9f1-d425-4953-98b3-df318bdebf6d age=170 x=-8.035115196568418 y=145.0044143354795 z=83.56779667610313 vx=0.0
[30Sep2026 04:20:54.517] [Server thread/INFO] [magnetization/aircraft-network-audit/]: AIRCRAFT_SERVER type=aviator_dream:douglas_dc1 uuid=bf65c9f1-d425-4953-98b3-df318bdebf6d age=180 x=-8.10651932551433 y=143.63724078586992 z=90.59755033253836 vx=0.0
[30Sep2026 04:20:54.517] [Server thread/INFO] [magnetization/aircraft-network-audit/]: AIRCRAFT_PASS type=aviator_dream:douglas_dc1 ticks=180 distance=97.95857307809541
[30Sep2026 04:20:54.525] [Server thread/WARN] [net.minecraft.server.network.ServerGamePacketListenerImpl/]: AuditObserver moved too quickly! 0.38298766498751746,-2.856067677485129,13.912488342726235
[30Sep2026 04:20:54.550] [Server thread/WARN] [net.minecraft.server.network.ServerGamePacketListenerImpl/]: AuditObserver moved too quickly! 0.38298766498751746,-2.856067677485129,13.912488342726235
[30Sep2026 04:20:54.567] [Server thread/INFO] [magnetization/aircraft-network-audit/]: AIRCRAFT_BEGIN type=aviator_dream:douglas_dc2 uuid=7ab4fad4-0d6b-4f99-9534-a1f4f7562405
[30Sep2026 04:20:54.575] [Server thread/WARN] [net.minecraft.server.network.ServerGamePacketListenerImpl/]: AuditObserver moved too quickly! 8.10651932551433,36.36275921413008,-90.59755033253836
[30Sep2026 04:20:55.020] [Server thread/INFO] [magnetization/aircraft-network-audit/]: AIRCRAFT_SERVER type=aviator_dream:douglas_dc2 uuid=7ab4fad4-0d6b-4f99-9534-a1f4f7562405 age=10 x=0.0018928230748552315 y=178.66905658083513 z=0.3294618289805479 vx=0.0
[30Sep2026 04:20:55.517] [Server thread/INFO] [magnetization/aircraft-network-audit/]: AIRCRAFT_SERVER type=aviator_dream:douglas_dc2 uuid=7ab4fad4-0d6b-4f99-9534-a1f4f7562405 age=20 x=0.004392563938829382 y=175.94272317660085 z=2.1370683098386403 vx=0.0
[30Sep2026 04:20:56.016] [Server thread/INFO] [magnetization/aircraft-network-audit/]: AIRCRAFT_SERVER type=aviator_dream:douglas_dc2 uuid=7ab4fad4-0d6b-4f99-9534-a1f4f7562405 age=30 x=0.0019174547948665852 y=173.06161020379088 z=5.405377868468018 vx=0.0
[30Sep2026 04:20:56.516] [Server thread/INFO] [magnetization/aircraft-network-audit/]: AIRCRAFT_SERVER type=aviator_dream:douglas_dc2 uuid=7ab4fad4-0d6b-4f99-9534-a1f4f7562405 age=40 x=-0.008790238215122053 y=170.44723179298154 z=9.604571247625536 vx=0.0
[30Sep2026 04:20:57.017] [Server thread/INFO] [magnetization/aircraft-network-audit/]: AIRCRAFT_SERVER type=aviator_dream:douglas_dc2 uuid=7ab4fad4-0d6b-4f99-9534-a1f4f7562405 age=50 x=-0.02893504363422647 y=168.15549776932085 z=14.26663835909061 vx=0.0
[30Sep2026 04:20:57.516] [Server thread/INFO] [magnetization/aircraft-network-audit/]: AIRCRAFT_SERVER type=aviator_dream:douglas_dc2 uuid=7ab4fad4-0d6b-4f99-9534-a1f4f7562405 age=60 x=-0.05905743170834392 y=166.10634204879852 z=19.127880171327114 vx=0.0
[30Sep2026 04:20:57.526] [Server thread/WARN] [net.minecraft.server.network.ServerGamePacketListenerImpl/]: AuditObserver moved too quickly! -0.05026719349322173,-4.340889744183016,9.523308923701578
[30Sep2026 04:20:58.016] [Server thread/INFO] [magnetization/aircraft-network-audit/]: AIRCRAFT_SERVER type=aviator_dream:douglas_dc2 uuid=7ab4fad4-0d6b-4f99-9534-a1f4f7562405 age=70 x=-0.5543690919086536 y=164.21615549653382 z=24.0967270481991 vx=0.0
[30Sep2026 04:20:58.516] [Server thread/INFO] [magnetization/aircraft-network-audit/]: AIRCRAFT_SERVER type=aviator_dream:douglas_dc2 uuid=7ab4fad4-0d6b-4f99-9534-a1f4f7562405 age=80 x=-1.6529699060151193 y=162.4607343499836 z=29.160411414599572 vx=0.0
[30Sep2026 04:20:58.530] [Server thread/WARN] [net.minecraft.server.network.ServerGamePacketListenerImpl/]: AuditObserver moved too quickly! -1.5939124743067756,-3.6456076988149277,10.032531243272459
[30Sep2026 04:20:59.016] [Server thread/INFO] [magnetization/aircraft-network-audit/]: AIRCRAFT_SERVER type=aviator_dream:douglas_dc2 uuid=7ab4fad4-0d6b-4f99-9534-a1f4f7562405 age=90 x=-3.1234942634389213 y=160.84060024022236 z=34.32124526265487 vx=0.0
[30Sep2026 04:20:59.516] [Server thread/INFO] [magnetization/aircraft-network-audit/]: AIRCRAFT_SERVER type=aviator_dream:douglas_dc2 uuid=7ab4fad4-0d6b-4f99-9534-a1f4f7562405 age=100 x=-4.824883737981439 y=159.35234809411162 z=39.58714034326722 vx=0.0
[30Sep2026 04:20:59.535] [Server thread/WARN] [net.minecraft.server.network.ServerGamePacketListenerImpl/]: AuditObserver moved too quickly! -3.17191383196632,-3.1083862558719773,10.42672892866765
[30Sep2026 04:21:00.016] [Server thread/INFO] [magnetization/aircraft-network-audit/]: AIRCRAFT_SERVER type=aviator_dream:douglas_dc2 uuid=7ab4fad4-0d6b-4f99-9534-a1f4f7562405 age=110 x=-6.67156281373376 y=157.99053671891735 z=44.97087576272784 vx=0.0
[30Sep2026 04:21:00.516] [Server thread/INFO] [magnetization/aircraft-network-audit/]: AIRCRAFT_SERVER type=aviator_dream:douglas_dc2 uuid=7ab4fad4-0d6b-4f99-9534-a1f4f7562405 age=120 x=-7.705393783769222 y=156.70085557238565 z=50.504881932637346 vx=0.0
[30Sep2026 04:21:00.539] [Server thread/WARN] [net.minecraft.server.network.ServerGamePacketListenerImpl/]: AuditObserver moved too quickly! -2.8805100457877826,-2.65149252172597,10.917741589370124
[30Sep2026 04:21:01.016] [Server thread/INFO] [magnetization/aircraft-network-audit/]: AIRCRAFT_SERVER type=aviator_dream:douglas_dc2 uuid=7ab4fad4-0d6b-4f99-9534-a1f4f7562405 age=130 x=-7.62017454708402 y=155.43458983386586 z=56.271600185921024 vx=0.0
[30Sep2026 04:21:01.516] [Server thread/INFO] [magnetization/aircraft-network-audit/]: AIRCRAFT_SERVER type=aviator_dream:douglas_dc2 uuid=7ab4fad4-0d6b-4f99-9534-a1f4f7562405 age=140 x=-6.854012247079911 y=154.28388409174872 z=62.283124752602234 vx=0.0
[30Sep2026 04:21:01.518] [Server thread/WARN] [net.minecraft.server.network.ServerGamePacketListenerImpl/]: AuditObserver moved too quickly! 0.8513815366893107,-2.4169714806369313,11.778242819964888
[30Sep2026 04:21:02.016] [Server thread/INFO] [magnetization/aircraft-network-audit/]: AIRCRAFT_SERVER type=aviator_dream:douglas_dc2 uuid=7ab4fad4-0d6b-4f99-9534-a1f4f7562405 age=150 x=-5.673972870172439 y=153.31378071970678 z=68.47743091199435 vx=0.0
[30Sep2026 04:21:02.518] [Server thread/INFO] [magnetization/aircraft-network-audit/]: AIRCRAFT_SERVER type=aviator_dream:douglas_dc2 uuid=7ab4fad4-0d6b-4f99-9534-a1f4f7562405 age=160 x=-4.242826016577818 y=152.52991449750778 z=74.78782190611697 vx=0.0
[30Sep2026 04:21:02.524] [Server thread/WARN] [net.minecraft.server.network.ServerGamePacketListenerImpl/]: AuditObserver moved too quickly! 2.611186230502093,-1.7539695942409423,12.50469715351474
[30Sep2026 04:21:03.016] [Server thread/INFO] [magnetization/aircraft-network-audit/]: AIRCRAFT_SERVER type=aviator_dream:douglas_dc2 uuid=7ab4fad4-0d6b-4f99-9534-a1f4f7562405 age=170 x=-3.1136758525990946 y=151.8871558266653 z=81.18711224210497 vx=0.0
[30Sep2026 04:21:03.517] [Server thread/INFO] [magnetization/aircraft-network-audit/]: AIRCRAFT_SERVER type=aviator_dream:douglas_dc2 uuid=7ab4fad4-0d6b-4f99-9534-a1f4f7562405 age=180 x=-2.48496186987671 y=151.32647329792667 z=87.70797799230513 vx=0.0
[30Sep2026 04:21:03.517] [Server thread/INFO] [magnetization/aircraft-network-audit/]: AIRCRAFT_PASS type=aviator_dream:douglas_dc2 ticks=180 distance=92.30945548819977
[30Sep2026 04:21:03.527] [Server thread/WARN] [net.minecraft.server.network.ServerGamePacketListenerImpl/]: AuditObserver moved too quickly! 1.7578641467011082,-1.203441199581107,12.920156086188157
[30Sep2026 04:21:03.566] [Server thread/INFO] [magnetization/aircraft-network-audit/]: AIRCRAFT_BEGIN type=aviator_dream:fokker_fviia uuid=20b3d036-cef5-4cc7-9ab5-e235bda2292b
[30Sep2026 04:21:03.578] [Server thread/WARN] [net.minecraft.server.network.ServerGamePacketListenerImpl/]: AuditObserver moved too quickly! 2.48496186987671,28.67352670207333,-87.70797799230513
[30Sep2026 04:21:04.018] [Server thread/INFO] [magnetization/aircraft-network-audit/]: AIRCRAFT_SERVER type=aviator_dream:fokker_fviia uuid=20b3d036-cef5-4cc7-9ab5-e235bda2292b age=10 x=0.009597313674297926 y=178.8955929250633 z=0.2116625134693499 vx=0.0
[30Sep2026 04:21:04.517] [Server thread/INFO] [magnetization/aircraft-network-audit/]: AIRCRAFT_SERVER type=aviator_dream:fokker_fviia uuid=20b3d036-cef5-4cc7-9ab5-e235bda2292b age=20 x=0.02865838175550256 y=176.1922077647158 z=1.6188363880457368 vx=0.0
[30Sep2026 04:21:05.016] [Server thread/INFO] [magnetization/aircraft-network-audit/]: AIRCRAFT_SERVER type=aviator_dream:fokker_fviia uuid=20b3d036-cef5-4cc7-9ab5-e235bda2292b age=30 x=0.027343224520817846 y=173.13245886653618 z=4.3042189673922095 vx=0.0
[30Sep2026 04:21:05.516] [Server thread/INFO] [magnetization/aircraft-network-audit/]: AIRCRAFT_SERVER type=aviator_dream:fokker_fviia uuid=20b3d036-cef5-4cc7-9ab5-e235bda2292b age=40 x=-0.014324089896022438 y=170.14279998519598 z=7.8690935298956735 vx=0.0
[30Sep2026 04:21:06.016] [Server thread/INFO] [magnetization/aircraft-network-audit/]: AIRCRAFT_SERVER type=aviator_dream:fokker_fviia uuid=20b3d036-cef5-4cc7-9ab5-e235bda2292b age=50 x=-0.1060896203564539 y=167.31545277553494 z=11.937349649641945 vx=0.0
[30Sep2026 04:21:06.517] [Server thread/INFO] [magnetization/aircraft-network-audit/]: AIRCRAFT_SERVER type=aviator_dream:fokker_fviia uuid=20b3d036-cef5-4cc7-9ab5-e235bda2292b age=60 x=-0.2527996780769071 y=164.61557190962526 z=16.270193146024766 vx=0.0
[30Sep2026 04:21:06.524] [Server thread/WARN] [net.minecraft.server.network.ServerGamePacketListenerImpl/]: AuditObserver moved too quickly! -0.23847558818088466,-5.527228075570719,8.401099616129093
[30Sep2026 04:21:07.016] [Server thread/INFO] [magnetization/aircraft-network-audit/]: AIRCRAFT_SERVER type=aviator_dream:fokker_fviia uuid=20b3d036-cef5-4cc7-9ab5-e235bda2292b age=70 x=-0.9119695171798808 y=161.99030426635727 z=20.753972869040503 vx=0.0
[30Sep2026 04:21:07.516] [Server thread/INFO] [magnetization/aircraft-network-audit/]: AIRCRAFT_SERVER type=aviator_dream:fokker_fviia uuid=20b3d036-cef5-4cc7-9ab5-e235bda2292b age=80 x=-2.2224490940326653 y=159.42844226804073 z=25.341696706768616 vx=0.0
[30Sep2026 04:21:07.528] [Server thread/WARN] [net.minecraft.server.network.ServerGamePacketListenerImpl/]: AuditObserver moved too quickly! -1.9696494159557583,-5.187129641584534,9.07150356074385
[30Sep2026 04:21:08.016] [Server thread/INFO] [magnetization/aircraft-network-audit/]: AIRCRAFT_SERVER type=aviator_dream:fokker_fviia uuid=20b3d036-cef5-4cc7-9ab5-e235bda2292b age=90 x=-3.954068334536278 y=156.92769902333322 z=30.00955864010885 vx=0.0
[30Sep2026 04:21:08.516] [Server thread/INFO] [magnetization/aircraft-network-audit/]: AIRCRAFT_SERVER type=aviator_dream:fokker_fviia uuid=20b3d036-cef5-4cc7-9ab5-e235bda2292b age=100 x=-5.966772821691782 y=154.4778373021565 z=34.75199070386707 vx=0.0
[30Sep2026 04:21:08.534] [Server thread/WARN] [net.minecraft.server.network.ServerGamePacketListenerImpl/]: AuditObserver moved too quickly! -3.7443237276591166,-4.950604965884224,9.410293997098456
[30Sep2026 04:21:09.016] [Server thread/INFO] [magnetization/aircraft-network-audit/]: AIRCRAFT_SERVER type=aviator_dream:fokker_fviia uuid=20b3d036-cef5-4cc7-9ab5-e235bda2292b age=110 x=-8.175597637209123 y=152.06857663066376 z=39.57732948661232 vx=0.0
[30Sep2026 04:21:09.520] [Server thread/INFO] [magnetization/aircraft-network-audit/]: AIRCRAFT_SERVER type=aviator_dream:fokker_fviia uuid=20b3d036-cef5-4cc7-9ab5-e235bda2292b age=120 x=-9.624012659592829 y=149.63534495835495 z=44.51354447999672 vx=0.0
[30Sep2026 04:21:09.538] [Server thread/WARN] [net.minecraft.server.network.ServerGamePacketListenerImpl/]: AuditObserver moved too quickly! -3.657239837901047,-4.842492343801553,9.761553776129645
[30Sep2026 04:21:10.018] [Server thread/INFO] [magnetization/aircraft-network-audit/]: AIRCRAFT_SERVER type=aviator_dream:fokker_fviia uuid=20b3d036-cef5-4cc7-9ab5-e235bda2292b age=130 x=-10.013649877174759 y=147.09705202189187 z=49.63524718096676 vx=0.0
[30Sep2026 04:21:10.516] [Server thread/INFO] [magnetization/aircraft-network-audit/]: AIRCRAFT_SERVER type=aviator_dream:fokker_fviia uuid=20b3d036-cef5-4cc7-9ab5-e235bda2292b age=140 x=-9.786710834455349 y=144.52844106660962 z=54.979837186806776 vx=0.0
[30Sep2026 04:21:10.518] [Server thread/WARN] [net.minecraft.server.network.ServerGamePacketListenerImpl/]: AuditObserver moved too quickly! -0.1626981748625198,-5.106903891745333,10.466292706810059
[30Sep2026 04:21:11.016] [Server thread/INFO] [magnetization/aircraft-network-audit/]: AIRCRAFT_SERVER type=aviator_dream:fokker_fviia uuid=20b3d036-cef5-4cc7-9ab5-e235bda2292b age=150 x=-9.205510839702397 y=142.00808835744664 z=60.52827373026024 vx=0.0
[30Sep2026 04:21:11.516] [Server thread/INFO] [magnetization/aircraft-network-audit/]: AIRCRAFT_SERVER type=aviator_dream:fokker_fviia uuid=20b3d036-cef5-4cc7-9ab5-e235bda2292b age=160 x=-8.422974619660431 y=139.57552577138125 z=66.24276127968515 vx=0.0
[30Sep2026 04:21:11.525] [Server thread/WARN] [net.minecraft.server.network.ServerGamePacketListenerImpl/]: AuditObserver moved too quickly! 1.3637362147949172,-4.952915295228365,11.262924092878379
[30Sep2026 04:21:12.016] [Server thread/INFO] [magnetization/aircraft-network-audit/]: AIRCRAFT_SERVER type=aviator_dream:fokker_fviia uuid=20b3d036-cef5-4cc7-9ab5-e235bda2292b age=170 x=-7.980915245166716 y=137.2326618146095 z=72.09811521168348 vx=0.0
[30Sep2026 04:21:12.517] [Server thread/INFO] [magnetization/aircraft-network-audit/]: AIRCRAFT_SERVER type=aviator_dream:fokker_fviia uuid=20b3d036-cef5-4cc7-9ab5-e235bda2292b age=180 x=-8.067498317889317 y=134.97082867688005 z=78.09568603789548 vx=0.0
[30Sep2026 04:21:12.517] [Server thread/INFO] [magnetization/aircraft-network-audit/]: AIRCRAFT_PASS type=aviator_dream:fokker_fviia ticks=180 distance=90.50771777525703
[30Sep2026 04:21:12.530] [Server thread/WARN] [net.minecraft.server.network.ServerGamePacketListenerImpl/]: AuditObserver moved too quickly! 0.3554763017711142,-4.604697094501205,11.852924758210321
[30Sep2026 04:21:12.567] [Server thread/INFO] [magnetization/aircraft-network-audit/]: AIRCRAFT_BEGIN type=aviator_dream:fokker_fviib3m uuid=f4fdcab4-0cbd-42da-944b-a3ab94a77340
[30Sep2026 04:21:12.580] [Server thread/WARN] [net.minecraft.server.network.ServerGamePacketListenerImpl/]: AuditObserver moved too quickly! 8.067498317889317,45.029171323119954,-78.09568603789548
[30Sep2026 04:21:12.605] [Server thread/WARN] [net.minecraft.server.network.ServerGamePacketListenerImpl/]: AuditObserver moved too quickly! 8.067498317889317,45.029171323119954,-78.09568603789548
[30Sep2026 04:21:13.016] [Server thread/INFO] [magnetization/aircraft-network-audit/]: AIRCRAFT_SERVER type=aviator_dream:fokker_fviib3m uuid=f4fdcab4-0cbd-42da-944b-a3ab94a77340 age=10 x=0.009596834292641465 y=178.89559273034556 z=0.21173106393650265 vx=0.0
[30Sep2026 04:21:13.516] [Server thread/INFO] [magnetization/aircraft-network-audit/]: AIRCRAFT_SERVER type=aviator_dream:fokker_fviib3m uuid=f4fdcab4-0cbd-42da-944b-a3ab94a77340 age=20 x=0.028629021796003653 y=176.19227582500596 z=1.6208395301306393 vx=0.0
[30Sep2026 04:21:14.017] [Server thread/INFO] [magnetization/aircraft-network-audit/]: AIRCRAFT_SERVER type=aviator_dream:fokker_fviib3m uuid=f4fdcab4-0cbd-42da-944b-a3ab94a77340 age=30 x=0.027091575297806293 y=173.13344429302109 z=4.315204117401177 vx=0.0
[30Sep2026 04:21:14.516] [Server thread/INFO] [magnetization/aircraft-network-audit/]: AIRCRAFT_SERVER type=aviator_dream:fokker_fviib3m uuid=f4fdcab4-0cbd-42da-944b-a3ab94a77340 age=40 x=-0.015375593147550173 y=170.14768278776387 z=7.902464428553568 vx=0.0
[30Sep2026 04:21:15.016] [Server thread/INFO] [magnetization/aircraft-network-audit/]: AIRCRAFT_SERVER type=aviator_dream:fokker_fviib3m uuid=f4fdcab4-0cbd-42da-944b-a3ab94a77340 age=50 x=-0.10909878466756251 y=167.33017275936848 z=12.012067127414994 vx=0.0
[30Sep2026 04:21:15.517] [Server thread/INFO] [magnetization/aircraft-network-audit/]: AIRCRAFT_SERVER type=aviator_dream:fokker_fviib3m uuid=f4fdcab4-0cbd-42da-944b-a3ab94a77340 age=60 x=-0.2596252593030387 y=164.64892021138036 z=16.409315601447425 vx=0.0
[30Sep2026 04:21:15.520] [Server thread/WARN] [net.minecraft.server.network.ServerGamePacketListenerImpl/]: AuditObserver moved too quickly! -0.2442496661554885,-5.498762576383513,8.506851172893857
[30Sep2026 04:21:16.016] [Server thread/INFO] [magnetization/aircraft-network-audit/]: AIRCRAFT_SERVER type=aviator_dream:fokker_fviib3m uuid=f4fdcab4-0cbd-42da-944b-a3ab94a77340 age=70 x=-0.9253525184849959 y=162.0532703807979 z=20.983356521956313 vx=0.0
[30Sep2026 04:21:16.517] [Server thread/INFO] [magnetization/aircraft-network-audit/]: AIRCRAFT_SERVER type=aviator_dream:fokker_fviib3m uuid=f4fdcab4-0cbd-42da-944b-a3ab94a77340 age=80 x=-2.246300505221623 y=159.53342256287738 z=25.689011412692345 vx=0.0
[30Sep2026 04:21:16.525] [Server thread/WARN] [net.minecraft.server.network.ServerGamePacketListenerImpl/]: AuditObserver moved too quickly! -1.9866752459185841,-5.115497648502981,9.27969581124492
[30Sep2026 04:21:17.016] [Server thread/INFO] [magnetization/aircraft-network-audit/]: AIRCRAFT_SERVER type=aviator_dream:fokker_fviib3m uuid=f4fdcab4-0cbd-42da-944b-a3ab94a77340 age=90 x=-3.9932984591280243 y=157.0879835297089 z=30.50369177659413 vx=0.0
[30Sep2026 04:21:17.516] [Server thread/INFO] [magnetization/aircraft-network-audit/]: AIRCRAFT_SERVER type=aviator_dream:fokker_fviib3m uuid=f4fdcab4-0cbd-42da-944b-a3ab94a77340 age=100 x=-6.027034711270092 y=154.70744356731845 z=35.42246807500835 vx=0.0
[30Sep2026 04:21:17.531] [Server thread/WARN] [net.minecraft.server.network.ServerGamePacketListenerImpl/]: AuditObserver moved too quickly! -3.780734206048469,-4.825978995558927,9.733456662316001
[30Sep2026 04:21:18.016] [Server thread/INFO] [magnetization/aircraft-network-audit/]: AIRCRAFT_SERVER type=aviator_dream:fokker_fviib3m uuid=f4fdcab4-0cbd-42da-944b-a3ab94a77340 age=110 x=-8.26302513119134 y=152.38216068387175 z=40.45370419285889 vx=0.0
[30Sep2026 04:21:18.516] [Server thread/INFO] [magnetization/aircraft-network-audit/]: AIRCRAFT_SERVER type=aviator_dream:fokker_fviib3m uuid=f4fdcab4-0cbd-42da-944b-a3ab94a77340 age=120 x=-9.744418947376827 y=150.04881304845463 z=45.62487053960246 vx=0.0
[30Sep2026 04:21:18.537] [Server thread/WARN] [net.minecraft.server.network.ServerGamePacketListenerImpl/]: AuditObserver moved too quickly! -3.717384236106735,-4.658630518863816,10.202402464594115
[30Sep2026 04:21:19.016] [Server thread/INFO] [magnetization/aircraft-network-audit/]: AIRCRAFT_SERVER type=aviator_dream:fokker_fviib3m uuid=f4fdcab4-0cbd-42da-944b-a3ab94a77340 age=130 x=-10.171478749558789 y=147.62615319456893 z=51.0096389539 vx=0.0
[30Sep2026 04:21:19.516] [Server thread/INFO] [magnetization/aircraft-network-audit/]: AIRCRAFT_SERVER type=aviator_dream:fokker_fviib3m uuid=f4fdcab4-0cbd-42da-944b-a3ab94a77340 age=140 x=-9.985743518065227 y=145.18701810431153 z=56.64485667439064 vx=0.0
[30Sep2026 04:21:19.517] [Server thread/WARN] [net.minecraft.server.network.ServerGamePacketListenerImpl/]: AuditObserver moved too quickly! -0.2413245706884002,-4.861794944143099,11.019986134788176
[30Sep2026 04:21:20.016] [Server thread/INFO] [magnetization/aircraft-network-audit/]: AIRCRAFT_SERVER type=aviator_dream:fokker_fviib3m uuid=f4fdcab4-0cbd-42da-944b-a3ab94a77340 age=150 x=-9.44923865916337 y=142.8102554144044 z=62.51066378850038 vx=0.0
[30Sep2026 04:21:20.516] [Server thread/INFO] [magnetization/aircraft-network-audit/]: AIRCRAFT_SERVER type=aviator_dream:fokker_fviib3m uuid=f4fdcab4-0cbd-42da-944b-a3ab94a77340 age=160 x=-8.714603026649119 y=140.53688228821466 z=68.56732495599476 vx=0.0
[30Sep2026 04:21:20.521] [Server thread/WARN] [net.minecraft.server.network.ServerGamePacketListenerImpl/]: AuditObserver moved too quickly! 1.2711404914161086,-4.650135816096878,11.922468281604125
[30Sep2026 04:21:21.016] [Server thread/INFO] [magnetization/aircraft-network-audit/]: AIRCRAFT_SERVER type=aviator_dream:fokker_fviib3m uuid=f4fdcab4-0cbd-42da-944b-a3ab94a77340 age=170 x=-8.323569482878085 y=138.37141494104648 z=74.78647021352013 vx=0.0
[30Sep2026 04:21:21.516] [Server thread/INFO] [magnetization/aircraft-network-audit/]: AIRCRAFT_SERVER type=aviator_dream:fokker_fviib3m uuid=f4fdcab4-0cbd-42da-944b-a3ab94a77340 age=180 x=-8.464384834605145 y=136.30829780926516 z=81.16459011751601 vx=0.0
[30Sep2026 04:21:21.517] [Server thread/ERROR] [magnetization/aircraft-network-audit/]: AIRCRAFT_NETWORK_FAILED
java.lang.IllegalStateException: Repulsion did not reverse piloted motion for aviator_dream:fokker_fviib3m; before=-8.26302513119134 after=-8.464384834605145
	at TRANSFORMER/magnetization@1.4.6/com.stonytark.magnetization.gametest.AircraftNetworkAudit.tick(AircraftNetworkAudit.java:71) ~[%23127!/:?]
	at MC-BOOTSTRAP/net.neoforged.bus/net.neoforged.bus.EventBus.post(EventBus.java:360) ~[bus-8.0.5.jar%23106!/:?]
	at MC-BOOTSTRAP/net.neoforged.bus/net.neoforged.bus.EventBus.post(EventBus.java:328) ~[bus-8.0.5.jar%23106!/:?]
	at TRANSFORMER/neoforge@21.1.252/net.neoforged.neoforge.event.EventHooks.fireServerTickPost(EventHooks.java:1020) ~[neoforge-21.1.252.jar%23126!/:?]
	at TRANSFORMER/minecraft@1.21.1/net.minecraft.server.MinecraftServer.tickServer(MinecraftServer.java:943) ~[neoforge-21.1.252.jar%23125!/:?]
	at TRANSFORMER/minecraft@1.21.1/net.minecraft.server.MinecraftServer.runServer(MinecraftServer.java:707) ~[neoforge-21.1.252.jar%23125!/:?]
	at TRANSFORMER/minecraft@1.21.1/net.minecraft.server.MinecraftServer.lambda$spin$2(MinecraftServer.java:267) ~[neoforge-21.1.252.jar%23125!/:?]
	at java.base/java.lang.Thread.run(Thread.java:1583) [?:?]
[30Sep2026 04:21:21.525] [Server thread/WARN] [net.minecraft.server.network.ServerGamePacketListenerImpl/]: AuditObserver moved too quickly! 0.2502181920439739,-4.2285844789495,12.59726516152125
[30Sep2026 04:21:24.866] [Server thread/INFO] [net.minecraft.server.MinecraftServer/]: Stopping server
[30Sep2026 04:21:24.867] [Server thread/INFO] [net.minecraft.server.MinecraftServer/]: Saving players
