[30Sep2026 04:13:11.823] [main/INFO] [cpw.mods.modlauncher.Launcher/MODLAUNCHER]: ModLauncher running: args [--launchTarget, forgeserverdev, --gameDir, ., --fml.fmlVersion, 4.0.44, --fml.mcVersion, 1.21.1, --fml.neoForgeVersion, 21.1.252, --fml.neoFormVersion, 20240808.144430, nogui]
[30Sep2026 04:13:11.824] [main/INFO] [cpw.mods.modlauncher.Launcher/MODLAUNCHER]: JVM identified as Arch Linux OpenJDK 64-Bit Server VM 21.0.12.1+1
[30Sep2026 04:13:11.825] [main/INFO] [cpw.mods.modlauncher.Launcher/MODLAUNCHER]: ModLauncher 11.0.5+main.901c6ea8 starting: java version 21.0.12.1 by Arch Linux; OS Linux arch amd64 version 7.2.7-zen1-1-zen
[30Sep2026 04:13:11.869] [main/INFO] [net.neoforged.fml.loading.ImmediateWindowHandler/]: ImmediateWindowProvider not loading because launch target is forgeserverdev
[30Sep2026 04:13:11.888] [main/INFO] [mixin/]: SpongePowered MIXIN Subsystem Version=0.8.7 Source=union:/home/braydon/.gradle/caches/modules-2/files-2.1/net.fabricmc/sponge-mixin/0.15.2+mixin.0.8.7/2af2f021d8e02a0220dc27a7a72b4666d66d44ca/sponge-mixin-0.15.2+mixin.0.8.7.jar%2394!/ Service=ModLauncher Env=SERVER
[30Sep2026 04:13:12.130] [main/WARN] [net.neoforged.jarjar.selection.JarSelector/]: Attempted to select a dependency jar for JarJar which was passed in as source: library:Registrate.MC1._21._67. Using Mod File: /home/braydon/.gradle/caches/modules-2/files-2.1/com.tterrag.registrate/Registrate/MC1.21-1.3.0+67/66ddc4cd56472fea1ea1a24182901e6c92a51c0a/Registrate-MC1.21-1.3.0+67.jar
[30Sep2026 04:13:12.130] [main/WARN] [net.neoforged.jarjar.selection.JarSelector/]: Attempted to select a dependency jar for JarJar which was passed in as source: veil. Using Mod File: /home/braydon/.gradle/caches/modules-2/files-2.1/foundry.veil/veil-neoforge-1.21.1/4.1.4/642ec0bd02213ee087d86eda553d6d79c6a04d2b/veil-neoforge-1.21.1-4.1.4.jar
[30Sep2026 04:13:12.130] [main/WARN] [net.neoforged.jarjar.selection.JarSelector/]: Attempted to select a dependency jar for JarJar which was passed in as source: sablecompanion. Using Mod File: /home/braydon/.gradle/caches/modules-2/files-2.1/dev.ryanhcode.sable-companion/sable-companion-common-1.21.1/1.6.0/370be7db705926176e05c0215ed676150c45daae/sable-companion-common-1.21.1-1.6.0.jar
[30Sep2026 04:13:12.130] [main/WARN] [net.neoforged.jarjar.selection.JarSelector/]: Attempted to select a dependency jar for JarJar which was passed in as source: flywheel. Using Mod File: /home/braydon/.gradle/caches/modules-2/files-2.1/dev.engine-room.flywheel/flywheel-neoforge-1.21.1/1.0.6/a943872ad0bdd4458d818d8d7dc123fb250eb744/flywheel-neoforge-1.21.1-1.0.6.jar
[30Sep2026 04:13:12.131] [main/WARN] [net.neoforged.jarjar.selection.JarSelector/]: Attempted to select a dependency jar for JarJar which was passed in as source: library:sable_rapier. Using Mod File: /home/braydon/.gradle/caches/modules-2/files-2.1/dev.ryanhcode.sable/sable-sable_rapier-1.21.1/2.0.3/a88c0860320890144b6b44c332a2a2db3a61e189/sable-sable_rapier-1.21.1-2.0.3.jar
[30Sep2026 04:13:12.131] [main/WARN] [net.neoforged.jarjar.selection.JarSelector/]: Attempted to select a dependency jar for JarJar which was passed in as source: ponder. Using Mod File: /home/braydon/.gradle/caches/modules-2/files-2.1/net.createmod.ponder/ponder-neoforge/1.0.87+mc1.21.1/7783eeff0389f8c6003457133b9dd98e903266c6/ponder-neoforge-1.0.87+mc1.21.1.jar
[30Sep2026 04:13:12.131] [main/INFO] [net.neoforged.fml.loading.moddiscovery.locators.JarInJarDependencyLocator/]: Found 5 dependencies adding them to mods collection
[30Sep2026 04:13:12.132] [main/INFO] [net.neoforged.fml.loading.moddiscovery.ModDiscoverer/]:
     Mod List:
		Name Version (Mod Id)

		Aviator Dreams (Reloaded) 1.2.7+1.21.1 (aviator_dream)
		Create 6.0.11 (create)
		Create Aeronautics 1.3.0 (aeronautics)
		Create Simulated 1.3.0 (simulated)
		Flywheel 1.0.6 (flywheel)
		Immersive Aircraft 1.5.2+1.21.1 (immersive_aircraft)
		Magnetization 1.4.6 (magnetization)
		Minecraft 1.21.1 (minecraft)
		NeoForge 21.1.252 (neoforge)
		Ponder 1.0.87+mc1.21.1 (ponder)
		Sable 2.0.3 (sable)
		Sable Companion 1.6.0 (sablecompanion)
		TerraBlender 4.1.0.8 (terrablender)
		Veil 4.1.4 (veil)
[30Sep2026 04:13:12.558] [main/INFO] [mixin/]: Compatibility level set to JAVA_21
[30Sep2026 04:13:12.577] [main/INFO] [cpw.mods.modlauncher.LaunchServiceHandler/MODLAUNCHER]: Launching target 'forgeserverdev' with arguments [--gameDir, ., nogui]
[30Sep2026 04:13:12.616] [main/WARN] [mixin/]: Reference map 'simulated.refmap.json' for simulated.mixins.json could not be read. If this is a development environment you can ignore this message
[30Sep2026 04:13:12.618] [main/WARN] [mixin/]: Reference map 'aeronautics.refmap.json' for aeronautics.mixins.json could not be read. If this is a development environment you can ignore this message
[30Sep2026 04:13:12.622] [main/WARN] [mixin/]: Reference map 'ponder.refmap.json' for ponder-common.mixins.json could not be read. If this is a development environment you can ignore this message
[30Sep2026 04:13:12.626] [main/INFO] [dev.ryanhcode.sable.mixin.AbstractSableMixinPlugin/]: Using Vanilla renderer mixins
[30Sep2026 04:13:12.626] [main/INFO] [dev.ryanhcode.sable.mixin.AbstractSableMixinPlugin/]: Using Vanilla renderer mixins
[30Sep2026 04:13:12.636] [main/WARN] [mixin/]: Reference map 'terrablender.refmap.json' for terrablender.mixins.json could not be read. If this is a development environment you can ignore this message
[30Sep2026 04:13:12.636] [main/WARN] [mixin/]: Reference map 'terrablender.refmap.json' for terrablender_neoforge.mixins.json could not be read. If this is a development environment you can ignore this message
[30Sep2026 04:13:12.752] [main/WARN] [mixin/]: Error loading class: mezz/jei/library/plugins/vanilla/ingredients/ItemStackListFactory (java.lang.ClassNotFoundException: mezz.jei.library.plugins.vanilla.ingredients.ItemStackListFactory)
[30Sep2026 04:13:12.847] [main/ERROR] [net.neoforged.fml.common.asm.RuntimeDistCleaner/DISTXFORM]: Attempted to load class net/minecraft/client/multiplayer/ClientLevel for invalid dist DEDICATED_SERVER
[30Sep2026 04:13:12.848] [main/WARN] [mixin/]: Error loading class: net/minecraft/client/multiplayer/ClientLevel (java.lang.RuntimeException: Attempted to load class net/minecraft/client/multiplayer/ClientLevel for invalid dist DEDICATED_SERVER)
[30Sep2026 04:13:12.875] [main/ERROR] [net.neoforged.fml.common.asm.RuntimeDistCleaner/DISTXFORM]: Attempted to load class net/minecraft/client/multiplayer/ClientLevel for invalid dist DEDICATED_SERVER
[30Sep2026 04:13:12.875] [main/WARN] [mixin/]: Error loading class: net/minecraft/client/multiplayer/ClientLevel (java.lang.RuntimeException: Attempted to load class net/minecraft/client/multiplayer/ClientLevel for invalid dist DEDICATED_SERVER)
[30Sep2026 04:13:12.886] [main/ERROR] [net.neoforged.fml.common.asm.RuntimeDistCleaner/DISTXFORM]: Attempted to load class net/minecraft/client/multiplayer/ClientLevel for invalid dist DEDICATED_SERVER
[30Sep2026 04:13:12.886] [main/WARN] [mixin/]: Error loading class: net/minecraft/client/multiplayer/ClientLevel (java.lang.RuntimeException: Attempted to load class net/minecraft/client/multiplayer/ClientLevel for invalid dist DEDICATED_SERVER)
[30Sep2026 04:13:12.944] [main/WARN] [mixin/]: Error loading class: com/copycatsplus/copycats/foundation/copycat/CCCopycatBlockEntity (java.lang.ClassNotFoundException: com.copycatsplus.copycats.foundation.copycat.CCCopycatBlockEntity)
[30Sep2026 04:13:12.945] [main/WARN] [mixin/]: Error loading class: com/copycatsplus/copycats/foundation/copycat/multistate/MultiStateCopycatBlockEntity (java.lang.ClassNotFoundException: com.copycatsplus.copycats.foundation.copycat.multistate.MultiStateCopycatBlockEntity)
[30Sep2026 04:13:12.945] [main/WARN] [mixin/]: Error loading class: com/jesz/createdieselgenerators/content/tools/ChemicalSprayerProjectileEntity (java.lang.ClassNotFoundException: com.jesz.createdieselgenerators.content.tools.ChemicalSprayerProjectileEntity)
[30Sep2026 04:13:12.946] [main/WARN] [mixin/]: Error loading class: qouteall/imm_ptl/core/compat/sable_integration/IPSableBridge (java.lang.ClassNotFoundException: qouteall.imm_ptl.core.compat.sable_integration.IPSableBridge)
[30Sep2026 04:13:12.947] [main/WARN] [mixin/]: Error loading class: com/github/alexmodguy/alexscaves/server/block/blockentity/TeslaBulbBlockEntity (java.lang.ClassNotFoundException: com.github.alexmodguy.alexscaves.server.block.blockentity.TeslaBulbBlockEntity)
[30Sep2026 04:13:12.947] [main/WARN] [mixin/]: Error loading class: dev/devce/rocketnautics/content/orbit/DeepSpaceData (java.lang.ClassNotFoundException: dev.devce.rocketnautics.content.orbit.DeepSpaceData)
[30Sep2026 04:13:12.976] [main/WARN] [mixin/]: Error loading class: org/jetbrains/annotations/ApiStatus$ScheduledForRemoval (java.lang.ClassNotFoundException: org.jetbrains.annotations.ApiStatus$ScheduledForRemoval)
[30Sep2026 04:13:12.983] [main/ERROR] [net.neoforged.fml.common.asm.RuntimeDistCleaner/DISTXFORM]: Attempted to load class net/minecraft/client/multiplayer/ClientLevel for invalid dist DEDICATED_SERVER
[30Sep2026 04:13:12.984] [main/WARN] [mixin/]: Error loading class: net/minecraft/client/multiplayer/ClientLevel (java.lang.RuntimeException: Attempted to load class net/minecraft/client/multiplayer/ClientLevel for invalid dist DEDICATED_SERVER)
[30Sep2026 04:13:12.984] [main/ERROR] [net.neoforged.fml.common.asm.RuntimeDistCleaner/DISTXFORM]: Attempted to load class net/minecraft/client/multiplayer/ClientLevel for invalid dist DEDICATED_SERVER
[30Sep2026 04:13:12.984] [main/WARN] [mixin/]: Error loading class: net/minecraft/client/multiplayer/ClientLevel (java.lang.RuntimeException: Attempted to load class net/minecraft/client/multiplayer/ClientLevel for invalid dist DEDICATED_SERVER)
[30Sep2026 04:13:12.990] [main/ERROR] [net.neoforged.fml.common.asm.RuntimeDistCleaner/DISTXFORM]: Attempted to load class net/minecraft/client/multiplayer/ClientLevel for invalid dist DEDICATED_SERVER
[30Sep2026 04:13:12.990] [main/WARN] [mixin/]: Error loading class: net/minecraft/client/multiplayer/ClientLevel (java.lang.RuntimeException: Attempted to load class net/minecraft/client/multiplayer/ClientLevel for invalid dist DEDICATED_SERVER)
[30Sep2026 04:13:12.990] [main/ERROR] [net.neoforged.fml.common.asm.RuntimeDistCleaner/DISTXFORM]: Attempted to load class net/minecraft/client/multiplayer/ClientLevel for invalid dist DEDICATED_SERVER
[30Sep2026 04:13:12.991] [main/WARN] [mixin/]: Error loading class: net/minecraft/client/multiplayer/ClientLevel (java.lang.RuntimeException: Attempted to load class net/minecraft/client/multiplayer/ClientLevel for invalid dist DEDICATED_SERVER)
[30Sep2026 04:13:12.995] [main/ERROR] [net.neoforged.fml.common.asm.RuntimeDistCleaner/DISTXFORM]: Attempted to load class net/minecraft/client/multiplayer/ClientLevel for invalid dist DEDICATED_SERVER
[30Sep2026 04:13:12.995] [main/WARN] [mixin/]: Error loading class: net/minecraft/client/multiplayer/ClientLevel (java.lang.RuntimeException: Attempted to load class net/minecraft/client/multiplayer/ClientLevel for invalid dist DEDICATED_SERVER)
[30Sep2026 04:13:12.996] [main/ERROR] [net.neoforged.fml.common.asm.RuntimeDistCleaner/DISTXFORM]: Attempted to load class net/minecraft/client/multiplayer/ClientLevel for invalid dist DEDICATED_SERVER
[30Sep2026 04:13:12.996] [main/WARN] [mixin/]: Error loading class: net/minecraft/client/multiplayer/ClientLevel (java.lang.RuntimeException: Attempted to load class net/minecraft/client/multiplayer/ClientLevel for invalid dist DEDICATED_SERVER)
[30Sep2026 04:13:13.051] [main/INFO] [MixinExtras|Service/]: Initializing MixinExtras via com.llamalad7.mixinextras.service.MixinExtrasServiceImpl(version=0.5.3).
[30Sep2026 04:13:13.661] [main/ERROR] [net.neoforged.fml.common.asm.RuntimeDistCleaner/DISTXFORM]: Attempted to load class net/minecraft/client/multiplayer/ClientLevel for invalid dist DEDICATED_SERVER
[30Sep2026 04:13:13.661] [main/WARN] [mixin/]: Error loading class: net/minecraft/client/multiplayer/ClientLevel (java.lang.RuntimeException: Attempted to load class net/minecraft/client/multiplayer/ClientLevel for invalid dist DEDICATED_SERVER)
[30Sep2026 04:13:13.664] [main/ERROR] [net.neoforged.fml.common.asm.RuntimeDistCleaner/DISTXFORM]: Attempted to load class net/minecraft/client/multiplayer/ClientLevel for invalid dist DEDICATED_SERVER
[30Sep2026 04:13:13.665] [main/WARN] [mixin/]: Error loading class: net/minecraft/client/multiplayer/ClientLevel (java.lang.RuntimeException: Attempted to load class net/minecraft/client/multiplayer/ClientLevel for invalid dist DEDICATED_SERVER)
[30Sep2026 04:13:13.669] [main/ERROR] [net.neoforged.fml.common.asm.RuntimeDistCleaner/DISTXFORM]: Attempted to load class net/minecraft/client/multiplayer/ClientLevel for invalid dist DEDICATED_SERVER
[30Sep2026 04:13:13.669] [main/WARN] [mixin/]: Error loading class: net/minecraft/client/multiplayer/ClientLevel (java.lang.RuntimeException: Attempted to load class net/minecraft/client/multiplayer/ClientLevel for invalid dist DEDICATED_SERVER)
[30Sep2026 04:13:16.007] [main/WARN] [net.minecraft.commands.Commands/]: Ambiguity between arguments [teleport, location] and [teleport, destination] with inputs: [0.1 -0.5 .9, 0 0 0]
[30Sep2026 04:13:16.008] [main/WARN] [net.minecraft.commands.Commands/]: Ambiguity between arguments [teleport, location] and [teleport, targets] with inputs: [0.1 -0.5 .9, 0 0 0]
[30Sep2026 04:13:16.009] [main/WARN] [net.minecraft.commands.Commands/]: Ambiguity between arguments [teleport, destination] and [teleport, targets] with inputs: [Player, 0123, @e, dd12be42-52a9-4a91-a8a1-11c01849e498]
[30Sep2026 04:13:16.010] [main/WARN] [net.minecraft.commands.Commands/]: Ambiguity between arguments [teleport, targets] and [teleport, destination] with inputs: [Player, 0123, dd12be42-52a9-4a91-a8a1-11c01849e498]
[30Sep2026 04:13:16.011] [main/WARN] [net.minecraft.commands.Commands/]: Ambiguity between arguments [teleport, targets, location] and [teleport, targets, destination] with inputs: [0.1 -0.5 .9, 0 0 0]
[30Sep2026 04:13:16.039] [modloading-worker-0/INFO] [Veil/]: Veil is initializing.
[30Sep2026 04:13:16.047] [modloading-worker-0/INFO] [net.neoforged.neoforge.common.NeoForgeMod/NEOFORGE-MOD]: NeoForge mod loading, version 21.1.252, for MC 1.21.1
[30Sep2026 04:13:16.057] [modloading-worker-0/INFO] [com.simibubi.create.Create/]: Create 6.0.11 initializing! Commit hash: 87b3c6a65fd00c023a07b37b0353144bc7e6a5bf
[30Sep2026 04:13:16.706] [modloading-worker-0/INFO] [dev.ryanhcode.sable.Sable/]: Sable loaded!
[30Sep2026 04:13:17.747] [modloading-sync-worker/INFO] [terrablender/]: Registered region minecraft:overworld to index 0 for type OVERWORLD
[30Sep2026 04:13:17.747] [modloading-sync-worker/INFO] [terrablender/]: Registered region minecraft:nether to index 0 for type NETHER
[30Sep2026 04:13:17.747] [modloading-sync-worker/INFO] [terrablender/]: Registered region magnetization:anomaly_region to index 1 for type OVERWORLD
[30Sep2026 04:13:17.747] [modloading-sync-worker/INFO] [terrablender/]: Registered region magnetization:petrified_forest_region to index 2 for type OVERWORLD
[30Sep2026 04:13:17.748] [modloading-sync-worker/INFO] [magnetization/]: Surface rules registered for OVERWORLD category (anomaly + petrified_forest)
[30Sep2026 04:13:17.791] [main/INFO] [com.mojang.authlib.yggdrasil.YggdrasilAuthenticationService/]: Environment: Environment[sessionHost=https://sessionserver.mojang.com, servicesHost=https://api.minecraftservices.com, name=PROD]
[30Sep2026 04:13:17.816] [NeoForge Version Check/INFO] [net.neoforged.fml.VersionChecker/]: [aviator_dream] Starting version check at https://api.modrinth.com/updates/aviator-dreams-reloaded/forge_updates.json?neoforge_only
[30Sep2026 04:13:18.048] [main/WARN] [net.minecraft.server.packs.VanillaPackResourcesBuilder/]: Assets URL 'union:/home/braydon/Magnetization-API/build/moddev/artifacts/neoforge-21.1.252.jar%23125!/assets/.mcassetsroot' uses unexpected schema
[30Sep2026 04:13:18.048] [main/WARN] [net.minecraft.server.packs.VanillaPackResourcesBuilder/]: Assets URL 'union:/home/braydon/Magnetization-API/build/moddev/artifacts/neoforge-21.1.252.jar%23125!/data/.mcassetsroot' uses unexpected schema
[30Sep2026 04:13:18.077] [main/INFO] [com.simibubi.create.Create/]: Created 157 recipes which will be injected into the game
[30Sep2026 04:13:18.080] [main/INFO] [com.simibubi.create.Create/]: Created 0 tags which will be injected into the game
[30Sep2026 04:13:18.648] [main/INFO] [net.minecraft.world.item.crafting.RecipeManager/]: Loaded 3269 recipes
[30Sep2026 04:13:18.744] [main/INFO] [net.minecraft.advancements.AdvancementTree/]: Loaded 2940 advancements
[30Sep2026 04:13:18.760] [main/INFO] [com.stonytark.magnetization.content.gas.GasExcitationProfiles/]: Loaded 0 gas excitation fluid profile bindings
[30Sep2026 04:13:18.768] [main/WARN] [net.minecraft.core.MappedRegistry/]: Not all defined tags for registry ResourceKey[minecraft:root / minecraft:item] are present in data pack: c:ingots/aluminum
[30Sep2026 04:13:18.880] [NeoForge Version Check/INFO] [net.neoforged.fml.VersionChecker/]: [aviator_dream] Found status: BETA Current: 1.2.7+1.21.1 Target: null
[30Sep2026 04:13:19.662] [Server thread/INFO] [net.minecraft.server.dedicated.DedicatedServer/]: Starting minecraft server version 1.21.1
[30Sep2026 04:13:19.662] [Server thread/INFO] [net.minecraft.server.dedicated.DedicatedServer/]: Loading properties
[30Sep2026 04:13:19.662] [Server thread/INFO] [net.minecraft.server.dedicated.DedicatedServer/]: Default game type: SURVIVAL
[30Sep2026 04:13:19.662] [Server thread/INFO] [net.minecraft.server.MinecraftServer/]: Generating keypair
[30Sep2026 04:13:19.722] [Server thread/INFO] [net.minecraft.server.dedicated.DedicatedServer/]: Starting Minecraft server on 127.0.0.1:25585
[30Sep2026 04:13:19.742] [Server thread/INFO] [dev.ryanhcode.sable.Sable/]: Adding UDP server channel future
[30Sep2026 04:13:19.760] [Netty Epoll Server IO #0/WARN] [io.netty.channel.AbstractChannel/]: A non-root user can't receive a broadcast packet if the socket is not bound to a wildcard address; binding to a non-wildcard address (/127.0.0.1:25585) anyway as requested.
[30Sep2026 04:13:19.760] [Netty Epoll Server IO #0/INFO] [dev.ryanhcode.sable.Sable/]: Server UDP channel active
[30Sep2026 04:13:19.761] [Server thread/INFO] [net.minecraft.server.network.ServerConnectionListener/]: Using epoll channel type
[30Sep2026 04:13:19.763] [Server thread/WARN] [net.minecraft.server.dedicated.DedicatedServer/]: **** SERVER IS RUNNING IN OFFLINE/INSECURE MODE!
[30Sep2026 04:13:19.763] [Server thread/WARN] [net.minecraft.server.dedicated.DedicatedServer/]: The server will make no attempt to authenticate usernames. Beware.
[30Sep2026 04:13:19.763] [Server thread/WARN] [net.minecraft.server.dedicated.DedicatedServer/]: While this makes the game possible to play without internet access, it also opens up the ability for hackers to connect with any username they choose.
[30Sep2026 04:13:19.763] [Server thread/WARN] [net.minecraft.server.dedicated.DedicatedServer/]: To change this, set "online-mode" to "true" in the server.properties file.
[30Sep2026 04:13:19.790] [Server thread/INFO] [terrablender/]: Initialized TerraBlender biomes for level stem minecraft:the_nether
[30Sep2026 04:13:19.791] [Server thread/INFO] [net.minecraft.server.dedicated.DedicatedServer/]: Preparing level "world"
[30Sep2026 04:13:19.804] [Server thread/INFO] [dev.ryanhcode.sable.Sable/]: Creating physics pipeline for ResourceKey[minecraft:dimension / minecraft:overworld] using RapierPhysicsPipelineProvider
[30Sep2026 04:13:20.011] [Server thread/INFO] [dev.ryanhcode.sable.Sable/]: Creating physics pipeline for ResourceKey[minecraft:dimension / minecraft:the_nether] using RapierPhysicsPipelineProvider
[30Sep2026 04:13:20.027] [Server thread/INFO] [dev.ryanhcode.sable.Sable/]: Creating physics pipeline for ResourceKey[minecraft:dimension / minecraft:the_end] using RapierPhysicsPipelineProvider
[30Sep2026 04:13:20.042] [Server thread/INFO] [net.minecraft.server.MinecraftServer/]: Preparing start region for dimension minecraft:overworld
[30Sep2026 04:13:20.074] [worldgen/INFO] [net.minecraft.server.level.progress.LoggerChunkProgressListener/]: Preparing spawn area: 2%
[30Sep2026 04:13:20.106] [Server thread/INFO] [net.minecraft.server.level.progress.LoggerChunkProgressListener/]: Time elapsed: 64 ms
[30Sep2026 04:13:20.106] [Server thread/INFO] [net.minecraft.server.dedicated.DedicatedServer/]: Done (0.338s)! For help, type "help"
[30Sep2026 04:13:20.112] [LanServerPinger #1/WARN] [net.minecraft.client.server.LanServerPinger/]: LanServerPinger: Network is unreachable
[30Sep2026 04:13:20.135] [Server thread/INFO] [net.neoforged.neoforge.gametest.GameTestHooks/]: Enabled Gametest Namespaces: [magnetization]
[30Sep2026 04:13:20.171] [Server thread/INFO] [net.neoforged.neoforge.server.permission.PermissionAPI/]: Successfully initialized permission handler neoforge:default_handler
[30Sep2026 04:13:20.175] [Server thread/INFO] [magnetization/]: Stripped 1 recipe(s) producing disabled magnetization content.
[30Sep2026 04:13:40.175] [Server thread/INFO] [net.minecraft.server.players.PlayerList/]: AuditPilot[/127.0.0.1:56458] logged in with entity id 1 at (-142.90334840800807, 152.71975708007812, 46.57425186245638)
[30Sep2026 04:13:40.180] [Server thread/INFO] [dev.ryanhcode.sable.Sable/]: Beginning attempted authentication with player AuditPilot
[30Sep2026 04:13:40.196] [Server thread/INFO] [net.minecraft.server.MinecraftServer/]: AuditPilot joined the game
[30Sep2026 04:13:40.393] [Netty Epoll Server IO #0/INFO] [dev.ryanhcode.sable.Sable/]: UDP authentication complete with /127.0.0.1:56458, UDP routing to /127.0.0.1:52442
[30Sep2026 04:14:01.645] [Server thread/INFO] [net.minecraft.server.players.PlayerList/]: AuditObserver[/127.0.0.1:45614] logged in with entity id 15 at (-59.72730024251315, 171.80203325164734, 7.808770331606763)
[30Sep2026 04:14:01.646] [Server thread/INFO] [dev.ryanhcode.sable.Sable/]: Beginning attempted authentication with player AuditObserver
[30Sep2026 04:14:01.651] [Server thread/INFO] [net.minecraft.server.MinecraftServer/]: AuditObserver joined the game
[30Sep2026 04:14:01.667] [Server thread/INFO] [magnetization/aircraft-network-audit/]: AIRCRAFT_BEGIN type=immersive_aircraft:airship uuid=7a8b2b5a-399a-419a-97b2-fab60841418a
[30Sep2026 04:14:01.846] [Netty Epoll Server IO #0/INFO] [dev.ryanhcode.sable.Sable/]: UDP authentication complete with /127.0.0.1:45614, UDP routing to /127.0.0.1:56512
[30Sep2026 04:14:02.028] [Server thread/INFO] [magnetization/aircraft-network-audit/]: AIRCRAFT_SERVER type=immersive_aircraft:airship uuid=7a8b2b5a-399a-419a-97b2-fab60841418a age=10 x=0.029102082432567684 y=179.09760247880823 z=0.0370220465059984 vx=0.0
[30Sep2026 04:14:02.526] [Server thread/INFO] [magnetization/aircraft-network-audit/]: AIRCRAFT_SERVER type=immersive_aircraft:airship uuid=7a8b2b5a-399a-419a-97b2-fab60841418a age=20 x=0.110885112233446 y=176.45835036916452 z=0.18861481913989303 vx=0.0
[30Sep2026 04:14:03.026] [Server thread/INFO] [magnetization/aircraft-network-audit/]: AIRCRAFT_SERVER type=immersive_aircraft:airship uuid=7a8b2b5a-399a-419a-97b2-fab60841418a age=30 x=0.19079908001905654 y=173.50704532029206 z=0.4070244962963038 vx=0.0
[30Sep2026 04:14:03.527] [Server thread/INFO] [magnetization/aircraft-network-audit/]: AIRCRAFT_SERVER type=immersive_aircraft:airship uuid=7a8b2b5a-399a-419a-97b2-fab60841418a age=40 x=0.2451685339107799 y=170.78224163892918 z=0.6360119136799345 vx=0.0
[30Sep2026 04:14:04.027] [Server thread/INFO] [magnetization/aircraft-network-audit/]: AIRCRAFT_SERVER type=immersive_aircraft:airship uuid=7a8b2b5a-399a-419a-97b2-fab60841418a age=50 x=0.2688838320770199 y=168.4323294001078 z=0.8344749021476174 vx=0.0
[30Sep2026 04:14:04.533] [Server thread/INFO] [magnetization/aircraft-network-audit/]: AIRCRAFT_SERVER type=immersive_aircraft:airship uuid=7a8b2b5a-399a-419a-97b2-fab60841418a age=60 x=0.2656812086735076 y=166.46356959027162 z=0.9790928292089637 vx=-0.010000000000000002
[30Sep2026 04:14:05.027] [Server thread/INFO] [magnetization/aircraft-network-audit/]: AIRCRAFT_SERVER type=immersive_aircraft:airship uuid=7a8b2b5a-399a-419a-97b2-fab60841418a age=70 x=-0.12823442289275797 y=166.18324674959945 z=1.0299640221242945 vx=-0.11000000000000004
[30Sep2026 04:14:05.526] [Server thread/INFO] [magnetization/aircraft-network-audit/]: AIRCRAFT_SERVER type=immersive_aircraft:airship uuid=7a8b2b5a-399a-419a-97b2-fab60841418a age=80 x=-1.3874573788846498 y=166.088741606162 z=1.1601583707188172 vx=-0.21000000000000013
[30Sep2026 04:14:06.027] [Server thread/INFO] [magnetization/aircraft-network-audit/]: AIRCRAFT_SERVER type=immersive_aircraft:airship uuid=7a8b2b5a-399a-419a-97b2-fab60841418a age=90 x=-3.5080204754505866 y=166.01152400277394 z=1.3819593050850794 vx=-0.3100000000000002
[30Sep2026 04:14:06.527] [Server thread/INFO] [magnetization/aircraft-network-audit/]: AIRCRAFT_SERVER type=immersive_aircraft:airship uuid=7a8b2b5a-399a-419a-97b2-fab60841418a age=100 x=-6.482527836672136 y=165.94843157216204 z=1.696780227036986 vx=-0.4100000000000003
[30Sep2026 04:14:07.026] [Server thread/INFO] [magnetization/aircraft-network-audit/]: AIRCRAFT_SERVER type=immersive_aircraft:airship uuid=7a8b2b5a-399a-419a-97b2-fab60841418a age=110 x=-10.303018916425058 y=165.89688047210652 z=2.1059024083876112 vx=-0.4900000000000003
[30Sep2026 04:14:07.528] [Server thread/INFO] [magnetization/aircraft-network-audit/]: AIRCRAFT_SERVER type=immersive_aircraft:airship uuid=7a8b2b5a-399a-419a-97b2-fab60841418a age=120 x=-14.194519428019639 y=165.8547594870632 z=2.5259557058100714 vx=-0.39000000000000024
[30Sep2026 04:14:08.027] [Server thread/INFO] [magnetization/aircraft-network-audit/]: AIRCRAFT_SERVER type=immersive_aircraft:airship uuid=7a8b2b5a-399a-419a-97b2-fab60841418a age=130 x=-17.221308454967296 y=165.8203435775885 z=2.8539485340862165 vx=-0.29000000000000015
[30Sep2026 04:14:08.527] [Server thread/INFO] [magnetization/aircraft-network-audit/]: AIRCRAFT_SERVER type=immersive_aircraft:airship uuid=7a8b2b5a-399a-419a-97b2-fab60841418a age=140 x=-19.39044810065731 y=165.79222326552625 z=3.0894619469189077 vx=-0.19000000000000006
[30Sep2026 04:14:09.027] [Server thread/INFO] [magnetization/aircraft-network-audit/]: AIRCRAFT_SERVER type=immersive_aircraft:airship uuid=7a8b2b5a-399a-419a-97b2-fab60841418a age=150 x=-20.707110399842676 y=165.76924691287132 z=3.232044448683121 vx=-0.08999999999999997
[30Sep2026 04:14:09.527] [Server thread/INFO] [magnetization/aircraft-network-audit/]: AIRCRAFT_SERVER type=immersive_aircraft:airship uuid=7a8b2b5a-399a-419a-97b2-fab60841418a age=160 x=-21.17412062529122 y=165.75047353634923 z=3.2811712184856763 vx=6.245004513516506E-17
[30Sep2026 04:14:10.027] [Server thread/INFO] [magnetization/aircraft-network-audit/]: AIRCRAFT_SERVER type=immersive_aircraft:airship uuid=7a8b2b5a-399a-419a-97b2-fab60841418a age=170 x=-21.182449068847966 y=165.68342644151707 z=3.275447977198977 vx=6.245004513516506E-17
[30Sep2026 04:14:10.526] [Server thread/INFO] [magnetization/aircraft-network-audit/]: AIRCRAFT_SERVER type=immersive_aircraft:airship uuid=7a8b2b5a-399a-419a-97b2-fab60841418a age=180 x=-21.19723884041895 y=165.56471004008088 z=3.269204533670779 vx=6.245004513516506E-17
[30Sep2026 04:14:10.527] [Server thread/ERROR] [magnetization/aircraft-network-audit/]: AIRCRAFT_NETWORK_FAILED
java.lang.IllegalStateException: Repulsion did not reverse piloted motion for immersive_aircraft:airship; before=-10.303018916425058 after=-21.19723884041895
	at TRANSFORMER/magnetization@1.4.6/com.stonytark.magnetization.gametest.AircraftNetworkAudit.tick(AircraftNetworkAudit.java:74) ~[%23127!/:?]
	at MC-BOOTSTRAP/net.neoforged.bus/net.neoforged.bus.EventBus.post(EventBus.java:360) ~[bus-8.0.5.jar%23106!/:?]
	at MC-BOOTSTRAP/net.neoforged.bus/net.neoforged.bus.EventBus.post(EventBus.java:328) ~[bus-8.0.5.jar%23106!/:?]
	at TRANSFORMER/neoforge@21.1.252/net.neoforged.neoforge.event.EventHooks.fireServerTickPost(EventHooks.java:1020) ~[neoforge-21.1.252.jar%23126!/:?]
	at TRANSFORMER/minecraft@1.21.1/net.minecraft.server.MinecraftServer.tickServer(MinecraftServer.java:943) ~[neoforge-21.1.252.jar%23125!/:?]
	at TRANSFORMER/minecraft@1.21.1/net.minecraft.server.MinecraftServer.runServer(MinecraftServer.java:707) ~[neoforge-21.1.252.jar%23125!/:?]
	at TRANSFORMER/minecraft@1.21.1/net.minecraft.server.MinecraftServer.lambda$spin$2(MinecraftServer.java:267) ~[neoforge-21.1.252.jar%23125!/:?]
	at java.base/java.lang.Thread.run(Thread.java:1583) [?:?]
[30Sep2026 04:14:14.226] [Server thread/INFO] [net.minecraft.server.MinecraftServer/]: Stopping server
[30Sep2026 04:14:14.227] [Server thread/INFO] [net.minecraft.server.MinecraftServer/]: Saving players
