[30Sep2026 03:48:36.384] [main/INFO] [cpw.mods.modlauncher.Launcher/MODLAUNCHER]: ModLauncher running: args [--launchTarget, forgeserverdev, --gameDir, ., --fml.fmlVersion, 4.0.44, --fml.mcVersion, 1.21.1, --fml.neoForgeVersion, 21.1.252, --fml.neoFormVersion, 20240808.144430]
[30Sep2026 03:48:36.385] [main/INFO] [cpw.mods.modlauncher.Launcher/MODLAUNCHER]: JVM identified as Arch Linux OpenJDK 64-Bit Server VM 21.0.12.1+1
[30Sep2026 03:48:36.386] [main/INFO] [cpw.mods.modlauncher.Launcher/MODLAUNCHER]: ModLauncher 11.0.5+main.901c6ea8 starting: java version 21.0.12.1 by Arch Linux; OS Linux arch amd64 version 7.2.7-zen1-1-zen
[30Sep2026 03:48:36.426] [main/INFO] [net.neoforged.fml.loading.ImmediateWindowHandler/]: ImmediateWindowProvider not loading because launch target is forgeserverdev
[30Sep2026 03:48:36.443] [main/INFO] [mixin/]: SpongePowered MIXIN Subsystem Version=0.8.7 Source=union:/home/braydon/.gradle/caches/modules-2/files-2.1/net.fabricmc/sponge-mixin/0.15.2+mixin.0.8.7/2af2f021d8e02a0220dc27a7a72b4666d66d44ca/sponge-mixin-0.15.2+mixin.0.8.7.jar%2394!/ Service=ModLauncher Env=SERVER
[30Sep2026 03:48:36.685] [main/WARN] [net.neoforged.jarjar.selection.JarSelector/]: Attempted to select a dependency jar for JarJar which was passed in as source: library:Registrate.MC1._21._67. Using Mod File: /home/braydon/.gradle/caches/modules-2/files-2.1/com.tterrag.registrate/Registrate/MC1.21-1.3.0+67/66ddc4cd56472fea1ea1a24182901e6c92a51c0a/Registrate-MC1.21-1.3.0+67.jar
[30Sep2026 03:48:36.685] [main/WARN] [net.neoforged.jarjar.selection.JarSelector/]: Attempted to select a dependency jar for JarJar which was passed in as source: veil. Using Mod File: /home/braydon/.gradle/caches/modules-2/files-2.1/foundry.veil/veil-neoforge-1.21.1/4.1.4/642ec0bd02213ee087d86eda553d6d79c6a04d2b/veil-neoforge-1.21.1-4.1.4.jar
[30Sep2026 03:48:36.685] [main/WARN] [net.neoforged.jarjar.selection.JarSelector/]: Attempted to select a dependency jar for JarJar which was passed in as source: sablecompanion. Using Mod File: /home/braydon/.gradle/caches/modules-2/files-2.1/dev.ryanhcode.sable-companion/sable-companion-common-1.21.1/1.6.0/370be7db705926176e05c0215ed676150c45daae/sable-companion-common-1.21.1-1.6.0.jar
[30Sep2026 03:48:36.685] [main/WARN] [net.neoforged.jarjar.selection.JarSelector/]: Attempted to select a dependency jar for JarJar which was passed in as source: flywheel. Using Mod File: /home/braydon/.gradle/caches/modules-2/files-2.1/dev.engine-room.flywheel/flywheel-neoforge-1.21.1/1.0.6/a943872ad0bdd4458d818d8d7dc123fb250eb744/flywheel-neoforge-1.21.1-1.0.6.jar
[30Sep2026 03:48:36.685] [main/WARN] [net.neoforged.jarjar.selection.JarSelector/]: Attempted to select a dependency jar for JarJar which was passed in as source: library:sable_rapier. Using Mod File: /home/braydon/.gradle/caches/modules-2/files-2.1/dev.ryanhcode.sable/sable-sable_rapier-1.21.1/2.0.3/a88c0860320890144b6b44c332a2a2db3a61e189/sable-sable_rapier-1.21.1-2.0.3.jar
[30Sep2026 03:48:36.686] [main/WARN] [net.neoforged.jarjar.selection.JarSelector/]: Attempted to select a dependency jar for JarJar which was passed in as source: ponder. Using Mod File: /home/braydon/.gradle/caches/modules-2/files-2.1/net.createmod.ponder/ponder-neoforge/1.0.87+mc1.21.1/7783eeff0389f8c6003457133b9dd98e903266c6/ponder-neoforge-1.0.87+mc1.21.1.jar
[30Sep2026 03:48:36.686] [main/INFO] [net.neoforged.fml.loading.moddiscovery.locators.JarInJarDependencyLocator/]: Found 5 dependencies adding them to mods collection
[30Sep2026 03:48:36.687] [main/INFO] [net.neoforged.fml.loading.moddiscovery.ModDiscoverer/]:
     Mod List:
		Name Version (Mod Id)

		Biolith 3.0.10 (biolith)
		Create 6.0.11 (create)
		Create Aeronautics 1.3.0 (aeronautics)
		Create Simulated 1.3.0 (simulated)
		Flywheel 1.0.6 (flywheel)
		Magnetization 1.4.6 (magnetization)
		Minecraft 1.21.1 (minecraft)
		NeoForge 21.1.252 (neoforge)
		Ponder 1.0.87+mc1.21.1 (ponder)
		Quark 4.1-485 (quark)
		Sable 2.0.3 (sable)
		Sable Companion 1.6.0 (sablecompanion)
		TerraBlender 4.1.0.8 (terrablender)
		Veil 4.1.4 (veil)
		Zeta 1.1-40 (zeta)
[30Sep2026 03:48:37.114] [main/INFO] [mixin/]: Compatibility level set to JAVA_21
[30Sep2026 03:48:37.137] [main/INFO] [cpw.mods.modlauncher.LaunchServiceHandler/MODLAUNCHER]: Launching target 'forgeserverdev' with arguments [--gameDir, .]
[30Sep2026 03:48:37.165] [main/WARN] [mixin/]: Reference map 'simulated.refmap.json' for simulated.mixins.json could not be read. If this is a development environment you can ignore this message
[30Sep2026 03:48:37.167] [main/WARN] [mixin/]: Reference map 'aeronautics.refmap.json' for aeronautics.mixins.json could not be read. If this is a development environment you can ignore this message
[30Sep2026 03:48:37.170] [main/WARN] [mixin/]: Reference map 'ponder.refmap.json' for ponder-common.mixins.json could not be read. If this is a development environment you can ignore this message
[30Sep2026 03:48:37.173] [main/INFO] [dev.ryanhcode.sable.mixin.AbstractSableMixinPlugin/]: Using Vanilla renderer mixins
[30Sep2026 03:48:37.173] [main/INFO] [dev.ryanhcode.sable.mixin.AbstractSableMixinPlugin/]: Using Vanilla renderer mixins
[30Sep2026 03:48:37.176] [main/WARN] [mixin/]: Reference map 'terrablender.refmap.json' for terrablender.mixins.json could not be read. If this is a development environment you can ignore this message
[30Sep2026 03:48:37.176] [main/WARN] [mixin/]: Reference map 'terrablender.refmap.json' for terrablender_neoforge.mixins.json could not be read. If this is a development environment you can ignore this message
[30Sep2026 03:48:37.176] [main/WARN] [mixin/]: Reference map 'zeta.mixins.refmap.json' for zeta.mixins.json could not be read. If this is a development environment you can ignore this message
[30Sep2026 03:48:37.177] [main/WARN] [mixin/]: Reference map 'zeta.mixins.refmap.json' for zeta_forge.mixins.json could not be read. If this is a development environment you can ignore this message
[30Sep2026 03:48:37.178] [main/WARN] [mixin/]: Reference map 'quark.mixins.refmap.json' for quark.mixins.json could not be read. If this is a development environment you can ignore this message
[30Sep2026 03:48:37.178] [main/WARN] [mixin/]: Reference map 'quark.mixins.refmap.json' for quark_integrations.mixins.json could not be read. If this is a development environment you can ignore this message
[30Sep2026 03:48:37.298] [main/WARN] [mixin/]: Error loading class: mezz/jei/library/plugins/vanilla/ingredients/ItemStackListFactory (java.lang.ClassNotFoundException: mezz.jei.library.plugins.vanilla.ingredients.ItemStackListFactory)
[30Sep2026 03:48:37.395] [main/ERROR] [net.neoforged.fml.common.asm.RuntimeDistCleaner/DISTXFORM]: Attempted to load class net/minecraft/client/multiplayer/ClientLevel for invalid dist DEDICATED_SERVER
[30Sep2026 03:48:37.396] [main/WARN] [mixin/]: Error loading class: net/minecraft/client/multiplayer/ClientLevel (java.lang.RuntimeException: Attempted to load class net/minecraft/client/multiplayer/ClientLevel for invalid dist DEDICATED_SERVER)
[30Sep2026 03:48:37.423] [main/ERROR] [net.neoforged.fml.common.asm.RuntimeDistCleaner/DISTXFORM]: Attempted to load class net/minecraft/client/multiplayer/ClientLevel for invalid dist DEDICATED_SERVER
[30Sep2026 03:48:37.423] [main/WARN] [mixin/]: Error loading class: net/minecraft/client/multiplayer/ClientLevel (java.lang.RuntimeException: Attempted to load class net/minecraft/client/multiplayer/ClientLevel for invalid dist DEDICATED_SERVER)
[30Sep2026 03:48:37.432] [main/ERROR] [net.neoforged.fml.common.asm.RuntimeDistCleaner/DISTXFORM]: Attempted to load class net/minecraft/client/multiplayer/ClientLevel for invalid dist DEDICATED_SERVER
[30Sep2026 03:48:37.432] [main/WARN] [mixin/]: Error loading class: net/minecraft/client/multiplayer/ClientLevel (java.lang.RuntimeException: Attempted to load class net/minecraft/client/multiplayer/ClientLevel for invalid dist DEDICATED_SERVER)
[30Sep2026 03:48:37.488] [main/WARN] [mixin/]: Error loading class: com/copycatsplus/copycats/foundation/copycat/CCCopycatBlockEntity (java.lang.ClassNotFoundException: com.copycatsplus.copycats.foundation.copycat.CCCopycatBlockEntity)
[30Sep2026 03:48:37.488] [main/WARN] [mixin/]: Error loading class: com/copycatsplus/copycats/foundation/copycat/multistate/MultiStateCopycatBlockEntity (java.lang.ClassNotFoundException: com.copycatsplus.copycats.foundation.copycat.multistate.MultiStateCopycatBlockEntity)
[30Sep2026 03:48:37.489] [main/WARN] [mixin/]: Error loading class: com/jesz/createdieselgenerators/content/tools/ChemicalSprayerProjectileEntity (java.lang.ClassNotFoundException: com.jesz.createdieselgenerators.content.tools.ChemicalSprayerProjectileEntity)
[30Sep2026 03:48:37.489] [main/WARN] [mixin/]: Error loading class: qouteall/imm_ptl/core/compat/sable_integration/IPSableBridge (java.lang.ClassNotFoundException: qouteall.imm_ptl.core.compat.sable_integration.IPSableBridge)
[30Sep2026 03:48:37.490] [main/WARN] [mixin/]: Error loading class: dev/devce/rocketnautics/content/orbit/DeepSpaceData (java.lang.ClassNotFoundException: dev.devce.rocketnautics.content.orbit.DeepSpaceData)
[30Sep2026 03:48:37.551] [main/WARN] [mixin/]: Error loading class: noobanidus/mods/lootr/common/impl/LootrServiceRegistry (java.lang.ClassNotFoundException: noobanidus.mods.lootr.common.impl.LootrServiceRegistry)
[30Sep2026 03:48:37.552] [main/WARN] [mixin/]: @Mixin target noobanidus.mods.lootr.common.impl.LootrServiceRegistry was not found quark_integrations.mixins.json:lootr.LootrServiceRegistryMixin from mod (unknown)
[30Sep2026 03:48:37.569] [main/WARN] [mixin/]: Error loading class: org/jetbrains/annotations/ApiStatus$ScheduledForRemoval (java.lang.ClassNotFoundException: org.jetbrains.annotations.ApiStatus$ScheduledForRemoval)
[30Sep2026 03:48:37.575] [main/ERROR] [net.neoforged.fml.common.asm.RuntimeDistCleaner/DISTXFORM]: Attempted to load class net/minecraft/client/multiplayer/ClientLevel for invalid dist DEDICATED_SERVER
[30Sep2026 03:48:37.575] [main/WARN] [mixin/]: Error loading class: net/minecraft/client/multiplayer/ClientLevel (java.lang.RuntimeException: Attempted to load class net/minecraft/client/multiplayer/ClientLevel for invalid dist DEDICATED_SERVER)
[30Sep2026 03:48:37.576] [main/ERROR] [net.neoforged.fml.common.asm.RuntimeDistCleaner/DISTXFORM]: Attempted to load class net/minecraft/client/multiplayer/ClientLevel for invalid dist DEDICATED_SERVER
[30Sep2026 03:48:37.577] [main/WARN] [mixin/]: Error loading class: net/minecraft/client/multiplayer/ClientLevel (java.lang.RuntimeException: Attempted to load class net/minecraft/client/multiplayer/ClientLevel for invalid dist DEDICATED_SERVER)
[30Sep2026 03:48:37.583] [main/ERROR] [net.neoforged.fml.common.asm.RuntimeDistCleaner/DISTXFORM]: Attempted to load class net/minecraft/client/multiplayer/ClientLevel for invalid dist DEDICATED_SERVER
[30Sep2026 03:48:37.583] [main/WARN] [mixin/]: Error loading class: net/minecraft/client/multiplayer/ClientLevel (java.lang.RuntimeException: Attempted to load class net/minecraft/client/multiplayer/ClientLevel for invalid dist DEDICATED_SERVER)
[30Sep2026 03:48:37.584] [main/ERROR] [net.neoforged.fml.common.asm.RuntimeDistCleaner/DISTXFORM]: Attempted to load class net/minecraft/client/multiplayer/ClientLevel for invalid dist DEDICATED_SERVER
[30Sep2026 03:48:37.585] [main/WARN] [mixin/]: Error loading class: net/minecraft/client/multiplayer/ClientLevel (java.lang.RuntimeException: Attempted to load class net/minecraft/client/multiplayer/ClientLevel for invalid dist DEDICATED_SERVER)
[30Sep2026 03:48:37.590] [main/ERROR] [net.neoforged.fml.common.asm.RuntimeDistCleaner/DISTXFORM]: Attempted to load class net/minecraft/client/multiplayer/ClientLevel for invalid dist DEDICATED_SERVER
[30Sep2026 03:48:37.590] [main/WARN] [mixin/]: Error loading class: net/minecraft/client/multiplayer/ClientLevel (java.lang.RuntimeException: Attempted to load class net/minecraft/client/multiplayer/ClientLevel for invalid dist DEDICATED_SERVER)
[30Sep2026 03:48:37.591] [main/ERROR] [net.neoforged.fml.common.asm.RuntimeDistCleaner/DISTXFORM]: Attempted to load class net/minecraft/client/multiplayer/ClientLevel for invalid dist DEDICATED_SERVER
[30Sep2026 03:48:37.591] [main/WARN] [mixin/]: Error loading class: net/minecraft/client/multiplayer/ClientLevel (java.lang.RuntimeException: Attempted to load class net/minecraft/client/multiplayer/ClientLevel for invalid dist DEDICATED_SERVER)
[30Sep2026 03:48:37.652] [main/INFO] [MixinExtras|Service/]: Initializing MixinExtras via com.llamalad7.mixinextras.service.MixinExtrasServiceImpl(version=0.5.3).
[30Sep2026 03:48:38.259] [main/ERROR] [net.neoforged.fml.common.asm.RuntimeDistCleaner/DISTXFORM]: Attempted to load class net/minecraft/client/multiplayer/ClientLevel for invalid dist DEDICATED_SERVER
[30Sep2026 03:48:38.260] [main/WARN] [mixin/]: Error loading class: net/minecraft/client/multiplayer/ClientLevel (java.lang.RuntimeException: Attempted to load class net/minecraft/client/multiplayer/ClientLevel for invalid dist DEDICATED_SERVER)
[30Sep2026 03:48:38.263] [main/ERROR] [net.neoforged.fml.common.asm.RuntimeDistCleaner/DISTXFORM]: Attempted to load class net/minecraft/client/multiplayer/ClientLevel for invalid dist DEDICATED_SERVER
[30Sep2026 03:48:38.263] [main/WARN] [mixin/]: Error loading class: net/minecraft/client/multiplayer/ClientLevel (java.lang.RuntimeException: Attempted to load class net/minecraft/client/multiplayer/ClientLevel for invalid dist DEDICATED_SERVER)
[30Sep2026 03:48:38.267] [main/ERROR] [net.neoforged.fml.common.asm.RuntimeDistCleaner/DISTXFORM]: Attempted to load class net/minecraft/client/multiplayer/ClientLevel for invalid dist DEDICATED_SERVER
[30Sep2026 03:48:38.267] [main/WARN] [mixin/]: Error loading class: net/minecraft/client/multiplayer/ClientLevel (java.lang.RuntimeException: Attempted to load class net/minecraft/client/multiplayer/ClientLevel for invalid dist DEDICATED_SERVER)
[30Sep2026 03:48:40.599] [main/WARN] [net.minecraft.commands.Commands/]: Ambiguity between arguments [teleport, location] and [teleport, destination] with inputs: [0.1 -0.5 .9, 0 0 0]
[30Sep2026 03:48:40.601] [main/WARN] [net.minecraft.commands.Commands/]: Ambiguity between arguments [teleport, location] and [teleport, targets] with inputs: [0.1 -0.5 .9, 0 0 0]
[30Sep2026 03:48:40.602] [main/WARN] [net.minecraft.commands.Commands/]: Ambiguity between arguments [teleport, destination] and [teleport, targets] with inputs: [Player, 0123, @e, dd12be42-52a9-4a91-a8a1-11c01849e498]
[30Sep2026 03:48:40.603] [main/WARN] [net.minecraft.commands.Commands/]: Ambiguity between arguments [teleport, targets] and [teleport, destination] with inputs: [Player, 0123, dd12be42-52a9-4a91-a8a1-11c01849e498]
[30Sep2026 03:48:40.603] [main/WARN] [net.minecraft.commands.Commands/]: Ambiguity between arguments [teleport, targets, location] and [teleport, targets, destination] with inputs: [0.1 -0.5 .9, 0 0 0]
[30Sep2026 03:48:40.632] [modloading-worker-0/INFO] [Veil/]: Veil is initializing.
[30Sep2026 03:48:40.634] [modloading-worker-0/INFO] [biolith/]: Biolith for NeoForge is initializing...
[30Sep2026 03:48:40.638] [modloading-worker-0/INFO] [net.neoforged.neoforge.common.NeoForgeMod/NEOFORGE-MOD]: NeoForge mod loading, version 21.1.252, for MC 1.21.1
[30Sep2026 03:48:40.641] [modloading-worker-0/INFO] [biolith/]: Enabling Biolith's TerraBlender compatibility layer.
[30Sep2026 03:48:40.648] [modloading-worker-0/INFO] [com.simibubi.create.Create/]: Create 6.0.11 initializing! Commit hash: 87b3c6a65fd00c023a07b37b0353144bc7e6a5bf
[30Sep2026 03:48:40.772] [modloading-worker-0/INFO] [zeta/]: Doing super early config setup for zeta
[30Sep2026 03:48:40.873] [modloading-worker-0/INFO] [quark-zeta/]: Discovered 163 modules to load.
[30Sep2026 03:48:40.873] [modloading-worker-0/INFO] [quark-zeta/]: Constructing module Abacus...
[30Sep2026 03:48:40.875] [modloading-worker-0/INFO] [quark-zeta/]: Constructing module Adjustable Chat...
[30Sep2026 03:48:40.875] [modloading-worker-0/INFO] [quark-zeta/]: Constructing module Ambient Discs...
[30Sep2026 03:48:40.876] [modloading-worker-0/INFO] [quark-zeta/]: Constructing module Ancient Tomes...
[30Sep2026 03:48:40.879] [modloading-worker-0/INFO] [quark-zeta/]: Constructing module Ancient Wood...
[30Sep2026 03:48:40.880] [modloading-worker-0/INFO] [quark-zeta/]: Constructing module Armed Armor Stands...
[30Sep2026 03:48:40.881] [modloading-worker-0/INFO] [quark-zeta/]: Constructing module Auto Walk Keybind...
[30Sep2026 03:48:40.881] [modloading-worker-0/INFO] [quark-zeta/]: Constructing module Automatic Recipe Unlock...
[30Sep2026 03:48:40.881] [modloading-worker-0/INFO] [quark-zeta/]: Constructing module Automatic Tool Restock...
[30Sep2026 03:48:40.884] [modloading-worker-0/INFO] [quark-zeta/]: Constructing module Azalea Wood...
[30Sep2026 03:48:40.884] [modloading-worker-0/INFO] [quark-zeta/]: Constructing module Back Button Keybind...
[30Sep2026 03:48:40.884] [modloading-worker-0/INFO] [quark-zeta/]: Constructing module Backpack...
[30Sep2026 03:48:40.885] [modloading-worker-0/INFO] [quark-zeta/]: Constructing module Beacon Redirection...
[30Sep2026 03:48:40.885] [modloading-worker-0/INFO] [quark-zeta/]: Constructing module Better Elytra Rocket...
[30Sep2026 03:48:40.885] [modloading-worker-0/INFO] [quark-zeta/]: Constructing module Big Stone Clusters...
[30Sep2026 03:48:40.887] [modloading-worker-0/INFO] [quark-zeta/]: Constructing module Blossom Trees...
[30Sep2026 03:48:40.888] [modloading-worker-0/INFO] [quark-zeta/]: Constructing module Bottled Cloud...
[30Sep2026 03:48:40.889] [modloading-worker-0/INFO] [quark-zeta/]: Constructing module Buckets Show Inhabitants...
[30Sep2026 03:48:40.889] [modloading-worker-0/INFO] [quark-zeta/]: Constructing module Camera...
[30Sep2026 03:48:40.889] [modloading-worker-0/INFO] [quark-zeta/]: Constructing module Campfires Boost Elytra...
[30Sep2026 03:48:40.890] [modloading-worker-0/INFO] [quark-zeta/]: Constructing module Celebratory Lamps...
[30Sep2026 03:48:40.890] [modloading-worker-0/INFO] [quark-zeta/]: Constructing module Chains Connect Blocks...
[30Sep2026 03:48:40.890] [modloading-worker-0/INFO] [quark-zeta/]: Constructing module Cherry Grove Water Petals...
[30Sep2026 03:48:40.890] [modloading-worker-0/INFO] [quark-zeta/]: Constructing module Chest Searching...
[30Sep2026 03:48:40.891] [modloading-worker-0/INFO] [quark-zeta/]: Constructing module Chorus Vegetation...
[30Sep2026 03:48:40.891] [modloading-worker-0/INFO] [quark-zeta/]: Constructing module Chute...
[30Sep2026 03:48:40.892] [modloading-worker-0/INFO] [quark-zeta/]: Constructing module Climate Control Remover...
[30Sep2026 03:48:40.892] [modloading-worker-0/INFO] [quark-zeta/]: Constructing module Color Runes...
[30Sep2026 03:48:40.893] [modloading-worker-0/INFO] [quark-zeta/]: Constructing module Compasses Work Everywhere...
[30Sep2026 03:48:40.893] [modloading-worker-0/INFO] [quark-zeta/]: Constructing module Compressed Blocks...
[30Sep2026 03:48:40.893] [modloading-worker-0/INFO] [quark-zeta/]: Constructing module Coral On Cactus...
[30Sep2026 03:48:40.893] [modloading-worker-0/INFO] [quark-zeta/]: Constructing module Corundum...
[30Sep2026 03:48:40.898] [modloading-worker-0/INFO] [quark-zeta/]: Constructing module Crabs...
[30Sep2026 03:48:40.898] [modloading-worker-0/INFO] [quark-zeta/]: Constructing module Crate...
[30Sep2026 03:48:40.899] [modloading-worker-0/INFO] [quark-zeta/]: Constructing module Diamond Repair...
[30Sep2026 03:48:40.899] [modloading-worker-0/INFO] [quark-zeta/]: Constructing module Dispensers Place Blocks...
[30Sep2026 03:48:40.899] [modloading-worker-0/INFO] [quark-zeta/]: Constructing module Double Door Opening...
[30Sep2026 03:48:40.900] [modloading-worker-0/INFO] [quark-zeta/]: Constructing module Dragon Scales...
[30Sep2026 03:48:40.900] [modloading-worker-0/INFO] [quark-zeta/]: Constructing module Duskbound Blocks...
[30Sep2026 03:48:40.900] [modloading-worker-0/INFO] [quark-zeta/]: Constructing module Dyeable Item Frames...
[30Sep2026 03:48:40.900] [modloading-worker-0/INFO] [quark-zeta/]: Constructing module Easy Transferring...
[30Sep2026 03:48:40.901] [modloading-worker-0/INFO] [quark-zeta/]: Constructing module Elytra Indicator...
[30Sep2026 03:48:40.901] [modloading-worker-0/INFO] [quark-zeta/]: Constructing module Emotes...
[30Sep2026 03:48:40.901] [modloading-worker-0/INFO] [quark-zeta/]: Constructing module Ender Watcher...
[30Sep2026 03:48:40.901] [modloading-worker-0/INFO] [quark-zeta/]: Constructing module Endermosh Music Disc...
[30Sep2026 03:48:40.901] [modloading-worker-0/INFO] [quark-zeta/]: Constructing module Enhanced Ladders...
[30Sep2026 03:48:40.902] [modloading-worker-0/INFO] [quark-zeta/]: Constructing module Expanded Item Interactions...
[30Sep2026 03:48:40.902] [modloading-worker-0/INFO] [quark-zeta/]: Constructing module Fairy Rings...
[30Sep2026 03:48:40.902] [modloading-worker-0/INFO] [quark-zeta/]: Constructing module Fallen Logs...
[30Sep2026 03:48:40.903] [modloading-worker-0/INFO] [quark-zeta/]: Constructing module Feeding Trough...
[30Sep2026 03:48:40.904] [modloading-worker-0/INFO] [quark-zeta/]: Constructing module Forgotten...
[30Sep2026 03:48:40.906] [modloading-worker-0/INFO] [quark-zeta/]: Constructing module Foxhound...
[30Sep2026 03:48:40.906] [modloading-worker-0/INFO] [quark-zeta/]: Constructing module Framed Glass...
[30Sep2026 03:48:40.907] [modloading-worker-0/INFO] [quark-zeta/]: Constructing module Game Nerfs...
[30Sep2026 03:48:40.907] [modloading-worker-0/INFO] [quark-zeta/]: Constructing module Glass Item Frame...
[30Sep2026 03:48:40.909] [modloading-worker-0/INFO] [quark-zeta/]: Constructing module Glass Shard...
[30Sep2026 03:48:40.910] [modloading-worker-0/INFO] [quark-zeta/]: Constructing module Glimmering Weald...
[30Sep2026 03:48:40.912] [modloading-worker-0/INFO] [quark-zeta/]: Constructing module Gold Bars...
[30Sep2026 03:48:40.912] [modloading-worker-0/INFO] [quark-zeta/]: Constructing module Gold Tools Have Fortune...
[30Sep2026 03:48:40.913] [modloading-worker-0/INFO] [quark-zeta/]: Constructing module Grab Chickens...
[30Sep2026 03:48:40.913] [modloading-worker-0/INFO] [quark-zeta/]: Constructing module Grate...
[30Sep2026 03:48:40.914] [modloading-worker-0/INFO] [quark-zeta/]: Constructing module Gravisand...
[30Sep2026 03:48:40.914] [modloading-worker-0/INFO] [quark-zeta/]: Constructing module Greener Grass...
[30Sep2026 03:48:40.915] [modloading-worker-0/INFO] [quark-zeta/]: Constructing module Hedges...
[30Sep2026 03:48:40.915] [modloading-worker-0/INFO] [quark-zeta/]: Constructing module Hoe Harvesting...
[30Sep2026 03:48:40.915] [modloading-worker-0/INFO] [quark-zeta/]: Constructing module Hollow Logs...
[30Sep2026 03:48:40.915] [modloading-worker-0/INFO] [quark-zeta/]: Constructing module Horses Swim...
[30Sep2026 03:48:40.915] [modloading-worker-0/INFO] [quark-zeta/]: Constructing module Hotbar Changer...
[30Sep2026 03:48:40.915] [modloading-worker-0/INFO] [quark-zeta/]: Constructing module Improved Sponges...
[30Sep2026 03:48:40.916] [modloading-worker-0/INFO] [quark-zeta/]: Constructing module Improved Tooltips...
[30Sep2026 03:48:40.916] [modloading-worker-0/INFO] [quark-zeta/]: Constructing module Industrial Palette...
[30Sep2026 03:48:40.916] [modloading-worker-0/INFO] [quark-zeta/]: Constructing module Inventory Sorting...
[30Sep2026 03:48:40.916] [modloading-worker-0/INFO] [quark-zeta/]: Constructing module Iron Rod...
[30Sep2026 03:48:40.916] [modloading-worker-0/INFO] [quark-zeta/]: Constructing module Item Sharing...
[30Sep2026 03:48:40.917] [modloading-worker-0/INFO] [quark-zeta/]: Constructing module Japanese Palette...
[30Sep2026 03:48:40.917] [modloading-worker-0/INFO] [quark-zeta/]: Constructing module Leaf Carpet...
[30Sep2026 03:48:40.917] [modloading-worker-0/INFO] [quark-zeta/]: Constructing module Lock Rotation...
[30Sep2026 03:48:40.918] [modloading-worker-0/INFO] [quark-zeta/]: Constructing module Long Range Pick Block...
[30Sep2026 03:48:40.918] [modloading-worker-0/INFO] [quark-zeta/]: Constructing module Magma Keeps Concrete Powder...
[30Sep2026 03:48:40.918] [modloading-worker-0/INFO] [quark-zeta/]: Constructing module Magnets...
[30Sep2026 03:48:40.919] [modloading-worker-0/INFO] [quark-zeta/]: Constructing module Map Washing...
[30Sep2026 03:48:40.919] [modloading-worker-0/INFO] [quark-zeta/]: Constructing module Matrix Enchanting...
[30Sep2026 03:48:40.920] [modloading-worker-0/INFO] [quark-zeta/]: Constructing module Metal Buttons...
[30Sep2026 03:48:40.921] [modloading-worker-0/INFO] [quark-zeta/]: Constructing module Microcrafting Helper...
[30Sep2026 03:48:40.921] [modloading-worker-0/INFO] [quark-zeta/]: Constructing module Midori...
[30Sep2026 03:48:40.921] [modloading-worker-0/INFO] [quark-zeta/]: Constructing module Monster Box...
[30Sep2026 03:48:40.921] [modloading-worker-0/INFO] [quark-zeta/]: Constructing module More Banner Layers...
[30Sep2026 03:48:40.921] [modloading-worker-0/INFO] [quark-zeta/]: Constructing module More Brick Types...
[30Sep2026 03:48:40.921] [modloading-worker-0/INFO] [quark-zeta/]: Constructing module More Mud Blocks...
[30Sep2026 03:48:40.921] [modloading-worker-0/INFO] [quark-zeta/]: Constructing module More Note Block Sounds...
[30Sep2026 03:48:40.921] [modloading-worker-0/INFO] [quark-zeta/]: Constructing module More Potted Plants...
[30Sep2026 03:48:40.922] [modloading-worker-0/INFO] [quark-zeta/]: Constructing module More Villagers...
[30Sep2026 03:48:40.922] [modloading-worker-0/INFO] [quark-zeta/]: Constructing module Narrator Readout...
[30Sep2026 03:48:40.922] [modloading-worker-0/INFO] [quark-zeta/]: Constructing module Nether Brick Fence Gate...
[30Sep2026 03:48:40.922] [modloading-worker-0/INFO] [quark-zeta/]: Constructing module Nether Obsidian Spikes...
[30Sep2026 03:48:40.922] [modloading-worker-0/INFO] [quark-zeta/]: Constructing module New Stone Types...
[30Sep2026 03:48:40.923] [modloading-worker-0/INFO] [quark-zeta/]: Constructing module No Durability On Cosmetics...
[30Sep2026 03:48:40.923] [modloading-worker-0/INFO] [quark-zeta/]: Constructing module No More Lava Pockets...
[30Sep2026 03:48:40.923] [modloading-worker-0/INFO] [quark-zeta/]: Constructing module Obsidian Plate...
[30Sep2026 03:48:40.924] [modloading-worker-0/INFO] [quark-zeta/]: Constructing module Overlay Shader...
[30Sep2026 03:48:40.924] [modloading-worker-0/INFO] [quark-zeta/]: Constructing module Parrot Eggs...
[30Sep2026 03:48:40.924] [modloading-worker-0/INFO] [quark-zeta/]: Constructing module Pat The Dogs...
[30Sep2026 03:48:40.925] [modloading-worker-0/INFO] [quark-zeta/]: Constructing module Pathfinder Maps...
[30Sep2026 03:48:40.926] [modloading-worker-0/INFO] [quark-zeta/]: Constructing module Permafrost...
[30Sep2026 03:48:40.926] [modloading-worker-0/INFO] [quark-zeta/]: Constructing module Petals On Water...
[30Sep2026 03:48:40.927] [modloading-worker-0/INFO] [quark-zeta/]: Constructing module Pickarang...
[30Sep2026 03:48:40.928] [modloading-worker-0/INFO] [quark-zeta/]: Constructing module Pig Litters...
[30Sep2026 03:48:40.928] [modloading-worker-0/INFO] [quark-zeta/]: Constructing module Pipes...
[30Sep2026 03:48:40.929] [modloading-worker-0/INFO] [quark-zeta/]: Constructing module Pistons Move Tile Entities...
[30Sep2026 03:48:40.929] [modloading-worker-0/INFO] [quark-zeta/]: Constructing module Poison Potato Usage...
[30Sep2026 03:48:40.929] [modloading-worker-0/INFO] [quark-zeta/]: Constructing module Quick Armor Swapping...
[30Sep2026 03:48:40.929] [modloading-worker-0/INFO] [quark-zeta/]: Constructing module Rainbow Lamps...
[30Sep2026 03:48:40.929] [modloading-worker-0/INFO] [quark-zeta/]: Constructing module Raw Metal Bricks...
[30Sep2026 03:48:40.929] [modloading-worker-0/INFO] [quark-zeta/]: Constructing module Reacharound Placing...
[30Sep2026 03:48:40.930] [modloading-worker-0/INFO] [quark-zeta/]: Constructing module Redstone Randomizer...
[30Sep2026 03:48:40.930] [modloading-worker-0/INFO] [quark-zeta/]: Constructing module Renewable Spore Blossoms...
[30Sep2026 03:48:40.930] [modloading-worker-0/INFO] [quark-zeta/]: Constructing module Replace Scaffolding...
[30Sep2026 03:48:40.930] [modloading-worker-0/INFO] [quark-zeta/]: Constructing module Rope...
[30Sep2026 03:48:40.931] [modloading-worker-0/INFO] [quark-zeta/]: Constructing module Safer Creatures...
[30Sep2026 03:48:40.931] [modloading-worker-0/INFO] [quark-zeta/]: Constructing module Seed Pouch...
[30Sep2026 03:48:40.932] [modloading-worker-0/INFO] [quark-zeta/]: Constructing module Shear Vines...
[30Sep2026 03:48:40.932] [modloading-worker-0/INFO] [quark-zeta/]: Constructing module Shiba...
[30Sep2026 03:48:40.933] [modloading-worker-0/INFO] [quark-zeta/]: Constructing module Shingles...
[30Sep2026 03:48:40.933] [modloading-worker-0/INFO] [quark-zeta/]: Constructing module Shulker Packing...
[30Sep2026 03:48:40.933] [modloading-worker-0/INFO] [quark-zeta/]: Constructing module Simple Harvest...
[30Sep2026 03:48:40.933] [modloading-worker-0/INFO] [quark-zeta/]: Constructing module Skull Pikes...
[30Sep2026 03:48:40.934] [modloading-worker-0/INFO] [quark-zeta/]: Constructing module Slabs To Blocks...
[30Sep2026 03:48:40.934] [modloading-worker-0/INFO] [quark-zeta/]: Constructing module Slime In A Bucket...
[30Sep2026 03:48:40.935] [modloading-worker-0/INFO] [quark-zeta/]: Constructing module Slimes To Magma Cubes...
[30Sep2026 03:48:40.935] [modloading-worker-0/INFO] [quark-zeta/]: Constructing module Snow Golem Player Heads...
[30Sep2026 03:48:40.935] [modloading-worker-0/INFO] [quark-zeta/]: Constructing module Soul Candles...
[30Sep2026 03:48:40.935] [modloading-worker-0/INFO] [quark-zeta/]: Constructing module Soul Sandstone...
[30Sep2026 03:48:40.935] [modloading-worker-0/INFO] [quark-zeta/]: Constructing module Spawner Replacer...
[30Sep2026 03:48:40.935] [modloading-worker-0/INFO] [quark-zeta/]: Constructing module Spiral Spires...
[30Sep2026 03:48:40.936] [modloading-worker-0/INFO] [quark-zeta/]: Constructing module Stonelings...
[30Sep2026 03:48:40.937] [modloading-worker-0/INFO] [quark-zeta/]: Constructing module Stools...
[30Sep2026 03:48:40.937] [modloading-worker-0/INFO] [quark-zeta/]: Constructing module Sturdy Stone...
[30Sep2026 03:48:40.937] [modloading-worker-0/INFO] [quark-zeta/]: Constructing module Thatch...
[30Sep2026 03:48:40.937] [modloading-worker-0/INFO] [quark-zeta/]: Constructing module Tiny Potato...
[30Sep2026 03:48:40.938] [modloading-worker-0/INFO] [quark-zeta/]: Constructing module Torch Arrow...
[30Sep2026 03:48:40.938] [modloading-worker-0/INFO] [quark-zeta/]: Constructing module Toretoise...
[30Sep2026 03:48:40.938] [modloading-worker-0/INFO] [quark-zeta/]: Constructing module Totem Of Holding...
[30Sep2026 03:48:40.939] [modloading-worker-0/INFO] [quark-zeta/]: Constructing module Trowel...
[30Sep2026 03:48:40.939] [modloading-worker-0/INFO] [quark-zeta/]: Constructing module Usage Ticker...
[30Sep2026 03:48:40.939] [modloading-worker-0/INFO] [quark-zeta/]: Constructing module Uses For Curses...
[30Sep2026 03:48:40.939] [modloading-worker-0/INFO] [quark-zeta/]: Constructing module Utility Recipes...
[30Sep2026 03:48:40.939] [modloading-worker-0/INFO] [quark-zeta/]: Constructing module Vanilla Stone Clusters...
[30Sep2026 03:48:40.940] [modloading-worker-0/INFO] [quark-zeta/]: Constructing module Variant Animal Textures...
[30Sep2026 03:48:40.940] [modloading-worker-0/INFO] [quark-zeta/]: Constructing module Variant Bookshelves...
[30Sep2026 03:48:40.940] [modloading-worker-0/INFO] [quark-zeta/]: Constructing module Variant Chests...
[30Sep2026 03:48:40.941] [modloading-worker-0/INFO] [quark-zeta/]: Constructing module Variant Furnaces...
[30Sep2026 03:48:40.941] [modloading-worker-0/INFO] [quark-zeta/]: Constructing module Variant Ladders...
[30Sep2026 03:48:40.941] [modloading-worker-0/INFO] [quark-zeta/]: Constructing module Variant Selector...
[30Sep2026 03:48:40.942] [modloading-worker-0/INFO] [quark-zeta/]: Constructing module Vertical Planks...
[30Sep2026 03:48:40.942] [modloading-worker-0/INFO] [quark-zeta/]: Constructing module Vertical Slabs...
[30Sep2026 03:48:40.943] [modloading-worker-0/INFO] [quark-zeta/]: Constructing module Vexes Die With Their Masters...
[30Sep2026 03:48:40.943] [modloading-worker-0/INFO] [quark-zeta/]: Constructing module Villager Rerolling Rework...
[30Sep2026 03:48:40.944] [modloading-worker-0/INFO] [quark-zeta/]: Constructing module Villagers Follow Emeralds...
[30Sep2026 03:48:40.944] [modloading-worker-0/INFO] [quark-zeta/]: Constructing module Wooden Posts...
[30Sep2026 03:48:40.944] [modloading-worker-0/INFO] [quark-zeta/]: Constructing module Wool Shuts Up Minecarts...
[30Sep2026 03:48:40.944] [modloading-worker-0/INFO] [quark-zeta/]: Constructing module Wraith...
[30Sep2026 03:48:40.945] [modloading-worker-0/INFO] [quark-zeta/]: Constructing module Zombie Villagers On Normal...
[30Sep2026 03:48:40.945] [modloading-worker-0/INFO] [quark-zeta/]: Constructing module More Stone Variants...
[30Sep2026 03:48:40.945] [modloading-worker-0/INFO] [quark-zeta/]: Constructed 163 modules.
[30Sep2026 03:48:40.992] [modloading-worker-0/INFO] [quark-zeta/]: Doing super early config setup for quark
[30Sep2026 03:48:41.325] [modloading-worker-0/INFO] [dev.ryanhcode.sable.Sable/]: Sable loaded!
[30Sep2026 03:48:44.386] [modloading-worker-0/INFO] [quark/]: added [block.quark.ancient_sapling] to CompostManager with chance 0.3
[30Sep2026 03:48:44.387] [modloading-worker-0/INFO] [quark/]: added [block.quark.ancient_leaves] to CompostManager with chance 0.3
[30Sep2026 03:48:44.387] [modloading-worker-0/INFO] [quark/]: added [item.quark.ancient_fruit] to CompostManager with chance 0.65
[30Sep2026 03:48:44.389] [modloading-worker-0/INFO] [quark/]: added [block.quark.blue_blossom_leaves] to CompostManager with chance 0.3
[30Sep2026 03:48:44.389] [modloading-worker-0/INFO] [quark/]: added [block.quark.blue_blossom_sapling] to CompostManager with chance 0.3
[30Sep2026 03:48:44.389] [modloading-worker-0/INFO] [quark/]: added [block.quark.lavender_blossom_leaves] to CompostManager with chance 0.3
[30Sep2026 03:48:44.389] [modloading-worker-0/INFO] [quark/]: added [block.quark.lavender_blossom_sapling] to CompostManager with chance 0.3
[30Sep2026 03:48:44.389] [modloading-worker-0/INFO] [quark/]: added [block.quark.orange_blossom_leaves] to CompostManager with chance 0.3
[30Sep2026 03:48:44.389] [modloading-worker-0/INFO] [quark/]: added [block.quark.orange_blossom_sapling] to CompostManager with chance 0.3
[30Sep2026 03:48:44.390] [modloading-worker-0/INFO] [quark/]: added [block.quark.yellow_blossom_leaves] to CompostManager with chance 0.3
[30Sep2026 03:48:44.390] [modloading-worker-0/INFO] [quark/]: added [block.quark.yellow_blossom_sapling] to CompostManager with chance 0.3
[30Sep2026 03:48:44.390] [modloading-worker-0/INFO] [quark/]: added [block.quark.red_blossom_leaves] to CompostManager with chance 0.3
[30Sep2026 03:48:44.390] [modloading-worker-0/INFO] [quark/]: added [block.quark.red_blossom_sapling] to CompostManager with chance 0.3
[30Sep2026 03:48:44.390] [modloading-worker-0/INFO] [quark/]: added [block.quark.apple_crate] to CompostManager with chance 1.0
[30Sep2026 03:48:44.390] [modloading-worker-0/INFO] [quark/]: added [block.quark.potato_crate] to CompostManager with chance 1.0
[30Sep2026 03:48:44.390] [modloading-worker-0/INFO] [quark/]: added [block.quark.carrot_crate] to CompostManager with chance 1.0
[30Sep2026 03:48:44.390] [modloading-worker-0/INFO] [quark/]: added [block.quark.beetroot_crate] to CompostManager with chance 1.0
[30Sep2026 03:48:44.390] [modloading-worker-0/INFO] [quark/]: added [block.quark.cocoa_beans_sack] to CompostManager with chance 1.0
[30Sep2026 03:48:44.391] [modloading-worker-0/INFO] [quark/]: added [block.quark.nether_wart_sack] to CompostManager with chance 1.0
[30Sep2026 03:48:44.391] [modloading-worker-0/INFO] [quark/]: added [block.quark.berry_sack] to CompostManager with chance 1.0
[30Sep2026 03:48:44.391] [modloading-worker-0/INFO] [quark/]: added [block.quark.glowberry_sack] to CompostManager with chance 1.0
[30Sep2026 03:48:44.391] [modloading-worker-0/INFO] [quark/]: added [block.quark.glow_shroom] to CompostManager with chance 0.65
[30Sep2026 03:48:44.391] [modloading-worker-0/INFO] [quark/]: added [block.quark.glow_shroom_block] to CompostManager with chance 0.65
[30Sep2026 03:48:44.392] [modloading-worker-0/INFO] [quark/]: added [block.quark.glow_shroom_stem] to CompostManager with chance 0.65
[30Sep2026 03:48:44.392] [modloading-worker-0/INFO] [quark/]: added [block.quark.glow_shroom_ring] to CompostManager with chance 0.65
[30Sep2026 03:48:44.392] [modloading-worker-0/INFO] [quark/]: added [block.quark.glow_lichen_growth] to CompostManager with chance 0.5
[30Sep2026 03:48:44.392] [modloading-worker-0/INFO] [quark/]: added [block.quark.oak_leaf_carpet] to CompostManager with chance 0.2
[30Sep2026 03:48:44.392] [modloading-worker-0/INFO] [quark/]: added [block.quark.spruce_leaf_carpet] to CompostManager with chance 0.2
[30Sep2026 03:48:44.392] [modloading-worker-0/INFO] [quark/]: added [block.quark.birch_leaf_carpet] to CompostManager with chance 0.2
[30Sep2026 03:48:44.392] [modloading-worker-0/INFO] [quark/]: added [block.quark.jungle_leaf_carpet] to CompostManager with chance 0.2
[30Sep2026 03:48:44.392] [modloading-worker-0/INFO] [quark/]: added [block.quark.acacia_leaf_carpet] to CompostManager with chance 0.2
[30Sep2026 03:48:44.392] [modloading-worker-0/INFO] [quark/]: added [block.quark.dark_oak_leaf_carpet] to CompostManager with chance 0.2
[30Sep2026 03:48:44.392] [modloading-worker-0/INFO] [quark/]: added [block.quark.mangrove_leaf_carpet] to CompostManager with chance 0.2
[30Sep2026 03:48:44.392] [modloading-worker-0/INFO] [quark/]: added [block.quark.cherry_leaf_carpet] to CompostManager with chance 0.2
[30Sep2026 03:48:44.392] [modloading-worker-0/INFO] [quark/]: added [block.quark.azalea_leaf_carpet] to CompostManager with chance 0.2
[30Sep2026 03:48:44.393] [modloading-worker-0/INFO] [quark/]: added [block.quark.flowering_azalea_leaf_carpet] to CompostManager with chance 0.2
[30Sep2026 03:48:44.393] [modloading-worker-0/INFO] [quark/]: added [block.quark.blue_blossom_leaf_carpet] to CompostManager with chance 0.2
[30Sep2026 03:48:44.393] [modloading-worker-0/INFO] [quark/]: added [block.quark.lavender_blossom_leaf_carpet] to CompostManager with chance 0.2
[30Sep2026 03:48:44.393] [modloading-worker-0/INFO] [quark/]: added [block.quark.orange_blossom_leaf_carpet] to CompostManager with chance 0.2
[30Sep2026 03:48:44.393] [modloading-worker-0/INFO] [quark/]: added [block.quark.yellow_blossom_leaf_carpet] to CompostManager with chance 0.2
[30Sep2026 03:48:44.393] [modloading-worker-0/INFO] [quark/]: added [block.quark.red_blossom_leaf_carpet] to CompostManager with chance 0.2
[30Sep2026 03:48:44.393] [modloading-worker-0/INFO] [quark/]: added [block.quark.ancient_leaf_carpet] to CompostManager with chance 0.2
[30Sep2026 03:48:44.394] [modloading-worker-0/INFO] [quark/]: added [block.quark.thatch] to CompostManager with chance 0.65
[30Sep2026 03:48:44.394] [modloading-worker-0/INFO] [quark/]: added [Poisonous Potato] to CompostManager with chance 0.85
[30Sep2026 03:48:44.394] [modloading-worker-0/INFO] [quark/]: added [Rotten Flesh] to CompostManager with chance 0.3
[30Sep2026 03:48:44.395] [modloading-sync-worker/INFO] [zeta/]: Common setup: Performing initial refresh of zeta's config on thread 'modloading-sync-worker'
[30Sep2026 03:48:44.395] [modloading-sync-worker/INFO] [zeta/]: 'zeta' is enabling Zeta's piston structure resolver.
[30Sep2026 03:48:44.396] [modloading-sync-worker/INFO] [zeta/]: Waiting for server start before accepting filewatcher changes to zeta's config
[30Sep2026 03:48:44.396] [modloading-sync-worker/INFO] [quark-zeta/]: Common setup: Performing initial refresh of quark's config on thread 'modloading-sync-worker'
[30Sep2026 03:48:44.401] [modloading-sync-worker/INFO] [quark-zeta/]: Waiting for server start before accepting filewatcher changes to quark's config
[30Sep2026 03:48:44.409] [modloading-sync-worker/INFO] [terrablender/]: Registered region minecraft:overworld to index 0 for type OVERWORLD
[30Sep2026 03:48:44.409] [modloading-sync-worker/INFO] [terrablender/]: Registered region minecraft:nether to index 0 for type NETHER
[30Sep2026 03:48:44.409] [modloading-sync-worker/INFO] [terrablender/]: Registered region magnetization:anomaly_region to index 1 for type OVERWORLD
[30Sep2026 03:48:44.409] [modloading-sync-worker/INFO] [terrablender/]: Registered region magnetization:petrified_forest_region to index 2 for type OVERWORLD
[30Sep2026 03:48:44.410] [modloading-sync-worker/INFO] [magnetization/]: Surface rules registered for OVERWORLD category (anomaly + petrified_forest)
[30Sep2026 03:48:44.428] [modloading-worker-0/INFO] [quark/]: added [item.quark.moss_paste] to CompostManager with chance 0.5
[30Sep2026 03:48:44.456] [main/INFO] [com.mojang.authlib.yggdrasil.YggdrasilAuthenticationService/]: Environment: Environment[sessionHost=https://sessionserver.mojang.com, servicesHost=https://api.minecraftservices.com, name=PROD]
[30Sep2026 03:48:44.473] [main/WARN] [net.minecraft.server.packs.VanillaPackResourcesBuilder/]: Assets URL 'union:/home/braydon/Magnetization-API/build/moddev/artifacts/neoforge-21.1.252.jar%23125!/assets/.mcassetsroot' uses unexpected schema
[30Sep2026 03:48:44.473] [main/WARN] [net.minecraft.server.packs.VanillaPackResourcesBuilder/]: Assets URL 'union:/home/braydon/Magnetization-API/build/moddev/artifacts/neoforge-21.1.252.jar%23125!/data/.mcassetsroot' uses unexpected schema
[30Sep2026 03:48:44.515] [main/INFO] [com.simibubi.create.Create/]: Created 190 recipes which will be injected into the game
[30Sep2026 03:48:44.518] [main/INFO] [com.simibubi.create.Create/]: Created 0 tags which will be injected into the game
[30Sep2026 03:48:44.532] [main/INFO] [net.neoforged.neoforge.gametest.GameTestHooks/]: Enabled Gametest Namespaces: [magnetization_material_entities]
[30Sep2026 03:48:45.203] [main/INFO] [net.minecraft.world.item.crafting.RecipeManager/]: Loaded 4758 recipes
[30Sep2026 03:48:45.309] [main/INFO] [quark/]: [Automatic Recipe Unlock] Removed 3603 recipe advancements
[30Sep2026 03:48:45.315] [main/INFO] [net.minecraft.advancements.AdvancementTree/]: Loaded 3926 advancements
[30Sep2026 03:48:45.319] [main/INFO] [quark-zeta/]: Modified advancement minecraft:husbandry/balanced_diet with 2 patches
[30Sep2026 03:48:45.319] [main/INFO] [quark-zeta/]: Modified advancement minecraft:husbandry/wax_on with 3 patches
[30Sep2026 03:48:45.320] [main/INFO] [quark-zeta/]: Modified advancement minecraft:nether/all_effects with 1 patches
[30Sep2026 03:48:45.320] [main/INFO] [quark-zeta/]: Modified advancement minecraft:adventure/kill_a_mob with 3 patches
[30Sep2026 03:48:45.320] [main/INFO] [quark-zeta/]: Modified advancement minecraft:husbandry/wax_off with 3 patches
[30Sep2026 03:48:45.320] [main/INFO] [quark-zeta/]: Modified advancement minecraft:husbandry/bred_all_animals with 3 patches
[30Sep2026 03:48:45.320] [main/INFO] [quark-zeta/]: Modified advancement minecraft:adventure/kill_all_mobs with 3 patches
[30Sep2026 03:48:45.320] [main/INFO] [quark-zeta/]: Modified advancement minecraft:adventure/adventuring_time with 1 patches
[30Sep2026 03:48:45.320] [main/INFO] [quark-zeta/]: Modified advancement minecraft:nether/all_potions with 1 patches
[30Sep2026 03:48:45.322] [main/INFO] [com.stonytark.magnetization.content.gas.GasExcitationProfiles/]: Loaded 0 gas excitation fluid profile bindings
[30Sep2026 03:48:45.328] [main/WARN] [net.minecraft.core.MappedRegistry/]: Not all defined tags for registry ResourceKey[minecraft:root / minecraft:item] are present in data pack: c:ingots/aluminum
[30Sep2026 03:48:46.952] [Server thread/WARN] [net.neoforged.neoforge.server.ServerLifecycleHooks/]: Detected quark:stoneling that was registered with CREATURE mob category but was added under MONSTER mob category for magnetization:anomaly biome! Mobs should be added to biomes under the same mob category that the mob was registered as to prevent mob cap spawning issues.
[30Sep2026 03:48:46.952] [Server thread/WARN] [net.neoforged.neoforge.server.ServerLifecycleHooks/]: Detected quark:toretoise that was registered with CREATURE mob category but was added under MONSTER mob category for magnetization:anomaly biome! Mobs should be added to biomes under the same mob category that the mob was registered as to prevent mob cap spawning issues.
[30Sep2026 03:48:46.952] [Server thread/WARN] [net.neoforged.neoforge.server.ServerLifecycleHooks/]: Detected quark:stoneling that was registered with CREATURE mob category but was added under MONSTER mob category for minecraft:badlands biome! Mobs should be added to biomes under the same mob category that the mob was registered as to prevent mob cap spawning issues.
[30Sep2026 03:48:46.952] [Server thread/WARN] [net.neoforged.neoforge.server.ServerLifecycleHooks/]: Detected quark:toretoise that was registered with CREATURE mob category but was added under MONSTER mob category for minecraft:badlands biome! Mobs should be added to biomes under the same mob category that the mob was registered as to prevent mob cap spawning issues.
[30Sep2026 03:48:46.952] [Server thread/WARN] [net.neoforged.neoforge.server.ServerLifecycleHooks/]: Detected quark:stoneling that was registered with CREATURE mob category but was added under MONSTER mob category for minecraft:bamboo_jungle biome! Mobs should be added to biomes under the same mob category that the mob was registered as to prevent mob cap spawning issues.
[30Sep2026 03:48:46.952] [Server thread/WARN] [net.neoforged.neoforge.server.ServerLifecycleHooks/]: Detected quark:toretoise that was registered with CREATURE mob category but was added under MONSTER mob category for minecraft:bamboo_jungle biome! Mobs should be added to biomes under the same mob category that the mob was registered as to prevent mob cap spawning issues.
[30Sep2026 03:48:46.953] [Server thread/WARN] [net.neoforged.neoforge.server.ServerLifecycleHooks/]: Detected quark:foxhound that was registered with CREATURE mob category but was added under MONSTER mob category for minecraft:basalt_deltas biome! Mobs should be added to biomes under the same mob category that the mob was registered as to prevent mob cap spawning issues.
[30Sep2026 03:48:46.953] [Server thread/WARN] [net.neoforged.neoforge.server.ServerLifecycleHooks/]: Detected quark:stoneling that was registered with CREATURE mob category but was added under MONSTER mob category for minecraft:beach biome! Mobs should be added to biomes under the same mob category that the mob was registered as to prevent mob cap spawning issues.
[30Sep2026 03:48:46.953] [Server thread/WARN] [net.neoforged.neoforge.server.ServerLifecycleHooks/]: Detected quark:toretoise that was registered with CREATURE mob category but was added under MONSTER mob category for minecraft:beach biome! Mobs should be added to biomes under the same mob category that the mob was registered as to prevent mob cap spawning issues.
[30Sep2026 03:48:46.953] [Server thread/WARN] [net.neoforged.neoforge.server.ServerLifecycleHooks/]: Detected quark:stoneling that was registered with CREATURE mob category but was added under MONSTER mob category for minecraft:birch_forest biome! Mobs should be added to biomes under the same mob category that the mob was registered as to prevent mob cap spawning issues.
[30Sep2026 03:48:46.953] [Server thread/WARN] [net.neoforged.neoforge.server.ServerLifecycleHooks/]: Detected quark:toretoise that was registered with CREATURE mob category but was added under MONSTER mob category for minecraft:birch_forest biome! Mobs should be added to biomes under the same mob category that the mob was registered as to prevent mob cap spawning issues.
[30Sep2026 03:48:46.953] [Server thread/WARN] [net.neoforged.neoforge.server.ServerLifecycleHooks/]: Detected quark:stoneling that was registered with CREATURE mob category but was added under MONSTER mob category for minecraft:cherry_grove biome! Mobs should be added to biomes under the same mob category that the mob was registered as to prevent mob cap spawning issues.
[30Sep2026 03:48:46.953] [Server thread/WARN] [net.neoforged.neoforge.server.ServerLifecycleHooks/]: Detected quark:toretoise that was registered with CREATURE mob category but was added under MONSTER mob category for minecraft:cherry_grove biome! Mobs should be added to biomes under the same mob category that the mob was registered as to prevent mob cap spawning issues.
[30Sep2026 03:48:46.954] [Server thread/WARN] [net.neoforged.neoforge.server.ServerLifecycleHooks/]: Detected quark:stoneling that was registered with CREATURE mob category but was added under MONSTER mob category for minecraft:cold_ocean biome! Mobs should be added to biomes under the same mob category that the mob was registered as to prevent mob cap spawning issues.
[30Sep2026 03:48:46.954] [Server thread/WARN] [net.neoforged.neoforge.server.ServerLifecycleHooks/]: Detected quark:toretoise that was registered with CREATURE mob category but was added under MONSTER mob category for minecraft:cold_ocean biome! Mobs should be added to biomes under the same mob category that the mob was registered as to prevent mob cap spawning issues.
[30Sep2026 03:48:46.954] [Server thread/WARN] [net.neoforged.neoforge.server.ServerLifecycleHooks/]: Detected quark:stoneling that was registered with CREATURE mob category but was added under MONSTER mob category for minecraft:dark_forest biome! Mobs should be added to biomes under the same mob category that the mob was registered as to prevent mob cap spawning issues.
[30Sep2026 03:48:46.954] [Server thread/WARN] [net.neoforged.neoforge.server.ServerLifecycleHooks/]: Detected quark:toretoise that was registered with CREATURE mob category but was added under MONSTER mob category for minecraft:dark_forest biome! Mobs should be added to biomes under the same mob category that the mob was registered as to prevent mob cap spawning issues.
[30Sep2026 03:48:46.955] [Server thread/WARN] [net.neoforged.neoforge.server.ServerLifecycleHooks/]: Detected quark:stoneling that was registered with CREATURE mob category but was added under MONSTER mob category for minecraft:deep_cold_ocean biome! Mobs should be added to biomes under the same mob category that the mob was registered as to prevent mob cap spawning issues.
[30Sep2026 03:48:46.955] [Server thread/WARN] [net.neoforged.neoforge.server.ServerLifecycleHooks/]: Detected quark:toretoise that was registered with CREATURE mob category but was added under MONSTER mob category for minecraft:deep_cold_ocean biome! Mobs should be added to biomes under the same mob category that the mob was registered as to prevent mob cap spawning issues.
[30Sep2026 03:48:46.955] [Server thread/WARN] [net.neoforged.neoforge.server.ServerLifecycleHooks/]: Detected quark:stoneling that was registered with CREATURE mob category but was added under MONSTER mob category for minecraft:deep_dark biome! Mobs should be added to biomes under the same mob category that the mob was registered as to prevent mob cap spawning issues.
[30Sep2026 03:48:46.955] [Server thread/WARN] [net.neoforged.neoforge.server.ServerLifecycleHooks/]: Detected quark:toretoise that was registered with CREATURE mob category but was added under MONSTER mob category for minecraft:deep_dark biome! Mobs should be added to biomes under the same mob category that the mob was registered as to prevent mob cap spawning issues.
[30Sep2026 03:48:46.955] [Server thread/WARN] [net.neoforged.neoforge.server.ServerLifecycleHooks/]: Detected quark:stoneling that was registered with CREATURE mob category but was added under MONSTER mob category for minecraft:deep_frozen_ocean biome! Mobs should be added to biomes under the same mob category that the mob was registered as to prevent mob cap spawning issues.
[30Sep2026 03:48:46.955] [Server thread/WARN] [net.neoforged.neoforge.server.ServerLifecycleHooks/]: Detected quark:toretoise that was registered with CREATURE mob category but was added under MONSTER mob category for minecraft:deep_frozen_ocean biome! Mobs should be added to biomes under the same mob category that the mob was registered as to prevent mob cap spawning issues.
[30Sep2026 03:48:46.956] [Server thread/WARN] [net.neoforged.neoforge.server.ServerLifecycleHooks/]: Detected quark:stoneling that was registered with CREATURE mob category but was added under MONSTER mob category for minecraft:deep_lukewarm_ocean biome! Mobs should be added to biomes under the same mob category that the mob was registered as to prevent mob cap spawning issues.
[30Sep2026 03:48:46.956] [Server thread/WARN] [net.neoforged.neoforge.server.ServerLifecycleHooks/]: Detected quark:toretoise that was registered with CREATURE mob category but was added under MONSTER mob category for minecraft:deep_lukewarm_ocean biome! Mobs should be added to biomes under the same mob category that the mob was registered as to prevent mob cap spawning issues.
[30Sep2026 03:48:46.956] [Server thread/WARN] [net.neoforged.neoforge.server.ServerLifecycleHooks/]: Detected quark:stoneling that was registered with CREATURE mob category but was added under MONSTER mob category for minecraft:deep_ocean biome! Mobs should be added to biomes under the same mob category that the mob was registered as to prevent mob cap spawning issues.
[30Sep2026 03:48:46.956] [Server thread/WARN] [net.neoforged.neoforge.server.ServerLifecycleHooks/]: Detected quark:toretoise that was registered with CREATURE mob category but was added under MONSTER mob category for minecraft:deep_ocean biome! Mobs should be added to biomes under the same mob category that the mob was registered as to prevent mob cap spawning issues.
[30Sep2026 03:48:46.956] [Server thread/WARN] [net.neoforged.neoforge.server.ServerLifecycleHooks/]: Detected quark:stoneling that was registered with CREATURE mob category but was added under MONSTER mob category for terrablender:deferred_placeholder biome! Mobs should be added to biomes under the same mob category that the mob was registered as to prevent mob cap spawning issues.
[30Sep2026 03:48:46.956] [Server thread/WARN] [net.neoforged.neoforge.server.ServerLifecycleHooks/]: Detected quark:toretoise that was registered with CREATURE mob category but was added under MONSTER mob category for terrablender:deferred_placeholder biome! Mobs should be added to biomes under the same mob category that the mob was registered as to prevent mob cap spawning issues.
[30Sep2026 03:48:46.956] [Server thread/WARN] [net.neoforged.neoforge.server.ServerLifecycleHooks/]: Detected quark:stoneling that was registered with CREATURE mob category but was added under MONSTER mob category for minecraft:desert biome! Mobs should be added to biomes under the same mob category that the mob was registered as to prevent mob cap spawning issues.
[30Sep2026 03:48:46.956] [Server thread/WARN] [net.neoforged.neoforge.server.ServerLifecycleHooks/]: Detected quark:toretoise that was registered with CREATURE mob category but was added under MONSTER mob category for minecraft:desert biome! Mobs should be added to biomes under the same mob category that the mob was registered as to prevent mob cap spawning issues.
[30Sep2026 03:48:46.956] [Server thread/WARN] [net.neoforged.neoforge.server.ServerLifecycleHooks/]: Detected quark:stoneling that was registered with CREATURE mob category but was added under MONSTER mob category for minecraft:dripstone_caves biome! Mobs should be added to biomes under the same mob category that the mob was registered as to prevent mob cap spawning issues.
[30Sep2026 03:48:46.956] [Server thread/WARN] [net.neoforged.neoforge.server.ServerLifecycleHooks/]: Detected quark:toretoise that was registered with CREATURE mob category but was added under MONSTER mob category for minecraft:dripstone_caves biome! Mobs should be added to biomes under the same mob category that the mob was registered as to prevent mob cap spawning issues.
[30Sep2026 03:48:46.957] [Server thread/WARN] [net.neoforged.neoforge.server.ServerLifecycleHooks/]: Detected quark:stoneling that was registered with CREATURE mob category but was added under MONSTER mob category for minecraft:eroded_badlands biome! Mobs should be added to biomes under the same mob category that the mob was registered as to prevent mob cap spawning issues.
[30Sep2026 03:48:46.957] [Server thread/WARN] [net.neoforged.neoforge.server.ServerLifecycleHooks/]: Detected quark:toretoise that was registered with CREATURE mob category but was added under MONSTER mob category for minecraft:eroded_badlands biome! Mobs should be added to biomes under the same mob category that the mob was registered as to prevent mob cap spawning issues.
[30Sep2026 03:48:46.957] [Server thread/WARN] [net.neoforged.neoforge.server.ServerLifecycleHooks/]: Detected quark:stoneling that was registered with CREATURE mob category but was added under MONSTER mob category for minecraft:flower_forest biome! Mobs should be added to biomes under the same mob category that the mob was registered as to prevent mob cap spawning issues.
[30Sep2026 03:48:46.957] [Server thread/WARN] [net.neoforged.neoforge.server.ServerLifecycleHooks/]: Detected quark:toretoise that was registered with CREATURE mob category but was added under MONSTER mob category for minecraft:flower_forest biome! Mobs should be added to biomes under the same mob category that the mob was registered as to prevent mob cap spawning issues.
[30Sep2026 03:48:46.957] [Server thread/WARN] [net.neoforged.neoforge.server.ServerLifecycleHooks/]: Detected quark:stoneling that was registered with CREATURE mob category but was added under MONSTER mob category for minecraft:forest biome! Mobs should be added to biomes under the same mob category that the mob was registered as to prevent mob cap spawning issues.
[30Sep2026 03:48:46.957] [Server thread/WARN] [net.neoforged.neoforge.server.ServerLifecycleHooks/]: Detected quark:toretoise that was registered with CREATURE mob category but was added under MONSTER mob category for minecraft:forest biome! Mobs should be added to biomes under the same mob category that the mob was registered as to prevent mob cap spawning issues.
[30Sep2026 03:48:46.958] [Server thread/WARN] [net.neoforged.neoforge.server.ServerLifecycleHooks/]: Detected quark:stoneling that was registered with CREATURE mob category but was added under MONSTER mob category for minecraft:frozen_ocean biome! Mobs should be added to biomes under the same mob category that the mob was registered as to prevent mob cap spawning issues.
[30Sep2026 03:48:46.958] [Server thread/WARN] [net.neoforged.neoforge.server.ServerLifecycleHooks/]: Detected quark:toretoise that was registered with CREATURE mob category but was added under MONSTER mob category for minecraft:frozen_ocean biome! Mobs should be added to biomes under the same mob category that the mob was registered as to prevent mob cap spawning issues.
[30Sep2026 03:48:46.958] [Server thread/WARN] [net.neoforged.neoforge.server.ServerLifecycleHooks/]: Detected quark:stoneling that was registered with CREATURE mob category but was added under MONSTER mob category for minecraft:frozen_peaks biome! Mobs should be added to biomes under the same mob category that the mob was registered as to prevent mob cap spawning issues.
[30Sep2026 03:48:46.958] [Server thread/WARN] [net.neoforged.neoforge.server.ServerLifecycleHooks/]: Detected quark:toretoise that was registered with CREATURE mob category but was added under MONSTER mob category for minecraft:frozen_peaks biome! Mobs should be added to biomes under the same mob category that the mob was registered as to prevent mob cap spawning issues.
[30Sep2026 03:48:46.958] [Server thread/WARN] [net.neoforged.neoforge.server.ServerLifecycleHooks/]: Detected quark:stoneling that was registered with CREATURE mob category but was added under MONSTER mob category for minecraft:frozen_river biome! Mobs should be added to biomes under the same mob category that the mob was registered as to prevent mob cap spawning issues.
[30Sep2026 03:48:46.958] [Server thread/WARN] [net.neoforged.neoforge.server.ServerLifecycleHooks/]: Detected quark:toretoise that was registered with CREATURE mob category but was added under MONSTER mob category for minecraft:frozen_river biome! Mobs should be added to biomes under the same mob category that the mob was registered as to prevent mob cap spawning issues.
[30Sep2026 03:48:46.958] [Server thread/WARN] [net.neoforged.neoforge.server.ServerLifecycleHooks/]: Detected quark:stoneling that was registered with CREATURE mob category but was added under MONSTER mob category for quark:glimmering_weald biome! Mobs should be added to biomes under the same mob category that the mob was registered as to prevent mob cap spawning issues.
[30Sep2026 03:48:46.958] [Server thread/WARN] [net.neoforged.neoforge.server.ServerLifecycleHooks/]: Detected quark:toretoise that was registered with CREATURE mob category but was added under MONSTER mob category for quark:glimmering_weald biome! Mobs should be added to biomes under the same mob category that the mob was registered as to prevent mob cap spawning issues.
[30Sep2026 03:48:46.958] [Server thread/WARN] [net.neoforged.neoforge.server.ServerLifecycleHooks/]: Detected quark:stoneling that was registered with CREATURE mob category but was added under MONSTER mob category for minecraft:grove biome! Mobs should be added to biomes under the same mob category that the mob was registered as to prevent mob cap spawning issues.
[30Sep2026 03:48:46.958] [Server thread/WARN] [net.neoforged.neoforge.server.ServerLifecycleHooks/]: Detected quark:toretoise that was registered with CREATURE mob category but was added under MONSTER mob category for minecraft:grove biome! Mobs should be added to biomes under the same mob category that the mob was registered as to prevent mob cap spawning issues.
[30Sep2026 03:48:46.959] [Server thread/WARN] [net.neoforged.neoforge.server.ServerLifecycleHooks/]: Detected quark:stoneling that was registered with CREATURE mob category but was added under MONSTER mob category for minecraft:ice_spikes biome! Mobs should be added to biomes under the same mob category that the mob was registered as to prevent mob cap spawning issues.
[30Sep2026 03:48:46.959] [Server thread/WARN] [net.neoforged.neoforge.server.ServerLifecycleHooks/]: Detected quark:toretoise that was registered with CREATURE mob category but was added under MONSTER mob category for minecraft:ice_spikes biome! Mobs should be added to biomes under the same mob category that the mob was registered as to prevent mob cap spawning issues.
[30Sep2026 03:48:46.959] [Server thread/WARN] [net.neoforged.neoforge.server.ServerLifecycleHooks/]: Detected quark:stoneling that was registered with CREATURE mob category but was added under MONSTER mob category for minecraft:jagged_peaks biome! Mobs should be added to biomes under the same mob category that the mob was registered as to prevent mob cap spawning issues.
[30Sep2026 03:48:46.959] [Server thread/WARN] [net.neoforged.neoforge.server.ServerLifecycleHooks/]: Detected quark:toretoise that was registered with CREATURE mob category but was added under MONSTER mob category for minecraft:jagged_peaks biome! Mobs should be added to biomes under the same mob category that the mob was registered as to prevent mob cap spawning issues.
[30Sep2026 03:48:46.959] [Server thread/WARN] [net.neoforged.neoforge.server.ServerLifecycleHooks/]: Detected quark:stoneling that was registered with CREATURE mob category but was added under MONSTER mob category for minecraft:jungle biome! Mobs should be added to biomes under the same mob category that the mob was registered as to prevent mob cap spawning issues.
[30Sep2026 03:48:46.959] [Server thread/WARN] [net.neoforged.neoforge.server.ServerLifecycleHooks/]: Detected quark:toretoise that was registered with CREATURE mob category but was added under MONSTER mob category for minecraft:jungle biome! Mobs should be added to biomes under the same mob category that the mob was registered as to prevent mob cap spawning issues.
[30Sep2026 03:48:46.959] [Server thread/WARN] [net.neoforged.neoforge.server.ServerLifecycleHooks/]: Detected quark:stoneling that was registered with CREATURE mob category but was added under MONSTER mob category for minecraft:lukewarm_ocean biome! Mobs should be added to biomes under the same mob category that the mob was registered as to prevent mob cap spawning issues.
[30Sep2026 03:48:46.960] [Server thread/WARN] [net.neoforged.neoforge.server.ServerLifecycleHooks/]: Detected quark:toretoise that was registered with CREATURE mob category but was added under MONSTER mob category for minecraft:lukewarm_ocean biome! Mobs should be added to biomes under the same mob category that the mob was registered as to prevent mob cap spawning issues.
[30Sep2026 03:48:46.960] [Server thread/WARN] [net.neoforged.neoforge.server.ServerLifecycleHooks/]: Detected quark:stoneling that was registered with CREATURE mob category but was added under MONSTER mob category for minecraft:lush_caves biome! Mobs should be added to biomes under the same mob category that the mob was registered as to prevent mob cap spawning issues.
[30Sep2026 03:48:46.960] [Server thread/WARN] [net.neoforged.neoforge.server.ServerLifecycleHooks/]: Detected quark:toretoise that was registered with CREATURE mob category but was added under MONSTER mob category for minecraft:lush_caves biome! Mobs should be added to biomes under the same mob category that the mob was registered as to prevent mob cap spawning issues.
[30Sep2026 03:48:46.960] [Server thread/WARN] [net.neoforged.neoforge.server.ServerLifecycleHooks/]: Detected quark:stoneling that was registered with CREATURE mob category but was added under MONSTER mob category for minecraft:mangrove_swamp biome! Mobs should be added to biomes under the same mob category that the mob was registered as to prevent mob cap spawning issues.
[30Sep2026 03:48:46.960] [Server thread/WARN] [net.neoforged.neoforge.server.ServerLifecycleHooks/]: Detected quark:toretoise that was registered with CREATURE mob category but was added under MONSTER mob category for minecraft:mangrove_swamp biome! Mobs should be added to biomes under the same mob category that the mob was registered as to prevent mob cap spawning issues.
[30Sep2026 03:48:46.960] [Server thread/WARN] [net.neoforged.neoforge.server.ServerLifecycleHooks/]: Detected quark:stoneling that was registered with CREATURE mob category but was added under MONSTER mob category for minecraft:meadow biome! Mobs should be added to biomes under the same mob category that the mob was registered as to prevent mob cap spawning issues.
[30Sep2026 03:48:46.960] [Server thread/WARN] [net.neoforged.neoforge.server.ServerLifecycleHooks/]: Detected quark:toretoise that was registered with CREATURE mob category but was added under MONSTER mob category for minecraft:meadow biome! Mobs should be added to biomes under the same mob category that the mob was registered as to prevent mob cap spawning issues.
[30Sep2026 03:48:46.961] [Server thread/WARN] [net.neoforged.neoforge.server.ServerLifecycleHooks/]: Detected quark:stoneling that was registered with CREATURE mob category but was added under MONSTER mob category for minecraft:mushroom_fields biome! Mobs should be added to biomes under the same mob category that the mob was registered as to prevent mob cap spawning issues.
[30Sep2026 03:48:46.961] [Server thread/WARN] [net.neoforged.neoforge.server.ServerLifecycleHooks/]: Detected quark:toretoise that was registered with CREATURE mob category but was added under MONSTER mob category for minecraft:mushroom_fields biome! Mobs should be added to biomes under the same mob category that the mob was registered as to prevent mob cap spawning issues.
[30Sep2026 03:48:46.961] [Server thread/WARN] [net.neoforged.neoforge.server.ServerLifecycleHooks/]: Detected quark:foxhound that was registered with CREATURE mob category but was added under MONSTER mob category for minecraft:nether_wastes biome! Mobs should be added to biomes under the same mob category that the mob was registered as to prevent mob cap spawning issues.
[30Sep2026 03:48:46.961] [Server thread/WARN] [net.neoforged.neoforge.server.ServerLifecycleHooks/]: Detected quark:stoneling that was registered with CREATURE mob category but was added under MONSTER mob category for minecraft:ocean biome! Mobs should be added to biomes under the same mob category that the mob was registered as to prevent mob cap spawning issues.
[30Sep2026 03:48:46.961] [Server thread/WARN] [net.neoforged.neoforge.server.ServerLifecycleHooks/]: Detected quark:toretoise that was registered with CREATURE mob category but was added under MONSTER mob category for minecraft:ocean biome! Mobs should be added to biomes under the same mob category that the mob was registered as to prevent mob cap spawning issues.
[30Sep2026 03:48:46.961] [Server thread/WARN] [net.neoforged.neoforge.server.ServerLifecycleHooks/]: Detected quark:stoneling that was registered with CREATURE mob category but was added under MONSTER mob category for minecraft:old_growth_birch_forest biome! Mobs should be added to biomes under the same mob category that the mob was registered as to prevent mob cap spawning issues.
[30Sep2026 03:48:46.961] [Server thread/WARN] [net.neoforged.neoforge.server.ServerLifecycleHooks/]: Detected quark:toretoise that was registered with CREATURE mob category but was added under MONSTER mob category for minecraft:old_growth_birch_forest biome! Mobs should be added to biomes under the same mob category that the mob was registered as to prevent mob cap spawning issues.
[30Sep2026 03:48:46.962] [Server thread/WARN] [net.neoforged.neoforge.server.ServerLifecycleHooks/]: Detected quark:stoneling that was registered with CREATURE mob category but was added under MONSTER mob category for minecraft:old_growth_pine_taiga biome! Mobs should be added to biomes under the same mob category that the mob was registered as to prevent mob cap spawning issues.
[30Sep2026 03:48:46.962] [Server thread/WARN] [net.neoforged.neoforge.server.ServerLifecycleHooks/]: Detected quark:toretoise that was registered with CREATURE mob category but was added under MONSTER mob category for minecraft:old_growth_pine_taiga biome! Mobs should be added to biomes under the same mob category that the mob was registered as to prevent mob cap spawning issues.
[30Sep2026 03:48:46.962] [Server thread/WARN] [net.neoforged.neoforge.server.ServerLifecycleHooks/]: Detected quark:stoneling that was registered with CREATURE mob category but was added under MONSTER mob category for minecraft:old_growth_spruce_taiga biome! Mobs should be added to biomes under the same mob category that the mob was registered as to prevent mob cap spawning issues.
[30Sep2026 03:48:46.962] [Server thread/WARN] [net.neoforged.neoforge.server.ServerLifecycleHooks/]: Detected quark:toretoise that was registered with CREATURE mob category but was added under MONSTER mob category for minecraft:old_growth_spruce_taiga biome! Mobs should be added to biomes under the same mob category that the mob was registered as to prevent mob cap spawning issues.
[30Sep2026 03:48:46.962] [Server thread/WARN] [net.neoforged.neoforge.server.ServerLifecycleHooks/]: Detected quark:stoneling that was registered with CREATURE mob category but was added under MONSTER mob category for magnetization:petrified_forest biome! Mobs should be added to biomes under the same mob category that the mob was registered as to prevent mob cap spawning issues.
[30Sep2026 03:48:46.962] [Server thread/WARN] [net.neoforged.neoforge.server.ServerLifecycleHooks/]: Detected quark:toretoise that was registered with CREATURE mob category but was added under MONSTER mob category for magnetization:petrified_forest biome! Mobs should be added to biomes under the same mob category that the mob was registered as to prevent mob cap spawning issues.
[30Sep2026 03:48:46.962] [Server thread/WARN] [net.neoforged.neoforge.server.ServerLifecycleHooks/]: Detected quark:stoneling that was registered with CREATURE mob category but was added under MONSTER mob category for minecraft:plains biome! Mobs should be added to biomes under the same mob category that the mob was registered as to prevent mob cap spawning issues.
[30Sep2026 03:48:46.962] [Server thread/WARN] [net.neoforged.neoforge.server.ServerLifecycleHooks/]: Detected quark:toretoise that was registered with CREATURE mob category but was added under MONSTER mob category for minecraft:plains biome! Mobs should be added to biomes under the same mob category that the mob was registered as to prevent mob cap spawning issues.
[30Sep2026 03:48:46.963] [Server thread/WARN] [net.neoforged.neoforge.server.ServerLifecycleHooks/]: Detected quark:stoneling that was registered with CREATURE mob category but was added under MONSTER mob category for minecraft:river biome! Mobs should be added to biomes under the same mob category that the mob was registered as to prevent mob cap spawning issues.
[30Sep2026 03:48:46.963] [Server thread/WARN] [net.neoforged.neoforge.server.ServerLifecycleHooks/]: Detected quark:toretoise that was registered with CREATURE mob category but was added under MONSTER mob category for minecraft:river biome! Mobs should be added to biomes under the same mob category that the mob was registered as to prevent mob cap spawning issues.
[30Sep2026 03:48:46.963] [Server thread/WARN] [net.neoforged.neoforge.server.ServerLifecycleHooks/]: Detected quark:stoneling that was registered with CREATURE mob category but was added under MONSTER mob category for minecraft:savanna biome! Mobs should be added to biomes under the same mob category that the mob was registered as to prevent mob cap spawning issues.
[30Sep2026 03:48:46.963] [Server thread/WARN] [net.neoforged.neoforge.server.ServerLifecycleHooks/]: Detected quark:toretoise that was registered with CREATURE mob category but was added under MONSTER mob category for minecraft:savanna biome! Mobs should be added to biomes under the same mob category that the mob was registered as to prevent mob cap spawning issues.
[30Sep2026 03:48:46.963] [Server thread/WARN] [net.neoforged.neoforge.server.ServerLifecycleHooks/]: Detected quark:stoneling that was registered with CREATURE mob category but was added under MONSTER mob category for minecraft:savanna_plateau biome! Mobs should be added to biomes under the same mob category that the mob was registered as to prevent mob cap spawning issues.
[30Sep2026 03:48:46.963] [Server thread/WARN] [net.neoforged.neoforge.server.ServerLifecycleHooks/]: Detected quark:toretoise that was registered with CREATURE mob category but was added under MONSTER mob category for minecraft:savanna_plateau biome! Mobs should be added to biomes under the same mob category that the mob was registered as to prevent mob cap spawning issues.
[30Sep2026 03:48:46.963] [Server thread/WARN] [net.neoforged.neoforge.server.ServerLifecycleHooks/]: Detected quark:stoneling that was registered with CREATURE mob category but was added under MONSTER mob category for minecraft:snowy_beach biome! Mobs should be added to biomes under the same mob category that the mob was registered as to prevent mob cap spawning issues.
[30Sep2026 03:48:46.963] [Server thread/WARN] [net.neoforged.neoforge.server.ServerLifecycleHooks/]: Detected quark:toretoise that was registered with CREATURE mob category but was added under MONSTER mob category for minecraft:snowy_beach biome! Mobs should be added to biomes under the same mob category that the mob was registered as to prevent mob cap spawning issues.
[30Sep2026 03:48:46.963] [Server thread/WARN] [net.neoforged.neoforge.server.ServerLifecycleHooks/]: Detected quark:stoneling that was registered with CREATURE mob category but was added under MONSTER mob category for minecraft:snowy_plains biome! Mobs should be added to biomes under the same mob category that the mob was registered as to prevent mob cap spawning issues.
[30Sep2026 03:48:46.963] [Server thread/WARN] [net.neoforged.neoforge.server.ServerLifecycleHooks/]: Detected quark:toretoise that was registered with CREATURE mob category but was added under MONSTER mob category for minecraft:snowy_plains biome! Mobs should be added to biomes under the same mob category that the mob was registered as to prevent mob cap spawning issues.
[30Sep2026 03:48:46.964] [Server thread/WARN] [net.neoforged.neoforge.server.ServerLifecycleHooks/]: Detected quark:stoneling that was registered with CREATURE mob category but was added under MONSTER mob category for minecraft:snowy_slopes biome! Mobs should be added to biomes under the same mob category that the mob was registered as to prevent mob cap spawning issues.
[30Sep2026 03:48:46.964] [Server thread/WARN] [net.neoforged.neoforge.server.ServerLifecycleHooks/]: Detected quark:toretoise that was registered with CREATURE mob category but was added under MONSTER mob category for minecraft:snowy_slopes biome! Mobs should be added to biomes under the same mob category that the mob was registered as to prevent mob cap spawning issues.
[30Sep2026 03:48:46.964] [Server thread/WARN] [net.neoforged.neoforge.server.ServerLifecycleHooks/]: Detected quark:stoneling that was registered with CREATURE mob category but was added under MONSTER mob category for minecraft:snowy_taiga biome! Mobs should be added to biomes under the same mob category that the mob was registered as to prevent mob cap spawning issues.
[30Sep2026 03:48:46.964] [Server thread/WARN] [net.neoforged.neoforge.server.ServerLifecycleHooks/]: Detected quark:toretoise that was registered with CREATURE mob category but was added under MONSTER mob category for minecraft:snowy_taiga biome! Mobs should be added to biomes under the same mob category that the mob was registered as to prevent mob cap spawning issues.
[30Sep2026 03:48:46.964] [Server thread/WARN] [net.neoforged.neoforge.server.ServerLifecycleHooks/]: Detected quark:foxhound that was registered with CREATURE mob category but was added under MONSTER mob category for minecraft:soul_sand_valley biome! Mobs should be added to biomes under the same mob category that the mob was registered as to prevent mob cap spawning issues.
[30Sep2026 03:48:46.964] [Server thread/WARN] [net.neoforged.neoforge.server.ServerLifecycleHooks/]: Detected quark:stoneling that was registered with CREATURE mob category but was added under MONSTER mob category for minecraft:sparse_jungle biome! Mobs should be added to biomes under the same mob category that the mob was registered as to prevent mob cap spawning issues.
[30Sep2026 03:48:46.964] [Server thread/WARN] [net.neoforged.neoforge.server.ServerLifecycleHooks/]: Detected quark:toretoise that was registered with CREATURE mob category but was added under MONSTER mob category for minecraft:sparse_jungle biome! Mobs should be added to biomes under the same mob category that the mob was registered as to prevent mob cap spawning issues.
[30Sep2026 03:48:46.964] [Server thread/WARN] [net.neoforged.neoforge.server.ServerLifecycleHooks/]: Detected quark:stoneling that was registered with CREATURE mob category but was added under MONSTER mob category for minecraft:stony_peaks biome! Mobs should be added to biomes under the same mob category that the mob was registered as to prevent mob cap spawning issues.
[30Sep2026 03:48:46.964] [Server thread/WARN] [net.neoforged.neoforge.server.ServerLifecycleHooks/]: Detected quark:toretoise that was registered with CREATURE mob category but was added under MONSTER mob category for minecraft:stony_peaks biome! Mobs should be added to biomes under the same mob category that the mob was registered as to prevent mob cap spawning issues.
[30Sep2026 03:48:46.964] [Server thread/WARN] [net.neoforged.neoforge.server.ServerLifecycleHooks/]: Detected quark:stoneling that was registered with CREATURE mob category but was added under MONSTER mob category for minecraft:stony_shore biome! Mobs should be added to biomes under the same mob category that the mob was registered as to prevent mob cap spawning issues.
[30Sep2026 03:48:46.964] [Server thread/WARN] [net.neoforged.neoforge.server.ServerLifecycleHooks/]: Detected quark:toretoise that was registered with CREATURE mob category but was added under MONSTER mob category for minecraft:stony_shore biome! Mobs should be added to biomes under the same mob category that the mob was registered as to prevent mob cap spawning issues.
[30Sep2026 03:48:46.965] [Server thread/WARN] [net.neoforged.neoforge.server.ServerLifecycleHooks/]: Detected quark:stoneling that was registered with CREATURE mob category but was added under MONSTER mob category for minecraft:sunflower_plains biome! Mobs should be added to biomes under the same mob category that the mob was registered as to prevent mob cap spawning issues.
[30Sep2026 03:48:46.965] [Server thread/WARN] [net.neoforged.neoforge.server.ServerLifecycleHooks/]: Detected quark:toretoise that was registered with CREATURE mob category but was added under MONSTER mob category for minecraft:sunflower_plains biome! Mobs should be added to biomes under the same mob category that the mob was registered as to prevent mob cap spawning issues.
[30Sep2026 03:48:46.965] [Server thread/WARN] [net.neoforged.neoforge.server.ServerLifecycleHooks/]: Detected quark:stoneling that was registered with CREATURE mob category but was added under MONSTER mob category for minecraft:swamp biome! Mobs should be added to biomes under the same mob category that the mob was registered as to prevent mob cap spawning issues.
[30Sep2026 03:48:46.965] [Server thread/WARN] [net.neoforged.neoforge.server.ServerLifecycleHooks/]: Detected quark:toretoise that was registered with CREATURE mob category but was added under MONSTER mob category for minecraft:swamp biome! Mobs should be added to biomes under the same mob category that the mob was registered as to prevent mob cap spawning issues.
[30Sep2026 03:48:46.965] [Server thread/WARN] [net.neoforged.neoforge.server.ServerLifecycleHooks/]: Detected quark:stoneling that was registered with CREATURE mob category but was added under MONSTER mob category for minecraft:taiga biome! Mobs should be added to biomes under the same mob category that the mob was registered as to prevent mob cap spawning issues.
[30Sep2026 03:48:46.965] [Server thread/WARN] [net.neoforged.neoforge.server.ServerLifecycleHooks/]: Detected quark:toretoise that was registered with CREATURE mob category but was added under MONSTER mob category for minecraft:taiga biome! Mobs should be added to biomes under the same mob category that the mob was registered as to prevent mob cap spawning issues.
[30Sep2026 03:48:46.965] [Server thread/WARN] [net.neoforged.neoforge.server.ServerLifecycleHooks/]: Detected quark:stoneling that was registered with CREATURE mob category but was added under MONSTER mob category for minecraft:warm_ocean biome! Mobs should be added to biomes under the same mob category that the mob was registered as to prevent mob cap spawning issues.
[30Sep2026 03:48:46.965] [Server thread/WARN] [net.neoforged.neoforge.server.ServerLifecycleHooks/]: Detected quark:toretoise that was registered with CREATURE mob category but was added under MONSTER mob category for minecraft:warm_ocean biome! Mobs should be added to biomes under the same mob category that the mob was registered as to prevent mob cap spawning issues.
[30Sep2026 03:48:46.965] [Server thread/WARN] [net.neoforged.neoforge.server.ServerLifecycleHooks/]: Detected quark:stoneling that was registered with CREATURE mob category but was added under MONSTER mob category for minecraft:windswept_forest biome! Mobs should be added to biomes under the same mob category that the mob was registered as to prevent mob cap spawning issues.
[30Sep2026 03:48:46.965] [Server thread/WARN] [net.neoforged.neoforge.server.ServerLifecycleHooks/]: Detected quark:toretoise that was registered with CREATURE mob category but was added under MONSTER mob category for minecraft:windswept_forest biome! Mobs should be added to biomes under the same mob category that the mob was registered as to prevent mob cap spawning issues.
[30Sep2026 03:48:46.966] [Server thread/WARN] [net.neoforged.neoforge.server.ServerLifecycleHooks/]: Detected quark:stoneling that was registered with CREATURE mob category but was added under MONSTER mob category for minecraft:windswept_gravelly_hills biome! Mobs should be added to biomes under the same mob category that the mob was registered as to prevent mob cap spawning issues.
[30Sep2026 03:48:46.966] [Server thread/WARN] [net.neoforged.neoforge.server.ServerLifecycleHooks/]: Detected quark:toretoise that was registered with CREATURE mob category but was added under MONSTER mob category for minecraft:windswept_gravelly_hills biome! Mobs should be added to biomes under the same mob category that the mob was registered as to prevent mob cap spawning issues.
[30Sep2026 03:48:46.966] [Server thread/WARN] [net.neoforged.neoforge.server.ServerLifecycleHooks/]: Detected quark:stoneling that was registered with CREATURE mob category but was added under MONSTER mob category for minecraft:windswept_hills biome! Mobs should be added to biomes under the same mob category that the mob was registered as to prevent mob cap spawning issues.
[30Sep2026 03:48:46.966] [Server thread/WARN] [net.neoforged.neoforge.server.ServerLifecycleHooks/]: Detected quark:toretoise that was registered with CREATURE mob category but was added under MONSTER mob category for minecraft:windswept_hills biome! Mobs should be added to biomes under the same mob category that the mob was registered as to prevent mob cap spawning issues.
[30Sep2026 03:48:46.966] [Server thread/WARN] [net.neoforged.neoforge.server.ServerLifecycleHooks/]: Detected quark:stoneling that was registered with CREATURE mob category but was added under MONSTER mob category for minecraft:windswept_savanna biome! Mobs should be added to biomes under the same mob category that the mob was registered as to prevent mob cap spawning issues.
[30Sep2026 03:48:46.966] [Server thread/WARN] [net.neoforged.neoforge.server.ServerLifecycleHooks/]: Detected quark:toretoise that was registered with CREATURE mob category but was added under MONSTER mob category for minecraft:windswept_savanna biome! Mobs should be added to biomes under the same mob category that the mob was registered as to prevent mob cap spawning issues.
[30Sep2026 03:48:46.966] [Server thread/WARN] [net.neoforged.neoforge.server.ServerLifecycleHooks/]: Detected quark:stoneling that was registered with CREATURE mob category but was added under MONSTER mob category for minecraft:wooded_badlands biome! Mobs should be added to biomes under the same mob category that the mob was registered as to prevent mob cap spawning issues.
[30Sep2026 03:48:46.966] [Server thread/WARN] [net.neoforged.neoforge.server.ServerLifecycleHooks/]: Detected quark:toretoise that was registered with CREATURE mob category but was added under MONSTER mob category for minecraft:wooded_badlands biome! Mobs should be added to biomes under the same mob category that the mob was registered as to prevent mob cap spawning issues.
[30Sep2026 03:48:46.967] [Server thread/INFO] [zeta/]: Server starting, accepting filewatcher changes for zeta's config
[30Sep2026 03:48:46.967] [Server thread/INFO] [quark-zeta/]: Server starting, accepting filewatcher changes for quark's config
[30Sep2026 03:48:46.972] [Server thread/INFO] [terrablender/]: Initialized TerraBlender biomes for level stem minecraft:the_nether
[30Sep2026 03:48:46.984] [Server thread/INFO] [dev.ryanhcode.sable.Sable/]: Creating physics pipeline for ResourceKey[minecraft:dimension / minecraft:overworld] using RapierPhysicsPipelineProvider
[30Sep2026 03:48:47.356] [Server thread/INFO] [dev.ryanhcode.sable.Sable/]: Creating physics pipeline for ResourceKey[minecraft:dimension / minecraft:the_end] using RapierPhysicsPipelineProvider
[30Sep2026 03:48:47.423] [Server thread/INFO] [dev.ryanhcode.sable.Sable/]: Creating physics pipeline for ResourceKey[minecraft:dimension / minecraft:the_nether] using RapierPhysicsPipelineProvider
[30Sep2026 03:48:47.470] [Server thread/INFO] [net.minecraft.server.MinecraftServer/]: Preparing start region for dimension minecraft:overworld
[30Sep2026 03:48:47.485] [worldgen/INFO] [net.minecraft.server.level.progress.LoggerChunkProgressListener/]: Preparing spawn area: 2%
[30Sep2026 03:48:47.567] [Server thread/INFO] [net.minecraft.server.level.progress.LoggerChunkProgressListener/]: Time elapsed: 96 ms
[30Sep2026 03:48:47.574] [Server thread/INFO] [net.minecraft.gametest.framework.GameTestServer/]: Started game test server
[30Sep2026 03:48:47.601] [Server thread/INFO] [net.neoforged.neoforge.server.permission.PermissionAPI/]: Successfully initialized permission handler neoforge:default_handler
[30Sep2026 03:48:47.608] [Server thread/INFO] [magnetization/]: Stripped 1 recipe(s) producing disabled magnetization content.
[30Sep2026 03:48:47.688] [Server thread/INFO] [net.minecraft.gametest.framework.GameTestServer/]: 4 tests are now running at position -13986612, -59, 5939042!
[30Sep2026 03:48:47.776] [Server thread/INFO] [net.minecraft.gametest.framework.GameTestRunner/]: Running test batch 'defaultBatch:0' (1 tests)...
[30Sep2026 03:48:47.839] [Server thread/INFO] [net.minecraft.gametest.framework.GameTestServer/]: [    ]
[30Sep2026 03:48:47.867] [Server thread/INFO] [net.minecraft.gametest.framework.GameTestServer/]: [    ]
[30Sep2026 03:48:47.901] [Server thread/INFO] [net.minecraft.gametest.framework.GameTestRunner/]: Running test batch 'materialEntityPersistence:0' (1 tests)...
[30Sep2026 03:48:47.930] [Server thread/INFO] [net.minecraft.gametest.framework.GameTestServer/]: [+   ]
[30Sep2026 03:48:47.946] [Server thread/INFO] [net.minecraft.gametest.framework.GameTestRunner/]: Running test batch 'materialEntityControls:0' (1 tests)...
[30Sep2026 03:48:47.953] [Server thread/INFO] [net.minecraft.gametest.framework.GameTestServer/]: [++  ]
[30Sep2026 03:48:47.963] [Server thread/WARN] [net.minecraft.core.MappedRegistry/]: Not all defined tags for registry ResourceKey[minecraft:root / minecraft:entity_type] are present in data pack: magnetizing:unmoveable_by_magnets
[30Sep2026 03:48:47.966] [Server thread/INFO] [net.minecraft.gametest.framework.GameTestRunner/]: Running test batch 'materialEntityTransitions:0' (1 tests)...
[30Sep2026 03:48:47.979] [Server thread/INFO] [net.minecraft.gametest.framework.GameTestServer/]: [+++ ]
[30Sep2026 03:48:47.991] [Server thread/INFO] [net.minecraft.gametest.framework.GameTestServer/]: [+++ ]
[30Sep2026 03:48:48.027] [Server thread/INFO] [net.minecraft.gametest.framework.GameTestServer/]: [++++]
[30Sep2026 03:48:48.027] [Server thread/INFO] [net.minecraft.gametest.framework.GameTestServer/]: ========= 4 GAME TESTS COMPLETE IN 338.3 ms ======================
[30Sep2026 03:48:48.027] [Server thread/INFO] [net.minecraft.gametest.framework.GameTestServer/]: All 4 required tests passed :)
[30Sep2026 03:48:48.027] [Server thread/INFO] [net.minecraft.gametest.framework.GameTestServer/]: ====================================================
[30Sep2026 03:48:48.031] [Server thread/INFO] [net.minecraft.server.MinecraftServer/]: Stopping server
[30Sep2026 03:48:48.031] [Server thread/INFO] [net.minecraft.server.MinecraftServer/]: Saving players
[30Sep2026 03:48:48.031] [Server thread/INFO] [net.minecraft.server.MinecraftServer/]: Saving worlds
[30Sep2026 03:48:48.221] [Server thread/INFO] [net.minecraft.server.MinecraftServer/]: Saving chunks for level 'ServerLevel[Test Level]'/minecraft:overworld
[30Sep2026 03:48:48.221] [Server thread/INFO] [dev.ryanhcode.sable.Sable/]: Saving sub-levels for level 'ServerLevel[Test Level]'/minecraft:overworld
[30Sep2026 03:48:48.228] [Server thread/INFO] [net.minecraft.server.MinecraftServer/]: Saving chunks for level 'ServerLevel[Test Level]'/minecraft:the_end
[30Sep2026 03:48:48.228] [Server thread/INFO] [dev.ryanhcode.sable.Sable/]: Saving sub-levels for level 'ServerLevel[Test Level]'/minecraft:the_end
[30Sep2026 03:48:48.228] [Server thread/INFO] [net.minecraft.server.MinecraftServer/]: Saving chunks for level 'ServerLevel[Test Level]'/minecraft:the_nether
[30Sep2026 03:48:48.228] [Server thread/INFO] [dev.ryanhcode.sable.Sable/]: Saving sub-levels for level 'ServerLevel[Test Level]'/minecraft:the_nether
[30Sep2026 03:48:48.233] [Server thread/INFO] [net.minecraft.server.MinecraftServer/]: ThreadedAnvilChunkStorage (world): All chunks are saved
[30Sep2026 03:48:48.233] [Server thread/INFO] [net.minecraft.server.MinecraftServer/]: ThreadedAnvilChunkStorage (DIM1): All chunks are saved
[30Sep2026 03:48:48.233] [Server thread/INFO] [net.minecraft.server.MinecraftServer/]: ThreadedAnvilChunkStorage (DIM-1): All chunks are saved
[30Sep2026 03:48:48.233] [Server thread/INFO] [net.minecraft.server.MinecraftServer/]: ThreadedAnvilChunkStorage: All dimensions are saved
[30Sep2026 03:48:48.237] [Server thread/INFO] [net.minecraft.gametest.framework.GameTestServer/]: Game test server shutting down
