[30Sep2026 04:08:18.805] [main/INFO] [cpw.mods.modlauncher.Launcher/MODLAUNCHER]: ModLauncher running: args [--launchTarget, forgeserverdev, --gameDir, ., --fml.fmlVersion, 4.0.44, --fml.mcVersion, 1.21.1, --fml.neoForgeVersion, 21.1.252, --fml.neoFormVersion, 20240808.144430]
[30Sep2026 04:08:18.807] [main/INFO] [cpw.mods.modlauncher.Launcher/MODLAUNCHER]: JVM identified as Arch Linux OpenJDK 64-Bit Server VM 21.0.12.1+1
[30Sep2026 04:08:18.807] [main/INFO] [cpw.mods.modlauncher.Launcher/MODLAUNCHER]: ModLauncher 11.0.5+main.901c6ea8 starting: java version 21.0.12.1 by Arch Linux; OS Linux arch amd64 version 7.2.7-zen1-1-zen
[30Sep2026 04:08:18.849] [main/INFO] [net.neoforged.fml.loading.ImmediateWindowHandler/]: ImmediateWindowProvider not loading because launch target is forgeserverdev
[30Sep2026 04:08:18.866] [main/INFO] [mixin/]: SpongePowered MIXIN Subsystem Version=0.8.7 Source=union:/home/braydon/.gradle/caches/modules-2/files-2.1/net.fabricmc/sponge-mixin/0.15.2+mixin.0.8.7/2af2f021d8e02a0220dc27a7a72b4666d66d44ca/sponge-mixin-0.15.2+mixin.0.8.7.jar%2394!/ Service=ModLauncher Env=SERVER
[30Sep2026 04:08:19.102] [main/WARN] [net.neoforged.jarjar.selection.JarSelector/]: Attempted to select a dependency jar for JarJar which was passed in as source: veil. Using Mod File: /home/braydon/.gradle/caches/modules-2/files-2.1/foundry.veil/veil-neoforge-1.21.1/4.1.4/642ec0bd02213ee087d86eda553d6d79c6a04d2b/veil-neoforge-1.21.1-4.1.4.jar
[30Sep2026 04:08:19.102] [main/WARN] [net.neoforged.jarjar.selection.JarSelector/]: Attempted to select a dependency jar for JarJar which was passed in as source: library:sable_rapier. Using Mod File: /home/braydon/.gradle/caches/modules-2/files-2.1/dev.ryanhcode.sable/sable-sable_rapier-1.21.1/2.0.3/a88c0860320890144b6b44c332a2a2db3a61e189/sable-sable_rapier-1.21.1-2.0.3.jar
[30Sep2026 04:08:19.102] [main/WARN] [net.neoforged.jarjar.selection.JarSelector/]: Attempted to select a dependency jar for JarJar which was passed in as source: ponder. Using Mod File: /home/braydon/.gradle/caches/modules-2/files-2.1/net.createmod.ponder/ponder-neoforge/1.0.87+mc1.21.1/7783eeff0389f8c6003457133b9dd98e903266c6/ponder-neoforge-1.0.87+mc1.21.1.jar
[30Sep2026 04:08:19.103] [main/WARN] [net.neoforged.jarjar.selection.JarSelector/]: Attempted to select a dependency jar for JarJar which was passed in as source: library:Registrate.MC1._21._67. Using Mod File: /home/braydon/.gradle/caches/modules-2/files-2.1/com.tterrag.registrate/Registrate/MC1.21-1.3.0+67/66ddc4cd56472fea1ea1a24182901e6c92a51c0a/Registrate-MC1.21-1.3.0+67.jar
[30Sep2026 04:08:19.103] [main/WARN] [net.neoforged.jarjar.selection.JarSelector/]: Attempted to select a dependency jar for JarJar which was passed in as source: sablecompanion. Using Mod File: /home/braydon/.gradle/caches/modules-2/files-2.1/dev.ryanhcode.sable-companion/sable-companion-common-1.21.1/1.6.0/370be7db705926176e05c0215ed676150c45daae/sable-companion-common-1.21.1-1.6.0.jar
[30Sep2026 04:08:19.103] [main/WARN] [net.neoforged.jarjar.selection.JarSelector/]: Attempted to select a dependency jar for JarJar which was passed in as source: flywheel. Using Mod File: /home/braydon/.gradle/caches/modules-2/files-2.1/dev.engine-room.flywheel/flywheel-neoforge-1.21.1/1.0.6/a943872ad0bdd4458d818d8d7dc123fb250eb744/flywheel-neoforge-1.21.1-1.0.6.jar
[30Sep2026 04:08:19.103] [main/INFO] [net.neoforged.fml.loading.moddiscovery.locators.JarInJarDependencyLocator/]: Found 7 dependencies adding them to mods collection
[30Sep2026 04:08:19.104] [main/INFO] [net.neoforged.fml.loading.moddiscovery.ModDiscoverer/]:
     Mod List:
		Name Version (Mod Id)

		CodecUI 1.21.1-1.4.5 (codecui)
		Create 6.0.11 (create)
		Create Aeronautics 1.3.0 (aeronautics)
		Create Simulated 1.3.0 (simulated)
		Flywheel 1.0.6 (flywheel)
		Magnetization 1.4.6 (magnetization)
		Minecraft 1.21.1 (minecraft)
		Moonlight Lib 1.21.1-3.6.8 (moonlight)
		NeoForge 21.1.252 (neoforge)
		Ponder 1.0.87+mc1.21.1 (ponder)
		Sable 2.0.3 (sable)
		Sable Companion 1.6.0 (sablecompanion)
		Supplementaries 1.21.1-3.9.9 (supplementaries)
		TerraBlender 4.1.0.8 (terrablender)
		Veil 4.1.4 (veil)
[30Sep2026 04:08:19.573] [main/INFO] [mixin/]: Compatibility level set to JAVA_17
[30Sep2026 04:08:19.575] [main/INFO] [mixin/]: Compatibility level set to JAVA_21
[30Sep2026 04:08:19.596] [main/INFO] [cpw.mods.modlauncher.LaunchServiceHandler/MODLAUNCHER]: Launching target 'forgeserverdev' with arguments [--gameDir, .]
[30Sep2026 04:08:19.635] [main/WARN] [mixin/]: Reference map 'simulated.refmap.json' for simulated.mixins.json could not be read. If this is a development environment you can ignore this message
[30Sep2026 04:08:19.637] [main/WARN] [mixin/]: Reference map 'aeronautics.refmap.json' for aeronautics.mixins.json could not be read. If this is a development environment you can ignore this message
[30Sep2026 04:08:19.642] [main/WARN] [mixin/]: Reference map 'ponder.refmap.json' for ponder-common.mixins.json could not be read. If this is a development environment you can ignore this message
[30Sep2026 04:08:19.646] [main/INFO] [dev.ryanhcode.sable.mixin.AbstractSableMixinPlugin/]: Using Vanilla renderer mixins
[30Sep2026 04:08:19.647] [main/INFO] [dev.ryanhcode.sable.mixin.AbstractSableMixinPlugin/]: Using Vanilla renderer mixins
[30Sep2026 04:08:19.650] [main/WARN] [mixin/]: Reference map 'terrablender.refmap.json' for terrablender.mixins.json could not be read. If this is a development environment you can ignore this message
[30Sep2026 04:08:19.651] [main/WARN] [mixin/]: Reference map 'terrablender.refmap.json' for terrablender_neoforge.mixins.json could not be read. If this is a development environment you can ignore this message
[30Sep2026 04:08:19.841] [main/WARN] [mixin/]: Error loading class: mezz/jei/library/plugins/vanilla/ingredients/ItemStackListFactory (java.lang.ClassNotFoundException: mezz.jei.library.plugins.vanilla.ingredients.ItemStackListFactory)
[30Sep2026 04:08:19.916] [main/WARN] [mixin/]: Error loading class: vectorwing/farmersdelight/common/block/TomatoBlock (java.lang.ClassNotFoundException: vectorwing.farmersdelight.common.block.TomatoBlock)
[30Sep2026 04:08:19.949] [main/ERROR] [net.neoforged.fml.common.asm.RuntimeDistCleaner/DISTXFORM]: Attempted to load class net/minecraft/client/multiplayer/ClientLevel for invalid dist DEDICATED_SERVER
[30Sep2026 04:08:19.950] [main/WARN] [mixin/]: Error loading class: net/minecraft/client/multiplayer/ClientLevel (java.lang.RuntimeException: Attempted to load class net/minecraft/client/multiplayer/ClientLevel for invalid dist DEDICATED_SERVER)
[30Sep2026 04:08:19.966] [main/ERROR] [net.neoforged.fml.common.asm.RuntimeDistCleaner/DISTXFORM]: Attempted to load class net/minecraft/client/multiplayer/ClientLevel for invalid dist DEDICATED_SERVER
[30Sep2026 04:08:19.967] [main/WARN] [mixin/]: Error loading class: net/minecraft/client/multiplayer/ClientLevel (java.lang.RuntimeException: Attempted to load class net/minecraft/client/multiplayer/ClientLevel for invalid dist DEDICATED_SERVER)
[30Sep2026 04:08:19.980] [main/ERROR] [net.neoforged.fml.common.asm.RuntimeDistCleaner/DISTXFORM]: Attempted to load class net/minecraft/client/multiplayer/ClientLevel for invalid dist DEDICATED_SERVER
[30Sep2026 04:08:19.980] [main/WARN] [mixin/]: Error loading class: net/minecraft/client/multiplayer/ClientLevel (java.lang.RuntimeException: Attempted to load class net/minecraft/client/multiplayer/ClientLevel for invalid dist DEDICATED_SERVER)
[30Sep2026 04:08:20.030] [main/WARN] [mixin/]: Error loading class: com/copycatsplus/copycats/foundation/copycat/CCCopycatBlockEntity (java.lang.ClassNotFoundException: com.copycatsplus.copycats.foundation.copycat.CCCopycatBlockEntity)
[30Sep2026 04:08:20.031] [main/WARN] [mixin/]: Error loading class: com/copycatsplus/copycats/foundation/copycat/multistate/MultiStateCopycatBlockEntity (java.lang.ClassNotFoundException: com.copycatsplus.copycats.foundation.copycat.multistate.MultiStateCopycatBlockEntity)
[30Sep2026 04:08:20.031] [main/WARN] [mixin/]: Error loading class: com/jesz/createdieselgenerators/content/tools/ChemicalSprayerProjectileEntity (java.lang.ClassNotFoundException: com.jesz.createdieselgenerators.content.tools.ChemicalSprayerProjectileEntity)
[30Sep2026 04:08:20.032] [main/WARN] [mixin/]: Error loading class: qouteall/imm_ptl/core/compat/sable_integration/IPSableBridge (java.lang.ClassNotFoundException: qouteall.imm_ptl.core.compat.sable_integration.IPSableBridge)
[30Sep2026 04:08:20.032] [main/WARN] [mixin/]: Error loading class: com/github/alexmodguy/alexscaves/server/block/blockentity/TeslaBulbBlockEntity (java.lang.ClassNotFoundException: com.github.alexmodguy.alexscaves.server.block.blockentity.TeslaBulbBlockEntity)
[30Sep2026 04:08:20.032] [main/WARN] [mixin/]: Error loading class: dev/devce/rocketnautics/content/orbit/DeepSpaceData (java.lang.ClassNotFoundException: dev.devce.rocketnautics.content.orbit.DeepSpaceData)
[30Sep2026 04:08:20.073] [main/WARN] [mixin/]: Error loading class: org/jetbrains/annotations/ApiStatus$ScheduledForRemoval (java.lang.ClassNotFoundException: org.jetbrains.annotations.ApiStatus$ScheduledForRemoval)
[30Sep2026 04:08:20.079] [main/ERROR] [net.neoforged.fml.common.asm.RuntimeDistCleaner/DISTXFORM]: Attempted to load class net/minecraft/client/multiplayer/ClientLevel for invalid dist DEDICATED_SERVER
[30Sep2026 04:08:20.079] [main/WARN] [mixin/]: Error loading class: net/minecraft/client/multiplayer/ClientLevel (java.lang.RuntimeException: Attempted to load class net/minecraft/client/multiplayer/ClientLevel for invalid dist DEDICATED_SERVER)
[30Sep2026 04:08:20.080] [main/ERROR] [net.neoforged.fml.common.asm.RuntimeDistCleaner/DISTXFORM]: Attempted to load class net/minecraft/client/multiplayer/ClientLevel for invalid dist DEDICATED_SERVER
[30Sep2026 04:08:20.080] [main/WARN] [mixin/]: Error loading class: net/minecraft/client/multiplayer/ClientLevel (java.lang.RuntimeException: Attempted to load class net/minecraft/client/multiplayer/ClientLevel for invalid dist DEDICATED_SERVER)
[30Sep2026 04:08:20.084] [main/ERROR] [net.neoforged.fml.common.asm.RuntimeDistCleaner/DISTXFORM]: Attempted to load class net/minecraft/client/multiplayer/ClientLevel for invalid dist DEDICATED_SERVER
[30Sep2026 04:08:20.085] [main/WARN] [mixin/]: Error loading class: net/minecraft/client/multiplayer/ClientLevel (java.lang.RuntimeException: Attempted to load class net/minecraft/client/multiplayer/ClientLevel for invalid dist DEDICATED_SERVER)
[30Sep2026 04:08:20.086] [main/ERROR] [net.neoforged.fml.common.asm.RuntimeDistCleaner/DISTXFORM]: Attempted to load class net/minecraft/client/multiplayer/ClientLevel for invalid dist DEDICATED_SERVER
[30Sep2026 04:08:20.086] [main/WARN] [mixin/]: Error loading class: net/minecraft/client/multiplayer/ClientLevel (java.lang.RuntimeException: Attempted to load class net/minecraft/client/multiplayer/ClientLevel for invalid dist DEDICATED_SERVER)
[30Sep2026 04:08:20.089] [main/ERROR] [net.neoforged.fml.common.asm.RuntimeDistCleaner/DISTXFORM]: Attempted to load class net/minecraft/client/multiplayer/ClientLevel for invalid dist DEDICATED_SERVER
[30Sep2026 04:08:20.089] [main/WARN] [mixin/]: Error loading class: net/minecraft/client/multiplayer/ClientLevel (java.lang.RuntimeException: Attempted to load class net/minecraft/client/multiplayer/ClientLevel for invalid dist DEDICATED_SERVER)
[30Sep2026 04:08:20.090] [main/ERROR] [net.neoforged.fml.common.asm.RuntimeDistCleaner/DISTXFORM]: Attempted to load class net/minecraft/client/multiplayer/ClientLevel for invalid dist DEDICATED_SERVER
[30Sep2026 04:08:20.090] [main/WARN] [mixin/]: Error loading class: net/minecraft/client/multiplayer/ClientLevel (java.lang.RuntimeException: Attempted to load class net/minecraft/client/multiplayer/ClientLevel for invalid dist DEDICATED_SERVER)
[30Sep2026 04:08:20.147] [main/INFO] [MixinExtras|Service/]: Initializing MixinExtras via com.llamalad7.mixinextras.service.MixinExtrasServiceImpl(version=0.5.3).
[30Sep2026 04:08:20.789] [main/ERROR] [net.neoforged.fml.common.asm.RuntimeDistCleaner/DISTXFORM]: Attempted to load class net/minecraft/client/multiplayer/ClientLevel for invalid dist DEDICATED_SERVER
[30Sep2026 04:08:20.790] [main/WARN] [mixin/]: Error loading class: net/minecraft/client/multiplayer/ClientLevel (java.lang.RuntimeException: Attempted to load class net/minecraft/client/multiplayer/ClientLevel for invalid dist DEDICATED_SERVER)
[30Sep2026 04:08:20.793] [main/ERROR] [net.neoforged.fml.common.asm.RuntimeDistCleaner/DISTXFORM]: Attempted to load class net/minecraft/client/multiplayer/ClientLevel for invalid dist DEDICATED_SERVER
[30Sep2026 04:08:20.793] [main/WARN] [mixin/]: Error loading class: net/minecraft/client/multiplayer/ClientLevel (java.lang.RuntimeException: Attempted to load class net/minecraft/client/multiplayer/ClientLevel for invalid dist DEDICATED_SERVER)
[30Sep2026 04:08:20.797] [main/ERROR] [net.neoforged.fml.common.asm.RuntimeDistCleaner/DISTXFORM]: Attempted to load class net/minecraft/client/multiplayer/ClientLevel for invalid dist DEDICATED_SERVER
[30Sep2026 04:08:20.797] [main/WARN] [mixin/]: Error loading class: net/minecraft/client/multiplayer/ClientLevel (java.lang.RuntimeException: Attempted to load class net/minecraft/client/multiplayer/ClientLevel for invalid dist DEDICATED_SERVER)
[30Sep2026 04:08:23.347] [main/WARN] [net.minecraft.commands.Commands/]: Ambiguity between arguments [teleport, location] and [teleport, destination] with inputs: [0.1 -0.5 .9, 0 0 0]
[30Sep2026 04:08:23.348] [main/WARN] [net.minecraft.commands.Commands/]: Ambiguity between arguments [teleport, location] and [teleport, targets] with inputs: [0.1 -0.5 .9, 0 0 0]
[30Sep2026 04:08:23.349] [main/WARN] [net.minecraft.commands.Commands/]: Ambiguity between arguments [teleport, destination] and [teleport, targets] with inputs: [Player, 0123, @e, dd12be42-52a9-4a91-a8a1-11c01849e498]
[30Sep2026 04:08:23.350] [main/WARN] [net.minecraft.commands.Commands/]: Ambiguity between arguments [teleport, targets] and [teleport, destination] with inputs: [Player, 0123, dd12be42-52a9-4a91-a8a1-11c01849e498]
[30Sep2026 04:08:23.350] [main/WARN] [net.minecraft.commands.Commands/]: Ambiguity between arguments [teleport, targets, location] and [teleport, targets, destination] with inputs: [0.1 -0.5 .9, 0 0 0]
[30Sep2026 04:08:23.380] [modloading-worker-0/INFO] [Veil/]: Veil is initializing.
[30Sep2026 04:08:23.382] [modloading-worker-0/INFO] [CodecUI/]: Codec construction mixins inactive (Codec, MapCodec, RecordCodecBuilder) - expected on NeoForge; using reflective schema inference (numeric ranges recovered, optional-field defaults not).
[30Sep2026 04:08:23.387] [modloading-worker-0/INFO] [net.neoforged.neoforge.common.NeoForgeMod/NEOFORGE-MOD]: NeoForge mod loading, version 21.1.252, for MC 1.21.1
[30Sep2026 04:08:23.394] [modloading-worker-0/INFO] [com.simibubi.create.Create/]: Create 6.0.11 initializing! Commit hash: 87b3c6a65fd00c023a07b37b0353144bc7e6a5bf
[30Sep2026 04:08:23.435] [modloading-worker-0/INFO] [Moonlight/]: Detected config change in moonlight-common.toml, from neoforge config event
[30Sep2026 04:08:23.436] [modloading-worker-0/INFO] [Moonlight/]: Sending changed configs to client
[30Sep2026 04:08:23.458] [modloading-worker-0/INFO] [Moonlight/]: Detected config change in supplementaries-common.toml, from neoforge config event
[30Sep2026 04:08:23.458] [modloading-worker-0/INFO] [Moonlight/]: Sending changed configs to client
[30Sep2026 04:08:23.495] [modloading-worker-0/INFO] [Moonlight/]: Detected config change in moonlight-test.toml, from neoforge config event
[30Sep2026 04:08:23.608] [modloading-worker-0/WARN] [Supplementaries/]: Dye color white produced diffuse color -1 (white), this should never happen
[30Sep2026 04:08:23.678] [modloading-worker-0/ERROR] [net.neoforged.fml.common.asm.RuntimeDistCleaner/DISTXFORM]: Attempted to load class net/minecraft/client/particle/TextureSheetParticle for invalid dist DEDICATED_SERVER
[30Sep2026 04:08:24.173] [modloading-worker-0/INFO] [dev.ryanhcode.sable.Sable/]: Sable loaded!
[30Sep2026 04:08:24.881] [modloading-sync-worker/INFO] [Moonlight/]: Initialized block sets in 4ms
[30Sep2026 04:08:25.485] [modloading-sync-worker/INFO] [Moonlight/]: Detected config change in moonlight-common.toml, from neoforge config event
[30Sep2026 04:08:25.485] [modloading-sync-worker/INFO] [Moonlight/]: Sending changed configs to client
[30Sep2026 04:08:25.489] [modloading-sync-worker/INFO] [Moonlight/]: Detected config change in supplementaries-common.toml, from neoforge config event
[30Sep2026 04:08:25.489] [modloading-sync-worker/INFO] [Moonlight/]: Sending changed configs to client
[30Sep2026 04:08:25.490] [modloading-sync-worker/INFO] [Moonlight/]: Detected config change in moonlight-test.toml, from neoforge config event
[30Sep2026 04:08:25.517] [modloading-sync-worker/INFO] [Moonlight/]: Initialized color sets in 11ms
[30Sep2026 04:08:25.522] [modloading-sync-worker/INFO] [Supplementaries/]: Finished mod setup in: [2, 0, 0, 0, 1, 0] ms
[30Sep2026 04:08:25.547] [modloading-sync-worker/INFO] [terrablender/]: Registered region minecraft:overworld to index 0 for type OVERWORLD
[30Sep2026 04:08:25.547] [modloading-sync-worker/INFO] [terrablender/]: Registered region minecraft:nether to index 0 for type NETHER
[30Sep2026 04:08:25.547] [modloading-sync-worker/INFO] [terrablender/]: Registered region magnetization:anomaly_region to index 1 for type OVERWORLD
[30Sep2026 04:08:25.547] [modloading-sync-worker/INFO] [terrablender/]: Registered region magnetization:petrified_forest_region to index 2 for type OVERWORLD
[30Sep2026 04:08:25.549] [modloading-sync-worker/INFO] [magnetization/]: Surface rules registered for OVERWORLD category (anomaly + petrified_forest)
[30Sep2026 04:08:25.626] [main/INFO] [com.mojang.authlib.yggdrasil.YggdrasilAuthenticationService/]: Environment: Environment[sessionHost=https://sessionserver.mojang.com, servicesHost=https://api.minecraftservices.com, name=PROD]
[30Sep2026 04:08:25.643] [main/WARN] [net.minecraft.server.packs.VanillaPackResourcesBuilder/]: Assets URL 'union:/home/braydon/Magnetization-API/build/moddev/artifacts/neoforge-21.1.252.jar%23125!/assets/.mcassetsroot' uses unexpected schema
[30Sep2026 04:08:25.643] [main/WARN] [net.minecraft.server.packs.VanillaPackResourcesBuilder/]: Assets URL 'union:/home/braydon/Magnetization-API/build/moddev/artifacts/neoforge-21.1.252.jar%23125!/data/.mcassetsroot' uses unexpected schema
[30Sep2026 04:08:25.676] [main/INFO] [com.simibubi.create.Create/]: Created 157 recipes which will be injected into the game
[30Sep2026 04:08:25.679] [main/INFO] [com.simibubi.create.Create/]: Created 0 tags which will be injected into the game
[30Sep2026 04:08:25.682] [main/INFO] [net.neoforged.neoforge.gametest.GameTestHooks/]: Enabled Gametest Namespaces: [magnetization_sweep, magnetization_attached_ship]
[30Sep2026 04:08:25.761] [main/INFO] [Moonlight/]: Resource cache state for SERVER_DATA: needs regeneration
[30Sep2026 04:08:25.762] [main/INFO] [Moonlight/]: Cleared cache pack resources at /tmp/magnetization-run-sweep-supplementaries-gametest-runtime.X0rgRA/dynamic-data-pack-cache/supplementaries-generated_pack in 329.5 μs
[30Sep2026 04:08:25.763] [main/INFO] [Moonlight/]: Starting runtime resource generation for pack type SERVER_DATA with generators [supplementaries:generated_pack]
[30Sep2026 04:08:25.765] [main/INFO] [Moonlight/]: Regenerating Dynamic SERVER_DATA Resources Provider [supplementaries:generated_pack], requested by strategy CACHED_FOLDER
[30Sep2026 04:08:25.777] [pool-17-thread-1/INFO] [Supplementaries/]: Generated 10 sign post recipes
[30Sep2026 04:08:25.782] [main/INFO] [Moonlight/]: Generated runtime SERVER_DATA for pack supplementaries:generated_pack in 16.85 ms
[30Sep2026 04:08:25.784] [main/INFO] [Moonlight/]: Populated search tree for pack at /tmp/magnetization-run-sweep-supplementaries-gametest-runtime.X0rgRA/dynamic-data-pack-cache/supplementaries-generated_pack in 916.9 μs
[30Sep2026 04:08:25.784] [main/INFO] [Moonlight/]: Finished runtime resources generation for 1 packs in a total of 21.01 ms
[30Sep2026 04:08:26.334] [main/INFO] [net.minecraft.world.item.crafting.RecipeManager/]: Loaded 3517 recipes
[30Sep2026 04:08:26.441] [main/INFO] [net.minecraft.advancements.AdvancementTree/]: Loaded 3221 advancements
[30Sep2026 04:08:26.457] [main/INFO] [Moonlight/]: Applied 17 data villager trades
[30Sep2026 04:08:26.459] [main/INFO] [Moonlight/]: Failed to load custom color set definition {"id":"quark:rune","colors":{"default":"quark:blank_rune"},"replace":false}. Ignoring
[30Sep2026 04:08:26.459] [main/INFO] [Moonlight/]: Failed to load custom color set definition {"id":"quark:shard","colors":{"default":"quark:clear_shard"},"replace":false}. Ignoring
[30Sep2026 04:08:26.463] [main/INFO] [Supplementaries/]: Loaded 29 flute songs
[30Sep2026 04:08:26.473] [main/INFO] [com.stonytark.magnetization.content.gas.GasExcitationProfiles/]: Loaded 0 gas excitation fluid profile bindings
[30Sep2026 04:08:26.483] [main/WARN] [net.minecraft.core.MappedRegistry/]: Not all defined tags for registry ResourceKey[minecraft:root / minecraft:item] are present in data pack: c:ingots/aluminum
[30Sep2026 04:08:27.124] [main/INFO] [Supplementaries/]: Registering custom dispenser behaviors
[30Sep2026 04:08:27.176] [Server thread/INFO] [terrablender/]: Initialized TerraBlender biomes for level stem minecraft:the_nether
[30Sep2026 04:08:27.195] [Server thread/INFO] [dev.ryanhcode.sable.Sable/]: Creating physics pipeline for ResourceKey[minecraft:dimension / minecraft:overworld] using RapierPhysicsPipelineProvider
[30Sep2026 04:08:27.522] [Server thread/INFO] [dev.ryanhcode.sable.Sable/]: Creating physics pipeline for ResourceKey[minecraft:dimension / minecraft:the_end] using RapierPhysicsPipelineProvider
[30Sep2026 04:08:27.547] [Server thread/INFO] [dev.ryanhcode.sable.Sable/]: Creating physics pipeline for ResourceKey[minecraft:dimension / minecraft:the_nether] using RapierPhysicsPipelineProvider
[30Sep2026 04:08:27.556] [Server thread/INFO] [net.minecraft.server.MinecraftServer/]: Preparing start region for dimension minecraft:overworld
[30Sep2026 04:08:27.569] [worldgen/INFO] [net.minecraft.server.level.progress.LoggerChunkProgressListener/]: Preparing spawn area: 2%
[30Sep2026 04:08:27.649] [Server thread/INFO] [net.minecraft.server.level.progress.LoggerChunkProgressListener/]: Time elapsed: 93 ms
[30Sep2026 04:08:27.655] [Server thread/INFO] [net.minecraft.gametest.framework.GameTestServer/]: Started game test server
[30Sep2026 04:08:27.683] [Server thread/INFO] [net.neoforged.neoforge.server.permission.PermissionAPI/]: Successfully initialized permission handler neoforge:default_handler
[30Sep2026 04:08:27.689] [Server thread/INFO] [dev.ryanhcode.sable.Sable/]: Creating physics pipeline for ResourceKey[minecraft:dimension / minecraft:server_faucet_test_level] using RapierPhysicsPipelineProvider
[30Sep2026 04:08:27.721] [Server thread/INFO] [dev.ryanhcode.sable.Sable/]: Creating physics pipeline for ResourceKey[minecraft:dimension / minecraft:server_projectile_test_level] using RapierPhysicsPipelineProvider
[30Sep2026 04:08:27.730] [Server thread/INFO] [magnetization/]: Stripped 1 recipe(s) producing disabled magnetization content.
[30Sep2026 04:08:27.792] [Server thread/INFO] [net.minecraft.gametest.framework.GameTestServer/]: 2 tests are now running at position -8617136, -59, 10230368!
[30Sep2026 04:08:27.888] [Server thread/INFO] [net.minecraft.gametest.framework.GameTestRunner/]: Running test batch 'attachedMovingShip:0' (1 tests)...
[30Sep2026 04:08:27.943] [Server thread/INFO] [net.minecraft.gametest.framework.GameTestServer/]: [  ]
[30Sep2026 04:08:28.077] [Server thread/INFO] [net.minecraft.gametest.framework.GameTestServer/]: [_ ]
[30Sep2026 04:08:28.104] [Server thread/INFO] [net.minecraft.gametest.framework.GameTestServer/]: [_ ]
[30Sep2026 04:08:28.123] [Server thread/INFO] [magnetization/compat-audit/]: ATTACHED_SHIP ids=[supplementaries:iron_gate, supplementaries:gold_door, supplementaries:gold_trapdoor, supplementaries:netherite_door, supplementaries:netherite_trapdoor, supplementaries:pulley_block, supplementaries:faucet, supplementaries:bellows, supplementaries:cog_block, supplementaries:spring_launcher, supplementaries:globe, supplementaries:wind_vane, supplementaries:hourglass, supplementaries:cannon] retained=16 nativeRedstoneOperations=7
[30Sep2026 04:08:28.133] [Server thread/INFO] [net.minecraft.gametest.framework.GameTestRunner/]: Running test batch 'defaultBatch:0' (1 tests)...
[30Sep2026 04:08:28.134] [Server thread/INFO] [net.minecraft.gametest.framework.GameTestServer/]: [+ ]
[30Sep2026 04:08:28.182] [Server thread/INFO] [magnetization/compat-audit/]: SWEEP_AUDIT namespaces=[supplementaries] resolved=15 unresolved=[]
[30Sep2026 04:08:28.187] [Server thread/INFO] [net.minecraft.gametest.framework.GameTestServer/]: [++]
[30Sep2026 04:08:28.187] [Server thread/INFO] [net.minecraft.gametest.framework.GameTestServer/]: [++]
[30Sep2026 04:08:28.187] [Server thread/INFO] [net.minecraft.gametest.framework.GameTestServer/]: ========= 2 GAME TESTS COMPLETE IN 394.5 ms ======================
[30Sep2026 04:08:28.187] [Server thread/INFO] [net.minecraft.gametest.framework.GameTestServer/]: All 2 required tests passed :)
[30Sep2026 04:08:28.187] [Server thread/INFO] [net.minecraft.gametest.framework.GameTestServer/]: ====================================================
[30Sep2026 04:08:28.191] [Server thread/INFO] [net.minecraft.server.MinecraftServer/]: Stopping server
[30Sep2026 04:08:28.191] [Server thread/INFO] [net.minecraft.server.MinecraftServer/]: Saving players
[30Sep2026 04:08:28.191] [Server thread/INFO] [net.minecraft.server.MinecraftServer/]: Saving worlds
[30Sep2026 04:08:28.421] [Server thread/INFO] [net.minecraft.server.MinecraftServer/]: Saving chunks for level 'ServerLevel[Test Level]'/minecraft:overworld
[30Sep2026 04:08:28.422] [Server thread/INFO] [dev.ryanhcode.sable.Sable/]: Saving sub-levels for level 'ServerLevel[Test Level]'/minecraft:overworld
[30Sep2026 04:08:28.428] [Server thread/INFO] [net.minecraft.server.MinecraftServer/]: Saving chunks for level 'ServerLevel[Test Level]'/minecraft:the_end
[30Sep2026 04:08:28.428] [Server thread/INFO] [dev.ryanhcode.sable.Sable/]: Saving sub-levels for level 'ServerLevel[Test Level]'/minecraft:the_end
[30Sep2026 04:08:28.429] [Server thread/INFO] [net.minecraft.server.MinecraftServer/]: Saving chunks for level 'ServerLevel[Test Level]'/minecraft:the_nether
[30Sep2026 04:08:28.429] [Server thread/INFO] [dev.ryanhcode.sable.Sable/]: Saving sub-levels for level 'ServerLevel[Test Level]'/minecraft:the_nether
[30Sep2026 04:08:28.435] [Server thread/INFO] [net.minecraft.server.MinecraftServer/]: ThreadedAnvilChunkStorage (world): All chunks are saved
[30Sep2026 04:08:28.435] [Server thread/INFO] [net.minecraft.server.MinecraftServer/]: ThreadedAnvilChunkStorage (DIM1): All chunks are saved
[30Sep2026 04:08:28.435] [Server thread/INFO] [net.minecraft.server.MinecraftServer/]: ThreadedAnvilChunkStorage (DIM-1): All chunks are saved
[30Sep2026 04:08:28.435] [Server thread/INFO] [net.minecraft.server.MinecraftServer/]: ThreadedAnvilChunkStorage: All dimensions are saved
[30Sep2026 04:08:28.438] [Server thread/INFO] [net.minecraft.gametest.framework.GameTestServer/]: Game test server shutting down
